02-10 13:52:08.628   805  2143 I /vendor/bin/hw/vendor.qti.hardware.servicetracker@1.1-service: unbindService is called for service : com.google.android.googlequicksearchbox/com.google.android.apps.gsa.sidekick.main.remoteservice.NowService and for client com.google.android.googlequicksearchbox:search
02-10 13:52:08.628   805  2143 I /vendor/bin/hw/vendor.qti.hardware.servicetracker@1.1-service: size of service connections for service: com.google.android.googlequicksearchbox/com.google.android.apps.gsa.sidekick.main.remoteservice.NowServiceafter removal is 0
02-10 13:52:08.628   805  2143 I /vendor/bin/hw/vendor.qti.hardware.servicetracker@1.1-service: size of client connections for client: com.google.android.googlequicksearchbox:searchafter removal is 1
02-10 13:52:08.628   805  2143 I /vendor/bin/hw/vendor.qti.hardware.servicetracker@1.1-service: destroyService is called for service : com.google.android.googlequicksearchbox/com.google.android.apps.gsa.sidekick.main.remoteservice.NowService
02-10 13:52:08.632  9116 15199 I PBSessionCacheImpl: Deleted sessionId[40094236048897767] from persistence.
02-10 13:52:08.639   805 30607 I /vendor/bin/hw/vendor.qti.hardware.servicetracker@1.1-service: bindService is called for service : com.google.android.gms/.ads.identifier.service.AdvertisingIdService and for client com.google.android.gms
02-10 13:52:08.639   805 30607 I /vendor/bin/hw/vendor.qti.hardware.servicetracker@1.1-service: total connections for service : com.google.android.gms/.ads.identifier.service.AdvertisingIdServiceare :1
02-10 13:52:08.639   805 30607 I /vendor/bin/hw/vendor.qti.hardware.servicetracker@1.1-service: total connections for client : com.google.android.gmsare :1
02-10 13:52:08.639  1621  5834 D CompatibilityInfo: mCompatibilityFlags - 0
02-10 13:52:08.639  1621  5834 D CompatibilityInfo: applicationDensity - 440
02-10 13:52:08.639  1621  5834 D CompatibilityInfo: applicationScale - 1.0
02-10 13:52:08.641   805 30607 I /vendor/bin/hw/vendor.qti.hardware.servicetracker@1.1-service: startService() is called for servicecom.google.android.gms/.ads.identifier.service.AdvertisingIdService
02-10 13:52:08.643  2123  2123 D SignalClusterView: updateMobileTypeImage  0
02-10 13:52:08.646   805 30607 I /vendor/bin/hw/vendor.qti.hardware.servicetracker@1.1-service: unbindService is called for service : com.google.android.gms/.ads.identifier.service.AdvertisingIdService and for client com.google.android.gms
02-10 13:52:08.646   805 30607 I /vendor/bin/hw/vendor.qti.hardware.servicetracker@1.1-service: size of service connections for service: com.google.android.gms/.ads.identifier.service.AdvertisingIdServiceafter removal is 0
02-10 13:52:08.646   805 30607 I /vendor/bin/hw/vendor.qti.hardware.servicetracker@1.1-service: size of client connections for client: com.google.android.gmsafter removal is 0
02-10 13:52:08.648   805 30607 I /vendor/bin/hw/vendor.qti.hardware.servicetracker@1.1-service: destroyService is called for service : com.google.android.gms/.ads.identifier.service.AdvertisingIdService
02-10 13:52:08.650  9116  9297 W SearchServiceCore: Abort, client detached.
02-10 13:52:08.652  9116  9297 I A       : cleanUpControllerScope(nowcards-15-27217f7b-3e25)
02-10 13:52:08.660   757 16399 D         : 2.[lyd_hbm]updataHBMLightValue: dataLux = 2
02-10 13:52:08.662   805 30607 I /vendor/bin/hw/vendor.qti.hardware.servicetracker@1.1-service: bindService is called for service : com.google.android.gms/.chimera.PersistentInternalBoundBrokerService and for client com.google.android.gms
02-10 13:52:08.662   805 30607 I /vendor/bin/hw/vendor.qti.hardware.servicetracker@1.1-service: total connections for service : com.google.android.gms/.chimera.PersistentInternalBoundBrokerServiceare :1
02-10 13:52:08.662   805 30607 I /vendor/bin/hw/vendor.qti.hardware.servicetracker@1.1-service: total connections for client : com.google.android.gmsare :1
02-10 13:52:08.662  2123  2123 D SignalClusterView: updateMobileTypeImage  0
02-10 13:52:08.663  1621  5834 D CompatibilityInfo: mCompatibilityFlags - 0
02-10 13:52:08.663  1621  5834 D CompatibilityInfo: applicationDensity - 440
02-10 13:52:08.663  1621  5834 D CompatibilityInfo: applicationScale - 1.0
02-10 13:52:08.664   805 30607 I /vendor/bin/hw/vendor.qti.hardware.servicetracker@1.1-service: startService() is called for servicecom.google.android.gms/.chimera.PersistentInternalBoundBrokerService
02-10 13:52:08.664 29550 29550 D BoundBrokerSvc: onBind: Intent { act=com.google.android.gms.scheduler.ACTION_PROXY_SCHEDULE cmp=com.google.android.gms/.chimera.PersistentInternalBoundBrokerService }
02-10 13:52:08.664 29550 29550 D BoundBrokerSvc: Loading bound service for intent: Intent { act=com.google.android.gms.scheduler.ACTION_PROXY_SCHEDULE cmp=com.google.android.gms/.chimera.PersistentInternalBoundBrokerService }
02-10 13:52:08.675  2123  2123 D SignalClusterView: updateMobileTypeImage  0
02-10 13:52:08.741  2123  2123 I chatty  : uid=1000(system) com.android.systemui identical 4 lines
02-10 13:52:08.758  2123  2123 D SignalClusterView: updateMobileTypeImage  0
02-10 13:52:08.770   757 16399 D         : 2.[lyd_hbm]updataHBMLightValue: dataLux = 2
02-10 13:52:08.775  2123  2123 D SignalClusterView: updateMobileTypeImage  0
02-10 13:52:08.792  2123  2123 D SignalClusterView: updateMobileTypeImage  0
02-10 13:52:08.880   757 16399 D         : 2.[lyd_hbm]updataHBMLightValue: dataLux = 2
02-10 13:52:08.885  1621  5834 I SensorService: check list, getPackageName  com.facebook.ads.redexgen.X.8v
02-10 13:52:08.885   786   786 I sensors-hal: batch:229, android.sensor.accelerometer/11, period=200000000, max_latency=0
02-10 13:52:08.885   786   786 I sensors-hal: batch:240, android.sensor.accelerometer/11, period=200000000, max_latency=0 request completed
02-10 13:52:08.885   786   786 I sensors-hal: activate:194, android.sensor.accelerometer/11 en=1
02-10 13:52:08.888   786   786 I sensors-hal: activate:207, android.sensor.accelerometer/11 en=1 completed
02-10 13:52:08.888  1621  5834 I SensorService: check list, getPackageName  com.facebook.ads.redexgen.X.8v
02-10 13:52:08.889   786   786 I sensors-hal: batch:229, android.sensor.gyroscope/41, period=200000000, max_latency=0
02-10 13:52:08.889   786   786 I sensors-hal: batch:240, android.sensor.gyroscope/41, period=200000000, max_latency=0 request completed
02-10 13:52:08.889   786   786 I sensors-hal: activate:194, android.sensor.gyroscope/41 en=1
02-10 13:52:08.891   786   786 E Diag_Lib:  Diag_LSM_Init: Failed to open handle to diag driver, error = 13
02-10 13:52:08.879   786   786 W sensors@2.0-ser: type=1400 audit(0.0:16615): avc: denied { read write } for name="diag" dev="tmpfs" ino=1184 scontext=u:r:hal_sensors_default:s0 tcontext=u:object_r:diag_device:s0 tclass=chr_file permissive=0
02-10 13:52:08.894   786   786 I sensors-hal: activate:207, android.sensor.gyroscope/41 en=1 completed
02-10 13:52:08.901   786   786 I sensors-hal: activate:194, android.sensor.accelerometer/11 en=0
02-10 13:52:08.901   786   786 I sensors-hal: activate:207, android.sensor.accelerometer/11 en=0 completed
02-10 13:52:08.916 18016 18095 I DpmTcmClient: RegisterTcmMonitor from: $Proxy0
02-10 13:52:08.922  1621  2030 I MiuiNetworkPolicy: updateUidState uid = 10210, uidState = 16
02-10 13:52:08.923   642 18097 E ResolverController: No valid NAT64 prefix (112, <unspecified>/0)
02-10 13:52:08.985   757 16399 D         : 2.[lyd_hbm]updataHBMLightValue: dataLux = 2
02-10 13:52:09.025 17530 17552 I AudioManager: In isBluetoothScoOn(), calling application: com.huaqin.sarcontroller
02-10 13:52:09.026  1621  3838 I AS.AudioDeviceBroker: In isBluetoothScoOnForApp(), mForcedUseForCommExt: 0
02-10 13:52:09.026 17530 17552 I AudioManager: In isSpeakerphoneOn(), calling application: com.huaqin.sarcontroller
02-10 13:52:09.026  1621  3838 I AS.AudioDeviceBroker: In isSpeakerphoneOn(), mForcedUseForCommExt: 0
02-10 13:52:09.096   757 16399 D         : 2.[lyd_hbm]updataHBMLightValue: dataLux = 2
02-10 13:52:09.097   786   786 I sensors-hal: activate:194, android.sensor.gyroscope/41 en=0
02-10 13:52:09.097   786   786 E Diag_Lib: diag: Diag_LSM_DeInit done for pid: 786
02-10 13:52:09.097   786   786 I sensors-hal: activate:207, android.sensor.gyroscope/41 en=0 completed
02-10 13:52:09.208   757 16399 D         : 2.[lyd_hbm]updataHBMLightValue: dataLux = 2
02-10 13:52:09.287   757  2090 D         : readbrightness,out:4095.
02-10 13:52:09.313 18016 18072 D b       : Got cached OkHttp response for https://exp.host/@exponent/home/bundle?versionName=2.23.2
02-10 13:52:09.313 18016 18072 D b       : Have cached source file for https://exp.host/@exponent/home/bundle?versionName=2.23.2
02-10 13:52:09.317 18016 18016 D SoLoader: init exiting
02-10 13:52:09.317 18016 18016 D SoLoader: About to load: libjscexecutor.so
02-10 13:52:09.317 18016 18016 D SoLoader: libjscexecutor.so not found on /data/data/host.exp.exponent/lib-main
02-10 13:52:09.317 18016 18016 D SoLoader: libjscexecutor.so found on /data/data/host.exp.exponent/lib-0
02-10 13:52:09.318 18016 18016 D SoLoader: Loading lib dependencies: [libfb.so, libfbjni.so, libreactnativejni.so, libjsc.so, libjsinspector.so, libfolly_json.so, libglog.so, libc++_shared.so, liblog.so, libc.so, libm.so, libdl.so]
02-10 13:52:09.318 18016 18016 D SoLoader: About to load: libfb.so
02-10 13:52:09.318 18016 18016 D SoLoader: libfb.so not found on /data/data/host.exp.exponent/lib-main
02-10 13:52:09.318 18016 18016 D SoLoader: libfb.so found on /data/data/host.exp.exponent/lib-0
02-10 13:52:09.318   757 16399 D         : 2.[lyd_hbm]updataHBMLightValue: dataLux = 2
02-10 13:52:09.318 18016 18016 D SoLoader: Loading lib dependencies: [libc++_shared.so, liblog.so, libdl.so, libandroid.so, libc.so, libm.so]
02-10 13:52:09.319 18016 18016 D SoLoader: About to load: libc++_shared.so
02-10 13:52:09.319 18016 18016 D SoLoader: libc++_shared.so not found on /data/data/host.exp.exponent/lib-main
02-10 13:52:09.319 18016 18016 D SoLoader: libc++_shared.so found on /data/data/host.exp.exponent/lib-0
02-10 13:52:09.319 18016 18016 D SoLoader: Loading lib dependencies: [libc.so, libdl.so]
02-10 13:52:09.319 18016 18016 D SoLoader: About to load: libc.so
02-10 13:52:09.319 18016 18016 D SoLoader: libc.so not found on /data/data/host.exp.exponent/lib-main
02-10 13:52:09.319 18016 18016 D SoLoader: libc.so not found on /data/data/host.exp.exponent/lib-0
02-10 13:52:09.319 18016 18016 D SoLoader: libc.so not found on /data/data/host.exp.exponent/lib-1
02-10 13:52:09.320 18016 18016 D SoLoader: libc.so not found on /data/data/host.exp.exponent/lib-2
02-10 13:52:09.320 18016 18016 D SoLoader: libc.so not found on /data/data/host.exp.exponent/lib-3
02-10 13:52:09.320 18016 18016 D SoLoader: libc.so not found on /data/app/host.exp.exponent-lO6llDsyto9YmNj5TKQ4qA==/lib/arm64
02-10 13:52:09.320 18016 18016 D SoLoader: libc.so not found on /vendor/lib64
02-10 13:52:09.320 18016 18016 D SoLoader: libc.so found on /system/lib64
02-10 13:52:09.320 18016 18016 D SoLoader: libc.so loaded implicitly
02-10 13:52:09.320 18016 18016 D SoLoader: Loaded: libc.so
02-10 13:52:09.320 18016 18016 D SoLoader: About to load: libdl.so
02-10 13:52:09.320 18016 18016 D SoLoader: libdl.so not found on /data/data/host.exp.exponent/lib-main
02-10 13:52:09.320 18016 18016 D SoLoader: libdl.so not found on /data/data/host.exp.exponent/lib-0
02-10 13:52:09.320 18016 18016 D SoLoader: libdl.so not found on /data/data/host.exp.exponent/lib-1
02-10 13:52:09.321 18016 18016 D SoLoader: libdl.so not found on /data/data/host.exp.exponent/lib-2
02-10 13:52:09.321 18016 18016 D SoLoader: libdl.so not found on /data/data/host.exp.exponent/lib-3
02-10 13:52:09.321 18016 18016 D SoLoader: libdl.so not found on /data/app/host.exp.exponent-lO6llDsyto9YmNj5TKQ4qA==/lib/arm64
02-10 13:52:09.321 18016 18016 D SoLoader: libdl.so not found on /vendor/lib64
02-10 13:52:09.321 18016 18016 D SoLoader: libdl.so found on /system/lib64
02-10 13:52:09.321 18016 18016 D SoLoader: libdl.so loaded implicitly
02-10 13:52:09.321 18016 18016 D SoLoader: Loaded: libdl.so
02-10 13:52:09.309 18016 18016 W st.exp.exponent: type=1400 audit(0.0:16616): avc: granted { execute } for path="/data/data/host.exp.exponent/lib-0/libc++_shared.so" dev="sda11" ino=39737 scontext=u:r:untrusted_app:s0:c243,c256,c512,c768 tcontext=u:object_r:app_data_file:s0:c243,c256,c512,c768 tclass=file
02-10 13:52:09.323 18016 18016 D SoLoader: Loaded: libc++_shared.so
02-10 13:52:09.323 18016 18016 D SoLoader: About to load: liblog.so
02-10 13:52:09.323 18016 18016 D SoLoader: liblog.so not found on /data/data/host.exp.exponent/lib-main
02-10 13:52:09.323 18016 18016 D SoLoader: liblog.so not found on /data/data/host.exp.exponent/lib-0
02-10 13:52:09.323 18016 18016 D SoLoader: liblog.so not found on /data/data/host.exp.exponent/lib-1
02-10 13:52:09.323 18016 18016 D SoLoader: liblog.so not found on /data/data/host.exp.exponent/lib-2
02-10 13:52:09.323 18016 18016 D SoLoader: liblog.so not found on /data/data/host.exp.exponent/lib-3
02-10 13:52:09.323 18016 18016 D SoLoader: liblog.so not found on /data/app/host.exp.exponent-lO6llDsyto9YmNj5TKQ4qA==/lib/arm64
02-10 13:52:09.323 18016 18016 D SoLoader: liblog.so not found on /vendor/lib64
02-10 13:52:09.324 18016 18016 D SoLoader: liblog.so found on /system/lib64
02-10 13:52:09.324 18016 18016 D SoLoader: liblog.so loaded implicitly
02-10 13:52:09.324 18016 18016 D SoLoader: Loaded: liblog.so
02-10 13:52:09.324 18016 18016 D SoLoader: About to load: libandroid.so
02-10 13:52:09.324 18016 18016 D SoLoader: libandroid.so not found on /data/data/host.exp.exponent/lib-main
02-10 13:52:09.324 18016 18016 D SoLoader: libandroid.so not found on /data/data/host.exp.exponent/lib-0
02-10 13:52:09.324 18016 18016 D SoLoader: libandroid.so not found on /data/data/host.exp.exponent/lib-1
02-10 13:52:09.324 18016 18016 D SoLoader: libandroid.so not found on /data/data/host.exp.exponent/lib-2
02-10 13:52:09.324 18016 18016 D SoLoader: libandroid.so not found on /data/data/host.exp.exponent/lib-3
02-10 13:52:09.324 18016 18016 D SoLoader: libandroid.so not found on /data/app/host.exp.exponent-lO6llDsyto9YmNj5TKQ4qA==/lib/arm64
02-10 13:52:09.324 18016 18016 D SoLoader: libandroid.so not found on /vendor/lib64
02-10 13:52:09.324 18016 18016 D SoLoader: libandroid.so found on /system/lib64
02-10 13:52:09.324 18016 18016 D SoLoader: libandroid.so loaded implicitly
02-10 13:52:09.324 18016 18016 D SoLoader: Loaded: libandroid.so
02-10 13:52:09.324 18016 18016 D SoLoader: About to load: libm.so
02-10 13:52:09.324 18016 18016 D SoLoader: libm.so not found on /data/data/host.exp.exponent/lib-main
02-10 13:52:09.325 18016 18016 D SoLoader: libm.so not found on /data/data/host.exp.exponent/lib-0
02-10 13:52:09.325 18016 18016 D SoLoader: libm.so not found on /data/data/host.exp.exponent/lib-1
02-10 13:52:09.325 18016 18016 D SoLoader: libm.so not found on /data/data/host.exp.exponent/lib-2
02-10 13:52:09.325 18016 18016 D SoLoader: libm.so not found on /data/data/host.exp.exponent/lib-3
02-10 13:52:09.325 18016 18016 D SoLoader: libm.so not found on /data/app/host.exp.exponent-lO6llDsyto9YmNj5TKQ4qA==/lib/arm64
02-10 13:52:09.325 18016 18016 D SoLoader: libm.so not found on /vendor/lib64
02-10 13:52:09.325 18016 18016 D SoLoader: libm.so found on /system/lib64
02-10 13:52:09.325 18016 18016 D SoLoader: libm.so loaded implicitly
02-10 13:52:09.325 18016 18016 D SoLoader: Loaded: libm.so
02-10 13:52:09.326 18016 18016 D SoLoader: Loaded: libfb.so
02-10 13:52:09.326 18016 18016 D SoLoader: About to load: libfbjni.so
02-10 13:52:09.326 18016 18016 D SoLoader: libfbjni.so not found on /data/data/host.exp.exponent/lib-main
02-10 13:52:09.326 18016 18016 D SoLoader: libfbjni.so found on /data/data/host.exp.exponent/lib-0
02-10 13:52:09.327 18016 18016 D SoLoader: Loading lib dependencies: [libandroid.so, liblog.so, libm.so, libdl.so, libc.so]
02-10 13:52:09.328 18016 18016 D SoLoader: Loaded: libfbjni.so
02-10 13:52:09.328 18016 18016 D SoLoader: About to load: libreactnativejni.so
02-10 13:52:09.329 18016 18016 D SoLoader: libreactnativejni.so not found on /data/data/host.exp.exponent/lib-main
02-10 13:52:09.329 18016 18016 D SoLoader: libreactnativejni.so found on /data/data/host.exp.exponent/lib-0
02-10 13:52:09.330 18016 18016 D SoLoader: Loading lib dependencies: [libreactnativeutilsjni.so, libglog_init.so, libyoga.so, libjsinspector.so, libreactperfloggerjni.so, libfb.so, libfbjni.so, libfolly_json.so, libglog.so, libc++_shared.so, libandroid.so, liblog.so, libc.so, libm.so, libdl.so]
02-10 13:52:09.330 18016 18016 D SoLoader: About to load: libreactnativeutilsjni.so
02-10 13:52:09.330 18016 18016 D SoLoader: libreactnativeutilsjni.so not found on /data/data/host.exp.exponent/lib-main
02-10 13:52:09.330 18016 18016 D SoLoader: libreactnativeutilsjni.so found on /data/data/host.exp.exponent/lib-0
02-10 13:52:09.331 18016 18016 D SoLoader: Loading lib dependencies: [libglog_init.so, libyoga.so, libjsinspector.so, libreactperfloggerjni.so, libfb.so, libfbjni.so, libfolly_json.so, libglog.so, libc++_shared.so, libandroid.so, liblog.so, libc.so, libm.so, libdl.so]
02-10 13:52:09.331 18016 18016 D SoLoader: About to load: libglog_init.so
02-10 13:52:09.331 18016 18016 D SoLoader: libglog_init.so not found on /data/data/host.exp.exponent/lib-main
02-10 13:52:09.331 18016 18016 D SoLoader: libglog_init.so found on /data/data/host.exp.exponent/lib-0
02-10 13:52:09.331 18016 18016 D SoLoader: Loading lib dependencies: [libglog.so, libc++_shared.so, liblog.so, libc.so, libm.so, libdl.so]
02-10 13:52:09.331 18016 18016 D SoLoader: About to load: libglog.so
02-10 13:52:09.331 18016 18016 D SoLoader: libglog.so not found on /data/data/host.exp.exponent/lib-main
02-10 13:52:09.331 18016 18016 D SoLoader: libglog.so found on /data/data/host.exp.exponent/lib-0
02-10 13:52:09.332 18016 18016 D SoLoader: Loading lib dependencies: [libc++_shared.so, libc.so, libm.so, libdl.so]
02-10 13:52:09.332 18016 18016 D SoLoader: Loaded: libglog.so
02-10 13:52:09.333 18016 18016 D SoLoader: Loaded: libglog_init.so
02-10 13:52:09.333 18016 18016 D SoLoader: About to load: libyoga.so
02-10 13:52:09.333 18016 18016 D SoLoader: libyoga.so not found on /data/data/host.exp.exponent/lib-main
02-10 13:52:09.333 18016 18016 D SoLoader: libyoga.so found on /data/data/host.exp.exponent/lib-0
02-10 13:52:09.334 18016 18016 D SoLoader: Loading lib dependencies: [libfb.so, libfbjni.so, libc++_shared.so, libandroid.so, liblog.so, libc.so, libm.so, libdl.so]
02-10 13:52:09.335 18016 18016 D SoLoader: Loaded: libyoga.so
02-10 13:52:09.335 18016 18016 D SoLoader: About to load: libjsinspector.so
02-10 13:52:09.335 18016 18016 D SoLoader: libjsinspector.so not found on /data/data/host.exp.exponent/lib-main
02-10 13:52:09.335 18016 18016 D SoLoader: libjsinspector.so found on /data/data/host.exp.exponent/lib-0
02-10 13:52:09.335 18016 18016 D SoLoader: Loading lib dependencies: [libc++_shared.so, libc.so, libm.so, libdl.so]
02-10 13:52:09.336 18016 18016 D SoLoader: Loaded: libjsinspector.so
02-10 13:52:09.336 18016 18016 D SoLoader: About to load: libreactperfloggerjni.so
02-10 13:52:09.336 18016 18016 D SoLoader: libreactperfloggerjni.so not found on /data/data/host.exp.exponent/lib-main
02-10 13:52:09.336 18016 18016 D SoLoader: libreactperfloggerjni.so found on /data/data/host.exp.exponent/lib-0
02-10 13:52:09.336 18016 18016 D SoLoader: Loading lib dependencies: [libfb.so, libfbjni.so, libc++_shared.so, libandroid.so, liblog.so, libc.so, libm.so, libdl.so]
02-10 13:52:09.337 18016 18016 D SoLoader: Loaded: libreactperfloggerjni.so
02-10 13:52:09.337 18016 18016 D SoLoader: About to load: libfolly_json.so
02-10 13:52:09.337 18016 18016 D SoLoader: libfolly_json.so not found on /data/data/host.exp.exponent/lib-main
02-10 13:52:09.337 18016 18016 D SoLoader: libfolly_json.so found on /data/data/host.exp.exponent/lib-0
02-10 13:52:09.338 18016 18016 D SoLoader: Loading lib dependencies: [libglog.so, libc++_shared.so, libc.so, libm.so, libdl.so]
02-10 13:52:09.339 18016 18016 D SoLoader: Loaded: libfolly_json.so
02-10 13:52:09.341 18016 18016 D SoLoader: Loaded: libreactnativeutilsjni.so
02-10 13:52:09.343 18016 18016 D SoLoader: Loaded: libreactnativejni.so
02-10 13:52:09.343 18016 18016 D SoLoader: About to load: libjsc.so
02-10 13:52:09.343 18016 18016 D SoLoader: libjsc.so not found on /data/data/host.exp.exponent/lib-main
02-10 13:52:09.343 18016 18016 D SoLoader: libjsc.so found on /data/data/host.exp.exponent/lib-0
02-10 13:52:09.344 18016 18016 D SoLoader: Loading lib dependencies: [libm.so, libc++_shared.so, liblog.so, libdl.so, libc.so]
02-10 13:52:09.346 18016 18016 D JavaScriptCore.Version: 245459.0.0
02-10 13:52:09.346 18016 18016 D SoLoader: Loaded: libjsc.so
02-10 13:52:09.348 18016 18016 D SoLoader: Loaded: libjscexecutor.so
02-10 13:52:09.348 18016 18016 D SoLoader: init exiting
02-10 13:52:09.353  1621  3838 I SensorService: check list, getPackageName  com.facebook.react.common.ShakeDetector
02-10 13:52:09.353   786   786 I sensors-hal: batch:229, android.sensor.accelerometer/11, period=66667000, max_latency=0
02-10 13:52:09.353   786   786 I sensors-hal: batch:240, android.sensor.accelerometer/11, period=66667000, max_latency=0 request completed
02-10 13:52:09.353   786   786 I sensors-hal: activate:194, android.sensor.accelerometer/11 en=1
02-10 13:52:09.355   786   786 I sensors-hal: activate:207, android.sensor.accelerometer/11 en=1 completed
02-10 13:52:09.366 18016 18016 D k       : Kernel started running.
02-10 13:52:09.429   757 16399 D         : 2.[lyd_hbm]updataHBMLightValue: dataLux = 2
02-10 13:52:09.446 18016 18107 W unknown:ViewManagerPropertyUpdater: Could not find generated setter for class com.facebook.react.views.picker.ReactDialogPickerManager
02-10 13:52:09.448 18016 18107 W unknown:ViewManagerPropertyUpdater: Could not find generated setter for class com.facebook.react.uimanager.LayoutShadowNode
02-10 13:52:09.449 18016 18107 W unknown:ViewManagerPropertyUpdater: Could not find generated setter for class com.facebook.react.views.drawer.ReactDrawerLayoutManager
02-10 13:52:09.449 18016 18107 W unknown:ViewManagerPropertyUpdater: Could not find generated setter for class com.facebook.react.views.picker.ReactDropdownPickerManager
02-10 13:52:09.450 18016 18107 W unknown:ViewManagerPropertyUpdater: Could not find generated setter for class com.facebook.react.views.scroll.ReactHorizontalScrollViewManager
02-10 13:52:09.451 18016 18107 W unknown:ViewManagerPropertyUpdater: Could not find generated setter for class com.facebook.react.views.scroll.ReactHorizontalScrollContainerViewManager
02-10 13:52:09.451 18016 18107 W unknown:ViewManagerPropertyUpdater: Could not find generated setter for class com.facebook.react.views.progressbar.ReactProgressBarViewManager
02-10 13:52:09.451 18016 18107 W unknown:ViewManagerPropertyUpdater: Could not find generated setter for class com.facebook.react.views.progressbar.ProgressBarShadowNode
02-10 13:52:09.452 18016 18107 W unknown:ViewManagerPropertyUpdater: Could not find generated setter for class com.facebook.react.views.scroll.ReactScrollViewManager
02-10 13:52:09.452 18016 18107 W unknown:ViewManagerPropertyUpdater: Could not find generated setter for class com.facebook.react.views.slider.ReactSliderManager
02-10 13:52:09.453 18016 18107 W unknown:ViewManagerPropertyUpdater: Could not find generated setter for class com.facebook.react.views.slider.ReactSliderManager$ReactSliderShadowNode
02-10 13:52:09.453 18016 18107 W unknown:ViewManagerPropertyUpdater: Could not find generated setter for class com.facebook.react.views.switchview.ReactSwitchManager
02-10 13:52:09.453 18016 18107 W unknown:ViewManagerPropertyUpdater: Could not find generated setter for class com.facebook.react.views.switchview.ReactSwitchManager$ReactSwitchShadowNode
02-10 13:52:09.454 18016 18107 W unknown:ViewManagerPropertyUpdater: Could not find generated setter for class com.facebook.react.views.swiperefresh.SwipeRefreshLayoutManager
02-10 13:52:09.454 18016 18107 W unknown:ViewManagerPropertyUpdater: Could not find generated setter for class com.facebook.react.views.text.frescosupport.FrescoBasedReactTextInlineImageViewManager
02-10 13:52:09.454 18016 18107 W unknown:ViewManagerPropertyUpdater: Could not find generated setter for class com.facebook.react.views.text.frescosupport.FrescoBasedReactTextInlineImageShadowNode
02-10 13:52:09.455 18016 18107 W unknown:ViewManagerPropertyUpdater: Could not find generated setter for class com.facebook.react.views.image.ReactImageManager
02-10 13:52:09.455 18016 18107 W unknown:ViewManagerPropertyUpdater: Could not find generated setter for class com.facebook.react.views.modal.ReactModalHostManager
02-10 13:52:09.456 18016 18107 W unknown:ViewManagerPropertyUpdater: Could not find generated setter for class com.facebook.react.views.modal.ModalHostShadowNode
02-10 13:52:09.456 18016 18107 W unknown:ViewManagerPropertyUpdater: Could not find generated setter for class com.facebook.react.views.text.ReactRawTextManager
02-10 13:52:09.456 18016 18107 W unknown:ViewManagerPropertyUpdater: Could not find generated setter for class com.facebook.react.views.text.ReactRawTextShadowNode
02-10 13:52:09.456 18016 18107 W unknown:ViewManagerPropertyUpdater: Could not find generated setter for class com.facebook.react.views.textinput.ReactTextInputManager
02-10 13:52:09.458 18016 18107 W unknown:ViewManagerPropertyUpdater: Could not find generated setter for class com.facebook.react.views.textinput.ReactTextInputShadowNode
02-10 13:52:09.459 18016 18107 W unknown:ViewManagerPropertyUpdater: Could not find generated setter for class com.facebook.react.views.text.ReactTextViewManager
02-10 13:52:09.459 18016 18107 W unknown:ViewManagerPropertyUpdater: Could not find generated setter for class com.facebook.react.views.text.ReactTextShadowNode
02-10 13:52:09.460 18016 18107 W unknown:ViewManagerPropertyUpdater: Could not find generated setter for class com.facebook.react.views.view.ReactViewManager
02-10 13:52:09.461 18016 18107 W unknown:ViewManagerPropertyUpdater: Could not find generated setter for class com.facebook.react.views.text.ReactVirtualTextViewManager
02-10 13:52:09.462 18016 18107 W unknown:ViewManagerPropertyUpdater: Could not find generated setter for class com.facebook.react.views.text.ReactVirtualTextShadowNode
02-10 13:52:09.462 18016 18107 W unknown:ViewManagerPropertyUpdater: Could not find generated setter for class com.facebook.react.views.unimplementedview.ReactUnimplementedViewManager
02-10 13:52:09.462 18016 18107 W unknown:ViewManagerPropertyUpdater: Could not find generated setter for class versioned.host.exp.exponent.modules.api.components.svg.RenderableViewManager$GroupViewManager
02-10 13:52:09.464 18016 18107 W unknown:ViewManagerPropertyUpdater: Could not find generated setter for class versioned.host.exp.exponent.modules.api.components.svg.RenderableViewManager$RenderableShadowNode
02-10 13:52:09.465 18016 18107 W unknown:ViewManagerPropertyUpdater: Could not find generated setter for class versioned.host.exp.exponent.modules.api.components.svg.RenderableViewManager$PathViewManager
02-10 13:52:09.465 18016 18107 W unknown:ViewManagerPropertyUpdater: Could not find generated setter for class versioned.host.exp.exponent.modules.api.components.svg.RenderableViewManager$CircleViewManager
02-10 13:52:09.466 18016 18107 W unknown:ViewManagerPropertyUpdater: Could not find generated setter for class versioned.host.exp.exponent.modules.api.components.svg.RenderableViewManager$EllipseViewManager
02-10 13:52:09.466 18016 18107 W unknown:ViewManagerPropertyUpdater: Could not find generated setter for class versioned.host.exp.exponent.modules.api.components.svg.RenderableViewManager$LineViewManager
02-10 13:52:09.466 18016 18107 W unknown:ViewManagerPropertyUpdater: Could not find generated setter for class versioned.host.exp.exponent.modules.api.components.svg.RenderableViewManager$RectViewManager
02-10 13:52:09.467 18016 18107 W unknown:ViewManagerPropertyUpdater: Could not find generated setter for class versioned.host.exp.exponent.modules.api.components.svg.RenderableViewManager$TextViewManager
02-10 13:52:09.467 18016 18107 W unknown:ViewManagerPropertyUpdater: Could not find generated setter for class versioned.host.exp.exponent.modules.api.components.svg.RenderableViewManager$TSpanViewManager
02-10 13:52:09.468 18016 18107 W unknown:ViewManagerPropertyUpdater: Could not find generated setter for class versioned.host.exp.exponent.modules.api.components.svg.RenderableViewManager$TextPathViewManager
02-10 13:52:09.468 18016 18107 W unknown:ViewManagerPropertyUpdater: Could not find generated setter for class versioned.host.exp.exponent.modules.api.components.svg.RenderableViewManager$ImageViewManager
02-10 13:52:09.468 18016 18107 W unknown:ViewManagerPropertyUpdater: Could not find generated setter for class versioned.host.exp.exponent.modules.api.components.svg.RenderableViewManager$ClipPathViewManager
02-10 13:52:09.468 18016 18107 W unknown:ViewManagerPropertyUpdater: Could not find generated setter for class versioned.host.exp.exponent.modules.api.components.svg.RenderableViewManager$DefsViewManager
02-10 13:52:09.469 18016 18107 W unknown:ViewManagerPropertyUpdater: Could not find generated setter for class versioned.host.exp.exponent.modules.api.components.svg.RenderableViewManager$UseViewManager
02-10 13:52:09.469 18016 18107 W unknown:ViewManagerPropertyUpdater: Could not find generated setter for class versioned.host.exp.exponent.modules.api.components.svg.RenderableViewManager$SymbolManager
02-10 13:52:09.469 18016 18107 W unknown:ViewManagerPropertyUpdater: Could not find generated setter for class versioned.host.exp.exponent.modules.api.components.svg.RenderableViewManager$LinearGradientManager
02-10 13:52:09.470 18016 18107 W unknown:ViewManagerPropertyUpdater: Could not find generated setter for class versioned.host.exp.exponent.modules.api.components.svg.RenderableViewManager$RadialGradientManager
02-10 13:52:09.470 18016 18107 W unknown:ViewManagerPropertyUpdater: Could not find generated setter for class versioned.host.exp.exponent.modules.api.components.svg.RenderableViewManager$PatternManager
02-10 13:52:09.470 18016 18107 W unknown:ViewManagerPropertyUpdater: Could not find generated setter for class versioned.host.exp.exponent.modules.api.components.svg.RenderableViewManager$MaskManager
02-10 13:52:09.471 18016 18107 W unknown:ViewManagerPropertyUpdater: Could not find generated setter for class versioned.host.exp.exponent.modules.api.components.svg.RenderableViewManager$ForeignObjectManager
02-10 13:52:09.471 18016 18107 W unknown:ViewManagerPropertyUpdater: Could not find generated setter for class versioned.host.exp.exponent.modules.api.components.svg.RenderableViewManager$MarkerManager
02-10 13:52:09.472 18016 18107 W unknown:ViewManagerPropertyUpdater: Could not find generated setter for class versioned.host.exp.exponent.modules.api.components.svg.SvgViewManager
02-10 13:52:09.472 18016 18107 W unknown:ViewManagerPropertyUpdater: Could not find generated setter for class versioned.host.exp.exponent.modules.api.components.maps.AirMapCalloutManager
02-10 13:52:09.472 18016 18107 W unknown:ViewManagerPropertyUpdater: Could not find generated setter for class versioned.host.exp.exponent.modules.api.components.maps.AirMapMarkerManager
02-10 13:52:09.473 18016 18107 W unknown:ViewManagerPropertyUpdater: Could not find generated setter for class versioned.host.exp.exponent.modules.api.components.maps.AirMapPolylineManager
02-10 13:52:09.473 18016 18107 W unknown:ViewManagerPropertyUpdater: Could not find generated setter for class versioned.host.exp.exponent.modules.api.components.maps.AirMapGradientPolylineManager
02-10 13:52:09.474 18016 18107 W unknown:ViewManagerPropertyUpdater: Could not find generated setter for class versioned.host.exp.exponent.modules.api.components.maps.AirMapPolygonManager
02-10 13:52:09.474 18016 18107 W unknown:ViewManagerPropertyUpdater: Could not find generated setter for class versioned.host.exp.exponent.modules.api.components.maps.AirMapCircleManager
02-10 13:52:09.474 18016 18107 W unknown:ViewManagerPropertyUpdater: Could not find generated setter for class versioned.host.exp.exponent.modules.api.components.maps.AirMapManager
02-10 13:52:09.475 18016 18107 W unknown:ViewManagerPropertyUpdater: Could not find generated setter for class versioned.host.exp.exponent.modules.api.components.maps.AirMapLiteManager
02-10 13:52:09.476 18016 18107 W unknown:ViewManagerPropertyUpdater: Could not find generated setter for class versioned.host.exp.exponent.modules.api.components.maps.AirMapUrlTileManager
02-10 13:52:09.476 18016 18107 W unknown:ViewManagerPropertyUpdater: Could not find generated setter for class versioned.host.exp.exponent.modules.api.components.maps.AirMapWMSTileManager
02-10 13:52:09.476 18016 18107 W unknown:ViewManagerPropertyUpdater: Could not find generated setter for class versioned.host.exp.exponent.modules.api.components.maps.AirMapLocalTileManager
02-10 13:52:09.477 18016 18107 W unknown:ViewManagerPropertyUpdater: Could not find generated setter for class versioned.host.exp.exponent.modules.api.components.maps.AirMapOverlayManager
02-10 13:52:09.477 18016 18107 W unknown:ViewManagerPropertyUpdater: Could not find generated setter for class versioned.host.exp.exponent.modules.api.components.maps.AirMapHeatmapManager
02-10 13:52:09.477 18016 18107 W unknown:ViewManagerPropertyUpdater: Could not find generated setter for class versioned.host.exp.exponent.modules.api.components.lottie.LottieAnimationViewManager
02-10 13:52:09.478 18016 18107 W unknown:ViewManagerPropertyUpdater: Could not find generated setter for class versioned.host.exp.exponent.modules.api.components.gesturehandler.react.RNGestureHandlerRootViewManager
02-10 13:52:09.478 18016 18107 W unknown:ViewManagerPropertyUpdater: Could not find generated setter for class versioned.host.exp.exponent.modules.api.components.gesturehandler.react.RNGestureHandlerButtonViewManager
02-10 13:52:09.478 18016 18107 W unknown:ViewManagerPropertyUpdater: Could not find generated setter for class versioned.host.exp.exponent.modules.api.screens.ScreenContainerViewManager
02-10 13:52:09.479 18016 18107 W unknown:ViewManagerPropertyUpdater: Could not find generated setter for class versioned.host.exp.exponent.modules.api.screens.ScreenViewManager
02-10 13:52:09.479 18016 18107 W unknown:ViewManagerPropertyUpdater: Could not find generated setter for class versioned.host.exp.exponent.modules.api.screens.ScreenStackViewManager
02-10 13:52:09.479 18016 18107 W unknown:ViewManagerPropertyUpdater: Could not find generated setter for class versioned.host.exp.exponent.modules.api.screens.ScreenStackHeaderConfigViewManager
02-10 13:52:09.480 18016 18107 W unknown:ViewManagerPropertyUpdater: Could not find generated setter for class versioned.host.exp.exponent.modules.api.screens.ScreenStackHeaderSubviewManager
02-10 13:52:09.480 18016 18107 W unknown:ViewManagerPropertyUpdater: Could not find generated setter for class versioned.host.exp.exponent.modules.api.screens.SearchBarManager
02-10 13:52:09.480 18016 18107 W unknown:ViewManagerPropertyUpdater: Could not find generated setter for class versioned.host.exp.exponent.modules.api.components.webview.RNCWebViewManager
02-10 13:52:09.482 18016 18107 W unknown:ViewManagerPropertyUpdater: Could not find generated setter for class versioned.host.exp.exponent.modules.api.safeareacontext.SafeAreaProviderManager
02-10 13:52:09.482 18016 18107 W unknown:ViewManagerPropertyUpdater: Could not find generated setter for class versioned.host.exp.exponent.modules.api.safeareacontext.SafeAreaViewManager
02-10 13:52:09.482 18016 18107 W unknown:ViewManagerPropertyUpdater: Could not find generated setter for class versioned.host.exp.exponent.modules.api.safeareacontext.SafeAreaViewShadowNode
02-10 13:52:09.483 18016 18107 W unknown:ViewManagerPropertyUpdater: Could not find generated setter for class versioned.host.exp.exponent.modules.api.components.sharedelement.RNSharedElementTransitionManager
02-10 13:52:09.483 18016 18107 W unknown:ViewManagerPropertyUpdater: Could not find generated setter for class versioned.host.exp.exponent.modules.api.components.maskedview.RNCMaskedViewManager
02-10 13:52:09.483 18016 18107 W unknown:ViewManagerPropertyUpdater: Could not find generated setter for class versioned.host.exp.exponent.modules.api.components.picker.ReactDialogPickerManager
02-10 13:52:09.484 18016 18107 W unknown:ViewManagerPropertyUpdater: Could not find generated setter for class versioned.host.exp.exponent.modules.api.components.picker.ReactPickerShadowNode
02-10 13:52:09.484 18016 18107 W unknown:ViewManagerPropertyUpdater: Could not find generated setter for class versioned.host.exp.exponent.modules.api.components.picker.ReactDropdownPickerManager
02-10 13:52:09.484 18016 18107 W unknown:ViewManagerPropertyUpdater: Could not find generated setter for class versioned.host.exp.exponent.modules.api.components.slider.ReactSliderManager
02-10 13:52:09.485 18016 18107 W unknown:ViewManagerPropertyUpdater: Could not find generated setter for class versioned.host.exp.exponent.modules.api.components.slider.ReactSliderManager$ReactSliderShadowNode
02-10 13:52:09.485 18016 18107 W unknown:ViewManagerPropertyUpdater: Could not find generated setter for class versioned.host.exp.exponent.modules.api.components.pagerview.PagerViewViewManager
02-10 13:52:09.485 18016 18107 W unknown:ViewManagerPropertyUpdater: Could not find generated setter for class versioned.host.exp.exponent.modules.api.components.reactnativestripesdk.StripeSdkCardViewManager
02-10 13:52:09.486 18016 18107 W unknown:ViewManagerPropertyUpdater: Could not find generated setter for class versioned.host.exp.exponent.modules.api.components.reactnativestripesdk.AuBECSDebitFormViewManager
02-10 13:52:09.486 18016 18107 W unknown:ViewManagerPropertyUpdater: Could not find generated setter for class versioned.host.exp.exponent.modules.api.components.reactnativestripesdk.StripeContainerManager
02-10 13:52:09.486 18016 18107 W unknown:ViewManagerPropertyUpdater: Could not find generated setter for class versioned.host.exp.exponent.modules.api.components.reactnativestripesdk.CardFormViewManager
02-10 13:52:09.486 18016 18107 W unknown:ViewManagerPropertyUpdater: Could not find generated setter for class expo.modules.adapters.react.views.ViewGroupManagerAdapter
02-10 13:52:09.487 18016 18107 W unknown:ViewManagerPropertyUpdater: Could not find generated setter for class expo.modules.kotlin.views.SimpleViewManagerWrapper
02-10 13:52:09.490 18016 18107 D SoLoader: About to load: libturbomodulejsijni.so
02-10 13:52:09.490 18016 18107 D SoLoader: libturbomodulejsijni.so not found on /data/data/host.exp.exponent/lib-main
02-10 13:52:09.490 18016 18107 D SoLoader: libturbomodulejsijni.so found on /data/data/host.exp.exponent/lib-0
02-10 13:52:09.491 18016 18107 D SoLoader: Loading lib dependencies: [libreact_nativemodule_core.so, libreactperfloggerjni.so, libfb.so, libfbjni.so, libc++_shared.so, liblog.so, libc.so, libm.so, libdl.so]
02-10 13:52:09.491 18016 18107 D SoLoader: About to load: libreact_nativemodule_core.so
02-10 13:52:09.491 18016 18107 D SoLoader: libreact_nativemodule_core.so not found on /data/data/host.exp.exponent/lib-main
02-10 13:52:09.491 18016 18107 D SoLoader: libreact_nativemodule_core.so found on /data/data/host.exp.exponent/lib-0
02-10 13:52:09.492 18016 18107 D SoLoader: Loading lib dependencies: [libfbjni.so, libreactnativejni.so, libfolly_json.so, libglog.so, libc++_shared.so, liblog.so, libc.so, libm.so, libdl.so]
02-10 13:52:09.479 18016 18016 W create_react_co: type=1400 audit(0.0:16629): avc: granted { execute } for path="/data/data/host.exp.exponent/lib-0/libreact_nativemodule_core.so" dev="sda11" ino=10320 scontext=u:r:untrusted_app:s0:c243,c256,c512,c768 tcontext=u:object_r:app_data_file:s0:c243,c256,c512,c768 tclass=file
02-10 13:52:09.493 18016 18107 D SoLoader: Loaded: libreact_nativemodule_core.so
02-10 13:52:09.479 18016 18016 W create_react_co: type=1400 audit(0.0:16630): avc: granted { execute } for path="/data/data/host.exp.exponent/lib-0/libturbomodulejsijni.so" dev="sda11" ino=26874 scontext=u:r:untrusted_app:s0:c243,c256,c512,c768 tcontext=u:object_r:app_data_file:s0:c243,c256,c512,c768 tclass=file
02-10 13:52:09.494 18016 18107 D SoLoader: Loaded: libturbomodulejsijni.so
02-10 13:52:09.497 18016 18107 D CatalystInstanceImpl: Loading script from file
02-10 13:52:09.506 18016 18118 D g       : WARNING: getPackageName called on ScopedContext
02-10 13:52:09.507 18016 18118 D g       : WARNING: getPackageName called on ScopedContext
02-10 13:52:09.509 18016 18118 W unknown:Fresco: Fresco has already been initialized! `Fresco.initialize(...)` should only be called 1 single time to avoid memory leaks!
02-10 13:52:09.510 18016 18118 D SoLoader: init exiting
02-10 13:52:09.510 18016 18118 W unknown:ImagePipelineFactory: ImagePipelineFactory has already been initialized! `ImagePipelineFactory.initialize(...)` should only be called once to avoid unexpected behavior.
02-10 13:52:09.549   757 16399 D         : 2.[lyd_hbm]updataHBMLightValue: dataLux = 1
02-10 13:52:09.658   757 16399 D         : 2.[lyd_hbm]updataHBMLightValue: dataLux = 1
02-10 13:52:09.678 17986 18006 I aqin.diaglogge: ProcessProfilingInfo new_methods=0 is saved saved_to_disk=0 resolve_classes_delay=8000
02-10 13:52:09.770   757 16399 D         : 2.[lyd_hbm]updataHBMLightValue: dataLux = 1
02-10 13:52:09.833 18016 18117 D g       : WARNING: getPackageName called on ScopedContext
02-10 13:52:09.879   757 16399 D         : 2.[lyd_hbm]updataHBMLightValue: dataLux = 2
02-10 13:52:09.987   757 16399 D         : 2.[lyd_hbm]updataHBMLightValue: dataLux = 1
02-10 13:52:10.053 17530 17552 I AudioManager: In isBluetoothScoOn(), calling application: com.huaqin.sarcontroller
02-10 13:52:10.054  1621  3838 I AS.AudioDeviceBroker: In isBluetoothScoOnForApp(), mForcedUseForCommExt: 0
02-10 13:52:10.054 17530 17552 I AudioManager: In isSpeakerphoneOn(), calling application: com.huaqin.sarcontroller
02-10 13:52:10.054  1621  3838 I AS.AudioDeviceBroker: In isSpeakerphoneOn(), mForcedUseForCommExt: 0
02-10 13:52:10.077 18016 18117 D SoLoader: About to load: libreactnativeblob.so
02-10 13:52:10.077 18016 18117 D SoLoader: libreactnativeblob.so not found on /data/data/host.exp.exponent/lib-main
02-10 13:52:10.077 18016 18117 D SoLoader: libreactnativeblob.so found on /data/data/host.exp.exponent/lib-0
02-10 13:52:10.078 18016 18117 D SoLoader: Loading lib dependencies: [libfb.so, libfbjni.so, libreactnativejni.so, libjsinspector.so, libfolly_json.so, libglog.so, libc++_shared.so, liblog.so, libc.so, libm.so, libdl.so]
02-10 13:52:10.069 18016 18016 W mqt_js  : type=1400 audit(0.0:16631): avc: granted { execute } for path="/data/data/host.exp.exponent/lib-0/libreactnativeblob.so" dev="sda11" ino=26183 scontext=u:r:untrusted_app:s0:c243,c256,c512,c768 tcontext=u:object_r:app_data_file:s0:c243,c256,c512,c768 tclass=file
02-10 13:52:10.079 18016 18117 D SoLoader: Loaded: libreactnativeblob.so
02-10 13:52:10.099   757 16399 D         : 2.[lyd_hbm]updataHBMLightValue: dataLux = 2
02-10 13:52:10.209   757 16399 D         : 2.[lyd_hbm]updataHBMLightValue: dataLux = 2
02-10 13:52:10.219  2123  2618 D MobileSignalController: onSignalStrengthsChanged: SignalStrength:{mCdma=CellSignalStrengthCdma: cdmaDbm=2147483647 cdmaEcio=2147483647 evdoDbm=2147483647 evdoEcio=2147483647 evdoSnr=2147483647 miuiLevel=0 level=0,mGsm=CellSignalStrengthGsm: rssi=2147483647 ber=2147483647 mTa=2147483647 miuiLevel=0 mLevel=0,mWcdma=CellSignalStrengthWcdma: ss=2147483647 ber=2147483647 rscp=2147483647 ecno=2147483647 miuiLevel=0 level=0,mTdscdma=CellSignalStrengthTdscdma: rssi=2147483647 ber=2147483647 rscp=2147483647 miuiLevel=0 level=0,mLte=CellSignalStrengthLte: rssi=-73 rsrp=-110 rsrq=-18 rssnr=84 cqi=2147483647 ta=2147483647 miuiLevel=3 level=2,mNr=CellSignalStrengthNr:{ csiRsrp = 2147483647 csiRsrq = 2147483647 csiSinr = 2147483647 ssRsrp = 2147483647 ssRsrq = 2147483647 ssSinr = 2147483647 miuiLevel = 0 level = 0 },primary=CellSignalStrengthLte}
02-10 13:52:10.219  2123  2618 D NetworkController.MobileSignalController(1): 4G level = 3
02-10 13:52:10.225  2123  2618 D MobileSignalController: updateDataType mSelectedDataTypeIcon[1]=2131232926, mSelectedDataActivityIndex=6
02-10 13:52:10.226  2123  2618 D TelephonyIcons: getSignalStrengthIcon: slot=1, inetCondition=1, level=3, roaming=false, signalstrength=SignalStrength:{mCdma=CellSignalStrengthCdma: cdmaDbm=2147483647 cdmaEcio=2147483647 evdoDbm=2147483647 evdoEcio=2147483647 evdoSnr=2147483647 miuiLevel=0 level=0,mGsm=CellSignalStrengthGsm: rssi=2147483647 ber=2147483647 mTa=2147483647 miuiLevel=0 mLevel=0,mWcdma=CellSignalStrengthWcdma: ss=2147483647 ber=2147483647 rscp=2147483647 ecno=2147483647 miuiLevel=0 level=0,mTdscdma=CellSignalStrengthTdscdma: rssi=2147483647 ber=2147483647 rscp=2147483647 miuiLevel=0 level=0,mLte=CellSignalStrengthLte: rssi=-73 rsrp=-110 rsrq=-18 rssnr=84 cqi=2147483647 ta=2147483647 miuiLevel=3 level=2,mNr=CellSignalStrengthNr:{ csiRsrp = 2147483647 csiRsrq = 2147483647 csiSinr = 2147483647 ssRsrp = 2147483647 ssRsrq = 2147483647 ssSinr = 2147483647 miuiLevel = 0 level = 0 },primary=CellSignalStrengthLte}
02-10 13:52:10.227  2123  2618 D TelephonyIcons: null signal icon name: drawable/stat_sys_signal_null
02-10 13:52:10.227  2123  2618 D TelephonyIcons: getDataTypeIcon sub=1
02-10 13:52:10.228  2123  2123 D SignalClusterView: updateMobileTypeImage  0
02-10 13:52:10.228  2123  2123 I chatty  : uid=1000(system) com.android.systemui identical 1 line
02-10 13:52:10.229  2123  2123 D SignalClusterView: updateMobileTypeImage  0
02-10 13:52:10.289   757  2090 D         : readbrightness,out:4095.
02-10 13:52:10.309 18016 18030 W System  : A resource failed to call end. 
02-10 13:52:10.309 18016 18030 W System  : A resource failed to call close. 
02-10 13:52:10.310 18016 18030 I chatty  : uid=10243(host.exp.exponent) identical 1 line
02-10 13:52:10.310 18016 18030 W System  : A resource failed to call close. 
02-10 13:52:10.319   757 16399 D         : 2.[lyd_hbm]updataHBMLightValue: dataLux = 1
02-10 13:52:10.429   757 16399 D         : 2.[lyd_hbm]updataHBMLightValue: dataLux = 2
02-10 13:52:10.541   757 16399 D         : 2.[lyd_hbm]updataHBMLightValue: dataLux = 1
02-10 13:52:10.659   757 16399 D         : 2.[lyd_hbm]updataHBMLightValue: dataLux = 2
02-10 13:52:10.922  1621  2032 D LocationPolicy: checkUidLocationOp [uid = 1000, op = 1
02-10 13:52:10.769   757 16399 I chatty  : uid=0(root) /system/bin/displayfeature identical 1 line
02-10 13:52:10.880   757 16399 D         : 2.[lyd_hbm]updataHBMLightValue: dataLux = 2
02-10 13:52:10.924  2123  2123 D SignalClusterView: updateMobileTypeImage  0
02-10 13:52:10.943  2123  2123 I chatty  : uid=1000(system) com.android.systemui identical 4 lines
02-10 13:52:10.944  2123  2123 D SignalClusterView: updateMobileTypeImage  0
02-10 13:52:10.989   757 16399 D         : 2.[lyd_hbm]updataHBMLightValue: dataLux = 2
02-10 13:52:11.074 17530 17552 I AudioManager: In isBluetoothScoOn(), calling application: com.huaqin.sarcontroller
02-10 13:52:11.074  1621  5834 I AS.AudioDeviceBroker: In isBluetoothScoOnForApp(), mForcedUseForCommExt: 0
02-10 13:52:11.075 17530 17552 I AudioManager: In isSpeakerphoneOn(), calling application: com.huaqin.sarcontroller
02-10 13:52:11.075  1621  5834 I AS.AudioDeviceBroker: In isSpeakerphoneOn(), mForcedUseForCommExt: 0
02-10 13:52:11.099   757 16399 D         : 2.[lyd_hbm]updataHBMLightValue: dataLux = 1
02-10 13:52:11.209   757 16399 D         : 2.[lyd_hbm]updataHBMLightValue: dataLux = 2
02-10 13:52:11.219 18016 18117 I ReactNativeJS: Running "main" with {"initialProps":{"exp":{}},"rootTag":1}
02-10 13:52:11.259 18016 18016 I ReactNative: [GESTURE HANDLER] Initialize gesture handler for root view versioned.host.exp.exponent.ReactUnthemedRootView{ec24e44 V.E...... ......ID 0,0-1080,2210 #1}
02-10 13:52:11.289   757  2090 D         : readbrightness,out:4095.
02-10 13:52:11.319   757 16399 D         : 2.[lyd_hbm]updataHBMLightValue: dataLux = 2
02-10 13:52:11.429   757 16399 D         : 2.[lyd_hbm]updataHBMLightValue: dataLux = 2
02-10 13:52:11.494 18016 18016 W unknown:WrappingUtils: Don't know how to round that drawable: com.facebook.drawee.drawable.RoundedColorDrawable@b308fb7
02-10 13:52:11.511 18016 18016 W unknown:WrappingUtils: Don't know how to round that drawable: com.facebook.drawee.drawable.RoundedColorDrawable@e012324
02-10 13:52:11.541   757 16399 D         : 2.[lyd_hbm]updataHBMLightValue: dataLux = 2
02-10 13:52:11.621 18016 18117 W ReactNativeJS: Clipboard has been extracted from react-native core and will be removed in a future release. It can now be installed and imported from '@react-native-community/clipboard' instead of 'react-native'. See https://github.com/react-native-clipboard/clipboard
02-10 13:52:11.643 18016 18016 I ReactNative: [GESTURE HANDLER] Gesture handler is already enabled for a parent view
02-10 13:52:11.644 18016 18016 I ReactNative: [GESTURE HANDLER] Gesture handler is already enabled for a parent view
02-10 13:52:11.652 18016 18016 E unknown:FabricViewStateManager: setState called without a StateWrapper
02-10 13:52:11.654 18016 18016 I ReactNative: [GESTURE HANDLER] Gesture handler is already enabled for a parent view
02-10 13:52:11.659   757 16399 D         : 2.[lyd_hbm]updataHBMLightValue: dataLux = 1
02-10 13:52:11.660 18016 18135 D SoLoader: About to load: libimagepipeline.so
02-10 13:52:11.660 18016 18135 D SoLoader: libimagepipeline.so not found on /data/data/host.exp.exponent/lib-main
