02-10 13:52:19.908  2123  2618 D MobileSignalController: onSignalStrengthsChanged: SignalStrength:{mCdma=CellSignalStrengthCdma: cdmaDbm=2147483647 cdmaEcio=2147483647 evdoDbm=2147483647 evdoEcio=2147483647 evdoSnr=2147483647 miuiLevel=0 level=0,mGsm=CellSignalStrengthGsm: rssi=2147483647 ber=2147483647 mTa=2147483647 miuiLevel=0 mLevel=0,mWcdma=CellSignalStrengthWcdma: ss=2147483647 ber=2147483647 rscp=2147483647 ecno=2147483647 miuiLevel=0 level=0,mTdscdma=CellSignalStrengthTdscdma: rssi=2147483647 ber=2147483647 rscp=2147483647 miuiLevel=0 level=0,mLte=CellSignalStrengthLte: rssi=-77 rsrp=-111 rsrq=-16 rssnr=84 cqi=2147483647 ta=2147483647 miuiLevel=2 level=2,mNr=CellSignalStrengthNr:{ csiRsrp = 2147483647 csiRsrq = 2147483647 csiSinr = 2147483647 ssRsrp = 2147483647 ssRsrq = 2147483647 ssSinr = 2147483647 miuiLevel = 0 level = 0 },primary=CellSignalStrengthLte}
02-10 13:52:19.908  2123  2618 D NetworkController.MobileSignalController(1): 4G level = 2
02-10 13:52:19.916  2123  2618 D MobileSignalController: updateDataType mSelectedDataTypeIcon[1]=2131232926, mSelectedDataActivityIndex=6
02-10 13:52:19.916  2123  2618 D TelephonyIcons: getSignalStrengthIcon: slot=1, inetCondition=1, level=2, roaming=false, signalstrength=SignalStrength:{mCdma=CellSignalStrengthCdma: cdmaDbm=2147483647 cdmaEcio=2147483647 evdoDbm=2147483647 evdoEcio=2147483647 evdoSnr=2147483647 miuiLevel=0 level=0,mGsm=CellSignalStrengthGsm: rssi=2147483647 ber=2147483647 mTa=2147483647 miuiLevel=0 mLevel=0,mWcdma=CellSignalStrengthWcdma: ss=2147483647 ber=2147483647 rscp=2147483647 ecno=2147483647 miuiLevel=0 level=0,mTdscdma=CellSignalStrengthTdscdma: rssi=2147483647 ber=2147483647 rscp=2147483647 miuiLevel=0 level=0,mLte=CellSignalStrengthLte: rssi=-77 rsrp=-111 rsrq=-16 rssnr=84 cqi=2147483647 ta=2147483647 miuiLevel=2 level=2,mNr=CellSignalStrengthNr:{ csiRsrp = 2147483647 csiRsrq = 2147483647 csiSinr = 2147483647 ssRsrp = 2147483647 ssRsrq = 2147483647 ssSinr = 2147483647 miuiLevel = 0 level = 0 },primary=CellSignalStrengthLte}
02-10 13:52:19.917  2123  2618 D TelephonyIcons: null signal icon name: drawable/stat_sys_signal_null
02-10 13:52:19.918  2123  2618 D TelephonyIcons: getDataTypeIcon sub=1
02-10 13:52:19.919  2123  2123 D SignalClusterView: updateMobileTypeImage  0
02-10 13:52:19.919  2123  2123 I chatty  : uid=1000(system) com.android.systemui identical 1 line
02-10 13:52:19.919  2123  2123 D SignalClusterView: updateMobileTypeImage  0
02-10 13:52:19.990   757 16399 D         : 2.[lyd_hbm]updataHBMLightValue: dataLux = 6
02-10 13:52:19.993  2402  3430 D QCNEJ/WlanStaInfoRelay: Received action: android.net.wifi.RSSI_CHANGED
02-10 13:52:19.998  2123  2123 D SignalClusterView: updateMobileTypeImage  0
02-10 13:52:19.998  2123  2123 D SignalClusterView: updateMobileTypeImage  0
02-10 13:52:19.998 29333 29499 I CarrierServices: [6451] bwc.c: Connected state: [1], networkType: [WIFI]
02-10 13:52:19.998  2123  2123 D SignalClusterView: updateMobileTypeImage  0
02-10 13:52:20.013  2123  2123 I chatty  : uid=1000(system) com.android.systemui identical 1 line
02-10 13:52:20.014  2123  2123 D SignalClusterView: updateMobileTypeImage  0
02-10 13:52:20.019 29333 29496 I CarrierServices: [6450] cln.v: Rcs is enabled from user settings: true
02-10 13:52:20.021  2123  2123 D SignalClusterView: updateMobileTypeImage  0
02-10 13:52:20.043 29550 18193 E memtrack: Couldn't load memtrack module
02-10 13:52:20.043 29550 18193 W android.os.Debug: failed to get memory consumption info: -1
02-10 13:52:20.100   757 16399 D         : 2.[lyd_hbm]updataHBMLightValue: dataLux = 6
02-10 13:52:20.208   757 16399 D         : 2.[lyd_hbm]updataHBMLightValue: dataLux = 6
02-10 13:52:20.299   757  2090 D         : readbrightness,out:4095.
02-10 13:52:20.321   757 16399 D         : 2.[lyd_hbm]updataHBMLightValue: dataLux = 6
02-10 13:52:20.330 17530 17552 I AudioManager: In isBluetoothScoOn(), calling application: com.huaqin.sarcontroller
02-10 13:52:20.331  1621  3764 I AS.AudioDeviceBroker: In isBluetoothScoOnForApp(), mForcedUseForCommExt: 0
02-10 13:52:20.331 17530 17552 I AudioManager: In isSpeakerphoneOn(), calling application: com.huaqin.sarcontroller
02-10 13:52:20.332  1621  3764 I AS.AudioDeviceBroker: In isSpeakerphoneOn(), mForcedUseForCommExt: 0
02-10 13:52:20.430   757 16399 D         : 2.[lyd_hbm]updataHBMLightValue: dataLux = 6
02-10 13:52:20.660   757 16399 I chatty  : uid=0(root) /system/bin/displayfeature identical 2 lines
02-10 13:52:20.769   757 16399 D         : 2.[lyd_hbm]updataHBMLightValue: dataLux = 6
02-10 13:52:20.880   757 16399 D         : 2.[lyd_hbm]updataHBMLightValue: dataLux = 2
02-10 13:52:20.990   757 16399 I chatty  : uid=0(root) /system/bin/displayfeature identical 1 line
02-10 13:52:21.099   757 16399 D         : 2.[lyd_hbm]updataHBMLightValue: dataLux = 2
02-10 13:52:21.210   757 16399 D         : 2.[lyd_hbm]updataHBMLightValue: dataLux = 6
02-10 13:52:21.300   757  2090 D         : readbrightness,out:4095.
02-10 13:52:21.320   757 16399 D         : 2.[lyd_hbm]updataHBMLightValue: dataLux = 6
02-10 13:52:21.376 17530 17552 I AudioManager: In isBluetoothScoOn(), calling application: com.huaqin.sarcontroller
02-10 13:52:21.377  1621  2480 I AS.AudioDeviceBroker: In isBluetoothScoOnForApp(), mForcedUseForCommExt: 0
02-10 13:52:21.378 17530 17552 I AudioManager: In isSpeakerphoneOn(), calling application: com.huaqin.sarcontroller
02-10 13:52:21.378  1621  2480 I AS.AudioDeviceBroker: In isSpeakerphoneOn(), mForcedUseForCommExt: 0
02-10 13:52:21.430   757 16399 D         : 2.[lyd_hbm]updataHBMLightValue: dataLux = 2
02-10 13:52:21.541   757 16399 I chatty  : uid=0(root) /system/bin/displayfeature identical 1 line
02-10 13:52:21.661   757 16399 D         : 2.[lyd_hbm]updataHBMLightValue: dataLux = 2
02-10 13:52:21.722 29647 18194 E memtrack: Couldn't load memtrack module
02-10 13:52:21.722 29647 18194 W android.os.Debug: failed to get memory consumption info: -1
02-10 13:52:20.004  1621  2032 D LocationPolicy: checkUidLocationOp [uid = 1000, op = 1
02-10 13:52:21.760  1621  2008 I AlarmManager: Triggering alarm #1android statsTag = *walarm*:WifiConnectivityManager Schedule Periodic Scan Timer
02-10 13:52:21.762  5965  5965 I PowerKeeperBackgroundService: onStartCommand()
02-10 13:52:21.762  5965  5965 I PowerKeeperService: onAlarm
02-10 13:52:21.764   757 16399 D         : 2.[lyd_hbm]updataHBMLightValue: dataLux = 6
02-10 13:52:21.881   757 16399 D         : 2.[lyd_hbm]updataHBMLightValue: dataLux = 2
02-10 13:52:21.909  1621  2030 D MiuiNetworkPolicy: updateLimit mLimitEnabled=false,enabled=true,mNetworkPriorityMode=255
02-10 13:52:21.909   642 15097 D OemNetd : setLimit: enable, rate=0
02-10 13:52:21.991   757 16399 D         : 2.[lyd_hbm]updataHBMLightValue: dataLux = 2
02-10 13:52:22.103   757 16399 D         : 2.[lyd_hbm]updataHBMLightValue: dataLux = 2
02-10 13:52:22.206  2123  2618 D MobileSignalController: onSignalStrengthsChanged: SignalStrength:{mCdma=CellSignalStrengthCdma: cdmaDbm=2147483647 cdmaEcio=2147483647 evdoDbm=2147483647 evdoEcio=2147483647 evdoSnr=2147483647 miuiLevel=0 level=0,mGsm=CellSignalStrengthGsm: rssi=2147483647 ber=2147483647 mTa=2147483647 miuiLevel=0 mLevel=0,mWcdma=CellSignalStrengthWcdma: ss=2147483647 ber=2147483647 rscp=2147483647 ecno=2147483647 miuiLevel=0 level=0,mTdscdma=CellSignalStrengthTdscdma: rssi=2147483647 ber=2147483647 rscp=2147483647 miuiLevel=0 level=0,mLte=CellSignalStrengthLte: rssi=-77 rsrp=-111 rsrq=-14 rssnr=92 cqi=2147483647 ta=2147483647 miuiLevel=2 level=2,mNr=CellSignalStrengthNr:{ csiRsrp = 2147483647 csiRsrq = 2147483647 csiSinr = 2147483647 ssRsrp = 2147483647 ssRsrq = 2147483647 ssSinr = 2147483647 miuiLevel = 0 level = 0 },primary=CellSignalStrengthLte}
02-10 13:52:22.207  2123  2618 D NetworkController.MobileSignalController(1): 4G level = 2
02-10 13:52:22.210   757 16399 D         : 2.[lyd_hbm]updataHBMLightValue: dataLux = 6
02-10 13:52:22.301   757  2090 D         : readbrightness,out:4095.
02-10 13:52:22.321   757 16399 D         : 2.[lyd_hbm]updataHBMLightValue: dataLux = 6
02-10 13:52:22.423 17530 17552 I AudioManager: In isBluetoothScoOn(), calling application: com.huaqin.sarcontroller
02-10 13:52:22.424  1621  2480 I AS.AudioDeviceBroker: In isBluetoothScoOnForApp(), mForcedUseForCommExt: 0
02-10 13:52:22.425 17530 17552 I AudioManager: In isSpeakerphoneOn(), calling application: com.huaqin.sarcontroller
02-10 13:52:22.427  1621  2480 I AS.AudioDeviceBroker: In isSpeakerphoneOn(), mForcedUseForCommExt: 0
02-10 13:52:22.431   757 16399 D         : 2.[lyd_hbm]updataHBMLightValue: dataLux = 2
02-10 13:52:22.519  2123  2123 D KeyguardUpdateMonitor: received broadcast android.intent.action.BATTERY_CHANGED
02-10 13:52:22.520  2485  2485 D QtiCarrierConfigHelper: WARNING, no carrier configs on phone Id: 0
02-10 13:52:22.520  4323  4323 I BatteryInfoReceiver: ACTION_BATTERY_CHANGED
02-10 13:52:22.521  5965  6025 D PowerCheckerService: onBatteryChanged, mBatteryLevel = 100, status = 2, level = 100, plug = 2, scale = 100
02-10 13:52:22.541   757 16399 D         : 2.[lyd_hbm]updataHBMLightValue: dataLux = 6
02-10 13:52:22.661   757 16399 I chatty  : uid=0(root) /system/bin/displayfeature identical 1 line
02-10 13:52:22.771   757 16399 D         : 2.[lyd_hbm]updataHBMLightValue: dataLux = 6
02-10 13:52:22.880   757 16399 D         : 2.[lyd_hbm]updataHBMLightValue: dataLux = 2
02-10 13:52:22.993   757 16399 D         : 2.[lyd_hbm]updataHBMLightValue: dataLux = 6
02-10 13:52:23.032  1621  2032 D LocationPolicy: checkUidLocationOp [uid = 1000, op = 1
02-10 13:52:23.103   757 16399 D         : 2.[lyd_hbm]updataHBMLightValue: dataLux = 2
02-10 13:52:23.210   757 16399 D         : 2.[lyd_hbm]updataHBMLightValue: dataLux = 2
02-10 13:52:23.301   757  2090 D         : readbrightness,out:4095.
02-10 13:52:23.320   757 16399 D         : 2.[lyd_hbm]updataHBMLightValue: dataLux = 2
02-10 13:52:23.433   757 16399 D         : 2.[lyd_hbm]updataHBMLightValue: dataLux = 2
02-10 13:52:23.471 17530 17552 I AudioManager: In isBluetoothScoOn(), calling application: com.huaqin.sarcontroller
02-10 13:52:23.473  1621  2480 I AS.AudioDeviceBroker: In isBluetoothScoOnForApp(), mForcedUseForCommExt: 0
02-10 13:52:23.474 17530 17552 I AudioManager: In isSpeakerphoneOn(), calling application: com.huaqin.sarcontroller
02-10 13:52:23.475  1621  2480 I AS.AudioDeviceBroker: In isSpeakerphoneOn(), mForcedUseForCommExt: 0
02-10 13:52:23.541   757 16399 D         : 2.[lyd_hbm]updataHBMLightValue: dataLux = 2
02-10 13:52:23.638   805  2143 I /vendor/bin/hw/vendor.qti.hardware.servicetracker@1.1-service: unbindService is called for service : com.google.android.gms/.measurement.service.MeasurementBrokerService and for client host.exp.exponent
02-10 13:52:23.638   805  2143 I /vendor/bin/hw/vendor.qti.hardware.servicetracker@1.1-service: size of service connections for service: com.google.android.gms/.measurement.service.MeasurementBrokerServiceafter removal is 0
02-10 13:52:23.638   805  2143 I /vendor/bin/hw/vendor.qti.hardware.servicetracker@1.1-service: size of client connections for client: host.exp.exponentafter removal is 0
02-10 13:52:23.639   805  2143 I /vendor/bin/hw/vendor.qti.hardware.servicetracker@1.1-service: destroyService is called for service : com.google.android.gms/.measurement.service.MeasurementBrokerService
02-10 13:52:23.640 29647 29647 D BoundBrokerSvc: onUnbind: Intent { act=com.google.android.gms.measurement.START pkg=com.google.android.gms }
02-10 13:52:23.644  1621  2030 I MiuiNetworkPolicy: updateUidState uid = 10191, uidState = 6
02-10 13:52:23.659   757 16399 D         : 2.[lyd_hbm]updataHBMLightValue: dataLux = 2
02-10 13:52:23.770   757 16399 I chatty  : uid=0(root) /system/bin/displayfeature identical 1 line
02-10 13:52:23.878   757 16399 D         : 2.[lyd_hbm]updataHBMLightValue: dataLux = 2
02-10 13:52:23.991   757 16399 D         : 2.[lyd_hbm]updataHBMLightValue: dataLux = 6
02-10 13:52:24.101   757 16399 D         : 2.[lyd_hbm]updataHBMLightValue: dataLux = 2
02-10 13:52:24.210   757 16399 D         : 2.[lyd_hbm]updataHBMLightValue: dataLux = 2
02-10 13:52:24.302   757  2090 D         : readbrightness,out:4095.
02-10 13:52:24.320   757 16399 D         : 2.[lyd_hbm]updataHBMLightValue: dataLux = 2
02-10 13:52:24.430   757 16399 D         : 2.[lyd_hbm]updataHBMLightValue: dataLux = 2
02-10 13:52:24.519 17530 17552 I AudioManager: In isBluetoothScoOn(), calling application: com.huaqin.sarcontroller
02-10 13:52:24.520  1621  3764 I AS.AudioDeviceBroker: In isBluetoothScoOnForApp(), mForcedUseForCommExt: 0
02-10 13:52:24.521 17530 17552 I AudioManager: In isSpeakerphoneOn(), calling application: com.huaqin.sarcontroller
02-10 13:52:24.522  1621  3764 I AS.AudioDeviceBroker: In isSpeakerphoneOn(), mForcedUseForCommExt: 0
02-10 13:52:24.541   757 16399 D         : 2.[lyd_hbm]updataHBMLightValue: dataLux = 6
02-10 13:52:24.652   757 16399 D         : 2.[lyd_hbm]updataHBMLightValue: dataLux = 6
02-10 13:52:24.660  2123  2618 D MobileSignalController: onSignalStrengthsChanged: SignalStrength:{mCdma=CellSignalStrengthCdma: cdmaDbm=2147483647 cdmaEcio=2147483647 evdoDbm=2147483647 evdoEcio=2147483647 evdoSnr=2147483647 miuiLevel=0 level=0,mGsm=CellSignalStrengthGsm: rssi=2147483647 ber=2147483647 mTa=2147483647 miuiLevel=0 mLevel=0,mWcdma=CellSignalStrengthWcdma: ss=2147483647 ber=2147483647 rscp=2147483647 ecno=2147483647 miuiLevel=0 level=0,mTdscdma=CellSignalStrengthTdscdma: rssi=2147483647 ber=2147483647 rscp=2147483647 miuiLevel=0 level=0,mLte=CellSignalStrengthLte: rssi=-75 rsrp=-112 rsrq=-18 rssnr=108 cqi=2147483647 ta=2147483647 miuiLevel=2 level=2,mNr=CellSignalStrengthNr:{ csiRsrp = 2147483647 csiRsrq = 2147483647 csiSinr = 2147483647 ssRsrp = 2147483647 ssRsrq = 2147483647 ssSinr = 2147483647 miuiLevel = 0 level = 0 },primary=CellSignalStrengthLte}
02-10 13:52:24.660  2123  2618 D NetworkController.MobileSignalController(1): 4G level = 2
02-10 13:52:24.771   757 16399 D         : 2.[lyd_hbm]updataHBMLightValue: dataLux = 6
02-10 13:52:24.880   757 16399 D         : 2.[lyd_hbm]updataHBMLightValue: dataLux = 6
02-10 13:52:24.991   757 16399 D         : 2.[lyd_hbm]updataHBMLightValue: dataLux = 2
02-10 13:52:25.100   757 16399 I chatty  : uid=0(root) /system/bin/displayfeature identical 1 line
02-10 13:52:25.213   757 16399 D         : 2.[lyd_hbm]updataHBMLightValue: dataLux = 2
02-10 13:52:25.303   757  2090 D         : readbrightness,out:4095.
02-10 13:52:25.320   757 16399 D         : 2.[lyd_hbm]updataHBMLightValue: dataLux = 6
02-10 13:52:25.433   757 16399 D         : 2.[lyd_hbm]updataHBMLightValue: dataLux = 6
02-10 13:52:25.541   757 16399 D         : 2.[lyd_hbm]updataHBMLightValue: dataLux = 2
02-10 13:52:25.565 17530 17552 I AudioManager: In isBluetoothScoOn(), calling application: com.huaqin.sarcontroller
02-10 13:52:25.566  1621  3764 I AS.AudioDeviceBroker: In isBluetoothScoOnForApp(), mForcedUseForCommExt: 0
02-10 13:52:25.566 17530 17552 I AudioManager: In isSpeakerphoneOn(), calling application: com.huaqin.sarcontroller
02-10 13:52:25.567  1621  3764 I AS.AudioDeviceBroker: In isSpeakerphoneOn(), mForcedUseForCommExt: 0
02-10 13:52:25.660   757 16399 D         : 2.[lyd_hbm]updataHBMLightValue: dataLux = 6
02-10 13:52:25.769   757 16399 D         : 2.[lyd_hbm]updataHBMLightValue: dataLux = 6
02-10 13:52:25.844   875   942 W HWComposer: Ignoring duplicate VSYNC event from HWC for display 19260297137784961 (t=58636356739000)
02-10 13:52:25.861   875   942 W HWComposer: Ignoring duplicate VSYNC event from HWC for display 19260297137784961 (t=58636373552000)
02-10 13:52:25.878   875   942 W HWComposer: Ignoring duplicate VSYNC event from HWC for display 19260297137784961 (t=58636390285000)
02-10 13:52:25.880   757 16399 D         : 2.[lyd_hbm]updataHBMLightValue: dataLux = 2
02-10 13:52:25.895   875   942 W HWComposer: Ignoring duplicate VSYNC event from HWC for display 19260297137784961 (t=58636407346000)
02-10 13:52:25.912   875   942 W HWComposer: Ignoring duplicate VSYNC event from HWC for display 19260297137784961 (t=58636424009000)
02-10 13:52:25.928   875   942 W HWComposer: Ignoring duplicate VSYNC event from HWC for display 19260297137784961 (t=58636440680000)
02-10 13:52:25.990   757 16399 D         : 2.[lyd_hbm]updataHBMLightValue: dataLux = 2
02-10 13:52:26.100   757 16399 I chatty  : uid=0(root) /system/bin/displayfeature identical 1 line
02-10 13:52:26.211   757 16399 D         : 2.[lyd_hbm]updataHBMLightValue: dataLux = 2
02-10 13:52:26.304   757  2090 D         : readbrightness,out:4095.
02-10 13:52:26.320   757 16399 D         : 2.[lyd_hbm]updataHBMLightValue: dataLux = 6
02-10 13:52:26.432   757 16399 D         : 2.[lyd_hbm]updataHBMLightValue: dataLux = 2
02-10 13:52:26.543   757 16399 D         : 2.[lyd_hbm]updataHBMLightValue: dataLux = 2
02-10 13:52:26.607 17530 17552 I AudioManager: In isBluetoothScoOn(), calling application: com.huaqin.sarcontroller
02-10 13:52:26.608  1621  2480 I AS.AudioDeviceBroker: In isBluetoothScoOnForApp(), mForcedUseForCommExt: 0
02-10 13:52:26.610 17530 17552 I AudioManager: In isSpeakerphoneOn(), calling application: com.huaqin.sarcontroller
02-10 13:52:26.611  1621  2480 I AS.AudioDeviceBroker: In isSpeakerphoneOn(), mForcedUseForCommExt: 0
02-10 13:52:26.663   757 16399 D         : 2.[lyd_hbm]updataHBMLightValue: dataLux = 2
02-10 13:52:26.770   757 16399 I chatty  : uid=0(root) /system/bin/displayfeature identical 1 line
02-10 13:52:26.880   757 16399 D         : 2.[lyd_hbm]updataHBMLightValue: dataLux = 2
02-10 13:52:26.901  2123  2618 D MobileSignalController: onSignalStrengthsChanged: SignalStrength:{mCdma=CellSignalStrengthCdma: cdmaDbm=2147483647 cdmaEcio=2147483647 evdoDbm=2147483647 evdoEcio=2147483647 evdoSnr=2147483647 miuiLevel=0 level=0,mGsm=CellSignalStrengthGsm: rssi=2147483647 ber=2147483647 mTa=2147483647 miuiLevel=0 mLevel=0,mWcdma=CellSignalStrengthWcdma: ss=2147483647 ber=2147483647 rscp=2147483647 ecno=2147483647 miuiLevel=0 level=0,mTdscdma=CellSignalStrengthTdscdma: rssi=2147483647 ber=2147483647 rscp=2147483647 miuiLevel=0 level=0,mLte=CellSignalStrengthLte: rssi=-79 rsrp=-112 rsrq=-13 rssnr=106 cqi=2147483647 ta=2147483647 miuiLevel=2 level=2,mNr=CellSignalStrengthNr:{ csiRsrp = 2147483647 csiRsrq = 2147483647 csiSinr = 2147483647 ssRsrp = 2147483647 ssRsrq = 2147483647 ssSinr = 2147483647 miuiLevel = 0 level = 0 },primary=CellSignalStrengthLte}
02-10 13:52:26.902  2123  2618 D NetworkController.MobileSignalController(1): 4G level = 2
02-10 13:52:26.989   757 16399 D         : 2.[lyd_hbm]updataHBMLightValue: dataLux = 6
02-10 13:52:27.103   757 16399 D         : 2.[lyd_hbm]updataHBMLightValue: dataLux = 6
02-10 13:52:27.211   757 16399 D         : 2.[lyd_hbm]updataHBMLightValue: dataLux = 2
02-10 13:52:27.305   757  2090 D         : readbrightness,out:4095.
02-10 13:52:27.320   757 16399 D         : 2.[lyd_hbm]updataHBMLightValue: dataLux = 2
02-10 13:52:27.433   757 16399 D         : 2.[lyd_hbm]updataHBMLightValue: dataLux = 2
02-10 13:52:27.543   757 16399 D         : 2.[lyd_hbm]updataHBMLightValue: dataLux = 6
02-10 13:52:27.647 17530 17552 I AudioManager: In isBluetoothScoOn(), calling application: com.huaqin.sarcontroller
02-10 13:52:27.648  1621  2480 I AS.AudioDeviceBroker: In isBluetoothScoOnForApp(), mForcedUseForCommExt: 0
02-10 13:52:27.649 17530 17552 I AudioManager: In isSpeakerphoneOn(), calling application: com.huaqin.sarcontroller
02-10 13:52:27.650  1621  2480 I AS.AudioDeviceBroker: In isSpeakerphoneOn(), mForcedUseForCommExt: 0
02-10 13:52:27.660   757 16399 D         : 2.[lyd_hbm]updataHBMLightValue: dataLux = 2
02-10 13:52:27.770   757 16399 D         : 2.[lyd_hbm]updataHBMLightValue: dataLux = 6
02-10 13:52:27.879   757 16399 D         : 2.[lyd_hbm]updataHBMLightValue: dataLux = 2
02-10 13:52:28.100   757 16399 I chatty  : uid=0(root) /system/bin/displayfeature identical 2 lines
02-10 13:52:28.212   757 16399 D         : 2.[lyd_hbm]updataHBMLightValue: dataLux = 2
02-10 13:52:28.305   757  2090 D         : readbrightness,out:4095.
02-10 13:52:28.321   757 16399 D         : 2.[lyd_hbm]updataHBMLightValue: dataLux = 2
02-10 13:52:28.433   757 16399 D         : 2.[lyd_hbm]updataHBMLightValue: dataLux = 2
02-10 13:52:28.543   757 16399 D         : 2.[lyd_hbm]updataHBMLightValue: dataLux = 6
02-10 13:52:28.663   757 16399 D         : 2.[lyd_hbm]updataHBMLightValue: dataLux = 6
02-10 13:52:28.687 17530 17552 I AudioManager: In isBluetoothScoOn(), calling application: com.huaqin.sarcontroller
02-10 13:52:28.688  1621  2480 I AS.AudioDeviceBroker: In isBluetoothScoOnForApp(), mForcedUseForCommExt: 0
02-10 13:52:28.689 17530 17552 I AudioManager: In isSpeakerphoneOn(), calling application: com.huaqin.sarcontroller
02-10 13:52:28.690  1621  2480 I AS.AudioDeviceBroker: In isSpeakerphoneOn(), mForcedUseForCommExt: 0
02-10 13:52:28.746   805  2143 I /vendor/bin/hw/vendor.qti.hardware.servicetracker@1.1-service: unbindService is called for service : com.google.android.gms/.chimera.PersistentInternalBoundBrokerService and for client com.google.android.gms
02-10 13:52:28.746   805  2143 I /vendor/bin/hw/vendor.qti.hardware.servicetracker@1.1-service: size of service connections for service: com.google.android.gms/.chimera.PersistentInternalBoundBrokerServiceafter removal is 0
02-10 13:52:28.746   805  2143 I /vendor/bin/hw/vendor.qti.hardware.servicetracker@1.1-service: size of client connections for client: com.google.android.gmsafter removal is 0
02-10 13:52:28.747   805  2143 I /vendor/bin/hw/vendor.qti.hardware.servicetracker@1.1-service: destroyService is called for service : com.google.android.gms/.chimera.PersistentInternalBoundBrokerService
02-10 13:52:28.747 29550 29550 D BoundBrokerSvc: onUnbind: Intent { act=com.google.android.gms.scheduler.ACTION_PROXY_SCHEDULE cmp=com.google.android.gms/.chimera.PersistentInternalBoundBrokerService }
02-10 13:52:28.770   757 16399 D         : 2.[lyd_hbm]updataHBMLightValue: dataLux = 2
02-10 13:52:28.990   757 16399 I chatty  : uid=0(root) /system/bin/displayfeature identical 2 lines
02-10 13:52:29.102   757 16399 D         : 2.[lyd_hbm]updataHBMLightValue: dataLux = 2
02-10 13:52:29.210   757 16399 D         : 2.[lyd_hbm]updataHBMLightValue: dataLux = 6
02-10 13:52:29.306   757  2090 D         : readbrightness,out:4095.
02-10 13:52:29.320   757 16399 D         : 2.[lyd_hbm]updataHBMLightValue: dataLux = 2
02-10 13:52:29.541   757 16399 I chatty  : uid=0(root) /system/bin/displayfeature identical 2 lines
02-10 13:52:29.663   757 16399 D         : 2.[lyd_hbm]updataHBMLightValue: dataLux = 2
02-10 13:52:29.732 17530 17552 I AudioManager: In isBluetoothScoOn(), calling application: com.huaqin.sarcontroller
02-10 13:52:29.733  1621  2480 I AS.AudioDeviceBroker: In isBluetoothScoOnForApp(), mForcedUseForCommExt: 0
02-10 13:52:29.734 17530 17552 I AudioManager: In isSpeakerphoneOn(), calling application: com.huaqin.sarcontroller
02-10 13:52:29.735  1621  2480 I AS.AudioDeviceBroker: In isSpeakerphoneOn(), mForcedUseForCommExt: 0
02-10 13:52:29.770   757 16399 D         : 2.[lyd_hbm]updataHBMLightValue: dataLux = 2
02-10 13:52:29.880   757 16399 D         : 2.[lyd_hbm]updataHBMLightValue: dataLux = 2
02-10 13:52:29.990   757 16399 D         : 2.[lyd_hbm]updataHBMLightValue: dataLux = 6
02-10 13:52:30.099   757 16399 D         : 2.[lyd_hbm]updataHBMLightValue: dataLux = 2
02-10 13:52:30.210   757 16399 D         : 2.[lyd_hbm]updataHBMLightValue: dataLux = 2
02-10 13:52:30.306   757  2090 D         : readbrightness,out:4095.
02-10 13:52:30.319   757 16399 D         : 2.[lyd_hbm]updataHBMLightValue: dataLux = 2
02-10 13:52:30.542   757 16399 I chatty  : uid=0(root) /system/bin/displayfeature identical 2 lines
02-10 13:52:30.660   757 16399 D         : 2.[lyd_hbm]updataHBMLightValue: dataLux = 2
02-10 13:52:30.673  2123  2123 D KeyguardUpdateMonitor: received broadcast android.intent.action.BATTERY_CHANGED
02-10 13:52:30.674  2485  2485 D QtiCarrierConfigHelper: WARNING, no carrier configs on phone Id: 0
02-10 13:52:30.674  4323  4323 I BatteryInfoReceiver: ACTION_BATTERY_CHANGED
02-10 13:52:30.675  5965  6025 D PowerCheckerService: onBatteryChanged, mBatteryLevel = 100, status = 2, level = 100, plug = 2, scale = 100
02-10 13:52:30.767 17530 17552 I AudioManager: In isBluetoothScoOn(), calling application: com.huaqin.sarcontroller
02-10 13:52:30.768  1621  2480 I AS.AudioDeviceBroker: In isBluetoothScoOnForApp(), mForcedUseForCommExt: 0
02-10 13:52:30.769 17530 17552 I AudioManager: In isSpeakerphoneOn(), calling application: com.huaqin.sarcontroller
02-10 13:52:30.769  1621  2480 I AS.AudioDeviceBroker: In isSpeakerphoneOn(), mForcedUseForCommExt: 0
02-10 13:52:30.770   757 16399 D         : 2.[lyd_hbm]updataHBMLightValue: dataLux = 6
02-10 13:52:30.880   757 16399 D         : 2.[lyd_hbm]updataHBMLightValue: dataLux = 2
02-10 13:52:30.993   757 16399 D         : 2.[lyd_hbm]updataHBMLightValue: dataLux = 6
02-10 13:52:31.101   757 16399 D         : 2.[lyd_hbm]updataHBMLightValue: dataLux = 2
02-10 13:52:31.211   757 16399 D         : 2.[lyd_hbm]updataHBMLightValue: dataLux = 2
02-10 13:52:31.307   757  2090 D         : readbrightness,out:4095.
02-10 13:52:31.321   757 16399 D         : 2.[lyd_hbm]updataHBMLightValue: dataLux = 2
02-10 13:52:31.419  2123  2618 D MobileSignalController: onSignalStrengthsChanged: SignalStrength:{mCdma=CellSignalStrengthCdma: cdmaDbm=2147483647 cdmaEcio=2147483647 evdoDbm=2147483647 evdoEcio=2147483647 evdoSnr=2147483647 miuiLevel=0 level=0,mGsm=CellSignalStrengthGsm: rssi=2147483647 ber=2147483647 mTa=2147483647 miuiLevel=0 mLevel=0,mWcdma=CellSignalStrengthWcdma: ss=2147483647 ber=2147483647 rscp=2147483647 ecno=2147483647 miuiLevel=0 level=0,mTdscdma=CellSignalStrengthTdscdma: rssi=2147483647 ber=2147483647 rscp=2147483647 miuiLevel=0 level=0,mLte=CellSignalStrengthLte: rssi=-75 rsrp=-112 rsrq=-17 rssnr=108 cqi=2147483647 ta=2147483647 miuiLevel=2 level=2,mNr=CellSignalStrengthNr:{ csiRsrp = 2147483647 csiRsrq = 2147483647 csiSinr = 2147483647 ssRsrp = 2147483647 ssRsrq = 2147483647 ssSinr = 2147483647 miuiLevel = 0 level = 0 },primary=CellSignalStrengthLte}
02-10 13:52:31.419  2123  2618 D NetworkController.MobileSignalController(1): 4G level = 2
02-10 13:52:31.429   757 16399 D         : 2.[lyd_hbm]updataHBMLightValue: dataLux = 2
02-10 13:52:31.654   757 16399 I chatty  : uid=0(root) /system/bin/displayfeature identical 2 lines
02-10 13:52:31.771   757 16399 D         : 2.[lyd_hbm]updataHBMLightValue: dataLux = 2
02-10 13:52:31.807 17530 17552 I AudioManager: In isBluetoothScoOn(), calling application: com.huaqin.sarcontroller
02-10 13:52:31.807  1621  5834 I AS.AudioDeviceBroker: In isBluetoothScoOnForApp(), mForcedUseForCommExt: 0
02-10 13:52:31.808 17530 17552 I AudioManager: In isSpeakerphoneOn(), calling application: com.huaqin.sarcontroller
02-10 13:52:31.808  1621  5834 I AS.AudioDeviceBroker: In isSpeakerphoneOn(), mForcedUseForCommExt: 0
02-10 13:52:31.880   757 16399 D         : 2.[lyd_hbm]updataHBMLightValue: dataLux = 2
02-10 13:52:31.990   757 16399 I chatty  : uid=0(root) /system/bin/displayfeature identical 1 line
02-10 13:52:32.100   757 16399 D         : 2.[lyd_hbm]updataHBMLightValue: dataLux = 2
02-10 13:52:32.111  2402  3430 D QCNEJ/WlanStaInfoRelay: Received action: android.net.wifi.RSSI_CHANGED
02-10 13:52:32.112 29333 29499 I CarrierServices: [6451] bwc.c: Connected state: [1], networkType: [WIFI]
02-10 13:52:32.113  2123  2123 D SignalClusterView: updateMobileTypeImage  0
02-10 13:52:32.120  2123  2123 I chatty  : uid=1000(system) com.android.systemui identical 4 lines
02-10 13:52:32.121  2123  2123 D SignalClusterView: updateMobileTypeImage  0
02-10 13:52:32.136 29333 29496 I CarrierServices: [6450] cln.v: Rcs is enabled from user settings: true
02-10 13:52:32.210   757 16399 D         : 2.[lyd_hbm]updataHBMLightValue: dataLux = 2
02-10 13:52:32.246   875   942 W HWComposer: Ignoring duplicate VSYNC event from HWC for display 19260297137784961 (t=58642758582000)
02-10 13:52:32.262   875   942 W HWComposer: Ignoring duplicate VSYNC event from HWC for display 19260297137784961 (t=58642775006000)
02-10 13:52:32.279   875   942 W HWComposer: Ignoring duplicate VSYNC event from HWC for display 19260297137784961 (t=58642791631000)
02-10 13:52:32.296   875   942 W HWComposer: Ignoring duplicate VSYNC event from HWC for display 19260297137784961 (t=58642808541000)
02-10 13:52:32.308   757  2090 D         : readbrightness,out:4095.
02-10 13:52:32.312   875   942 W HWComposer: Ignoring duplicate VSYNC event from HWC for display 19260297137784961 (t=58642824979000)
02-10 13:52:32.320   757 16399 D         : 2.[lyd_hbm]updataHBMLightValue: dataLux = 2
02-10 13:52:32.329   875   942 W HWComposer: Ignoring duplicate VSYNC event from HWC for display 19260297137784961 (t=58642842002000)
02-10 13:52:32.430   757 16399 D         : 2.[lyd_hbm]updataHBMLightValue: dataLux = 6
02-10 13:52:32.543   757 16399 D         : 2.[lyd_hbm]updataHBMLightValue: dataLux = 2
02-10 13:52:32.660   757 16399 I chatty  : uid=0(root) /system/bin/displayfeature identical 1 line
02-10 13:52:32.770   757 16399 D         : 2.[lyd_hbm]updataHBMLightValue: dataLux = 2
02-10 13:52:32.847 17530 17552 I AudioManager: In isBluetoothScoOn(), calling application: com.huaqin.sarcontroller
02-10 13:52:32.849  1621  3838 I AS.AudioDeviceBroker: In isBluetoothScoOnForApp(), mForcedUseForCommExt: 0
02-10 13:52:32.850 17530 17552 I AudioManager: In isSpeakerphoneOn(), calling application: com.huaqin.sarcontroller
02-10 13:52:32.850  1621  3838 I AS.AudioDeviceBroker: In isSpeakerphoneOn(), mForcedUseForCommExt: 0
02-10 13:52:32.880   757 16399 D         : 2.[lyd_hbm]updataHBMLightValue: dataLux = 6
02-10 13:52:32.990   757 16399 D         : 2.[lyd_hbm]updataHBMLightValue: dataLux = 2
02-10 13:52:33.100   757 16399 D         : 2.[lyd_hbm]updataHBMLightValue: dataLux = 2
02-10 13:52:33.213   757 16399 D         : 2.[lyd_hbm]updataHBMLightValue: dataLux = 6
02-10 13:52:33.309   757  2090 D         : readbrightness,out:4095.
02-10 13:52:33.320   757 16399 D         : 2.[lyd_hbm]updataHBMLightValue: dataLux = 2
02-10 13:52:33.433   757 16399 I chatty  : uid=0(root) /system/bin/displayfeature identical 1 line
02-10 13:52:33.543   757 16399 D         : 2.[lyd_hbm]updataHBMLightValue: dataLux = 2
02-10 13:52:33.660   757 16399 D         : 2.[lyd_hbm]updataHBMLightValue: dataLux = 6
02-10 13:52:33.674  2123  2618 D MobileSignalController: onSignalStrengthsChanged: SignalStrength:{mCdma=CellSignalStrengthCdma: cdmaDbm=2147483647 cdmaEcio=2147483647 evdoDbm=2147483647 evdoEcio=2147483647 evdoSnr=2147483647 miuiLevel=0 level=0,mGsm=CellSignalStrengthGsm: rssi=2147483647 ber=2147483647 mTa=2147483647 miuiLevel=0 mLevel=0,mWcdma=CellSignalStrengthWcdma: ss=2147483647 ber=2147483647 rscp=2147483647 ecno=2147483647 miuiLevel=0 level=0,mTdscdma=CellSignalStrengthTdscdma: rssi=2147483647 ber=2147483647 rscp=2147483647 miuiLevel=0 level=0,mLte=CellSignalStrengthLte: rssi=-81 rsrp=-111 rsrq=-12 rssnr=96 cqi=2147483647 ta=2147483647 miuiLevel=2 level=2,mNr=CellSignalStrengthNr:{ csiRsrp = 2147483647 csiRsrq = 2147483647 csiSinr = 2147483647 ssRsrp = 2147483647 ssRsrq = 2147483647 ssSinr = 2147483647 miuiLevel = 0 level = 0 },primary=CellSignalStrengthLte}
02-10 13:52:33.674  2123  2618 D NetworkController.MobileSignalController(1): 4G level = 2
02-10 13:52:33.770   757 16399 D         : 2.[lyd_hbm]updataHBMLightValue: dataLux = 6
02-10 13:52:33.880   757 16399 D         : 2.[lyd_hbm]updataHBMLightValue: dataLux = 2
02-10 13:52:33.887 17530 17552 I AudioManager: In isBluetoothScoOn(), calling application: com.huaqin.sarcontroller
02-10 13:52:33.888  1621  3838 I AS.AudioDeviceBroker: In isBluetoothScoOnForApp(), mForcedUseForCommExt: 0
02-10 13:52:33.889 17530 17552 I AudioManager: In isSpeakerphoneOn(), calling application: com.huaqin.sarcontroller
02-10 13:52:33.890  1621  3838 I AS.AudioDeviceBroker: In isSpeakerphoneOn(), mForcedUseForCommExt: 0
02-10 13:52:33.990   757 16399 D         : 2.[lyd_hbm]updataHBMLightValue: dataLux = 2
02-10 13:52:34.101   757 16399 I chatty  : uid=0(root) /system/bin/displayfeature identical 1 line
02-10 13:52:34.212   757 16399 D         : 2.[lyd_hbm]updataHBMLightValue: dataLux = 2
02-10 13:52:34.310   757  2090 D         : readbrightness,out:4095.
02-10 13:52:34.324   757 16399 D         : 2.[lyd_hbm]updataHBMLightValue: dataLux = 6
02-10 13:52:34.433   757 16399 D         : 2.[lyd_hbm]updataHBMLightValue: dataLux = 2
02-10 13:52:34.543   757 16399 D         : 2.[lyd_hbm]updataHBMLightValue: dataLux = 6
02-10 13:52:34.660   757 16399 D         : 2.[lyd_hbm]updataHBMLightValue: dataLux = 2
02-10 13:52:34.765   757 16399 I chatty  : uid=0(root) /system/bin/displayfeature identical 1 line
02-10 13:52:34.880   757 16399 D         : 2.[lyd_hbm]updataHBMLightValue: dataLux = 2
02-10 13:52:34.927 17530 17552 I AudioManager: In isBluetoothScoOn(), calling application: com.huaqin.sarcontroller
02-10 13:52:34.927  1621  3838 I AS.AudioDeviceBroker: In isBluetoothScoOnForApp(), mForcedUseForCommExt: 0
02-10 13:52:34.928 17530 17552 I AudioManager: In isSpeakerphoneOn(), calling application: com.huaqin.sarcontroller
02-10 13:52:34.928  1621  3838 I AS.AudioDeviceBroker: In isSpeakerphoneOn(), mForcedUseForCommExt: 0
02-10 13:52:34.989   757 16399 D         : 2.[lyd_hbm]updataHBMLightValue: dataLux = 2
02-10 13:52:35.100   757 16399 I chatty  : uid=0(root) /system/bin/displayfeature identical 1 line
02-10 13:52:35.210   757 16399 D         : 2.[lyd_hbm]updataHBMLightValue: dataLux = 2
02-10 13:52:35.311   757  2090 D         : readbrightness,out:4095.
02-10 13:52:35.319   757 16399 D         : 2.[lyd_hbm]updataHBMLightValue: dataLux = 2
02-10 13:52:35.430   757 16399 D         : 2.[lyd_hbm]updataHBMLightValue: dataLux = 2
02-10 13:52:35.541   757 16399 D         : 2.[lyd_hbm]updataHBMLightValue: dataLux = 6
02-10 13:52:35.660   757 16399 D         : 2.[lyd_hbm]updataHBMLightValue: dataLux = 2
02-10 13:52:35.745  1621  2027 D NtpTrustedTime: currentTimeMillis() cache hit
02-10 13:52:35.746   642 15097 I netd    : trafficSwapActiveStatsMap() <0.33ms>
02-10 13:52:35.750   642 15097 I netd    : tetherGetStats() <1.29ms>
02-10 13:52:35.769   757 16399 D         : 2.[lyd_hbm]updataHBMLightValue: dataLux = 2
02-10 13:52:35.771  1621  2027 D NtpTrustedTime: currentTimeMillis() cache hit
02-10 13:52:35.773  4323  5325 I TrafficManageService: mina mTrafficStatsReceiver onReceive
02-10 13:52:35.773   642 15097 I netd    : bandwidthSetGlobalAlert(131072) <0.14ms>
02-10 13:52:35.774  4323  5325 I TrafficManageService: mina checkNormalTrafficStatus 
02-10 13:52:35.881   757 16399 D         : 2.[lyd_hbm]updataHBMLightValue: dataLux = 2
02-10 13:52:35.910  2123  2618 D MobileSignalController: onSignalStrengthsChanged: SignalStrength:{mCdma=CellSignalStrengthCdma: cdmaDbm=2147483647 cdmaEcio=2147483647 evdoDbm=2147483647 evdoEcio=2147483647 evdoSnr=2147483647 miuiLevel=0 level=0,mGsm=CellSignalStrengthGsm: rssi=2147483647 ber=2147483647 mTa=2147483647 miuiLevel=0 mLevel=0,mWcdma=CellSignalStrengthWcdma: ss=2147483647 ber=2147483647 rscp=2147483647 ecno=2147483647 miuiLevel=0 level=0,mTdscdma=CellSignalStrengthTdscdma: rssi=2147483647 ber=2147483647 rscp=2147483647 miuiLevel=0 level=0,mLte=CellSignalStrengthLte: rssi=-81 rsrp=-110 rsrq=-10 rssnr=140 cqi=2147483647 ta=2147483647 miuiLevel=3 level=2,mNr=CellSignalStrengthNr:{ csiRsrp = 2147483647 csiRsrq = 2147483647 csiSinr = 2147483647 ssRsrp = 2147483647 ssRsrq = 2147483647 ssSinr = 2147483647 miuiLevel = 0 level = 0 },primary=CellSignalStrengthLte}
02-10 13:52:35.910  2123  2618 D NetworkController.MobileSignalController(1): 4G level = 3
02-10 13:52:35.921  2123  2618 D MobileSignalController: updateDataType mSelectedDataTypeIcon[1]=2131232926, mSelectedDataActivityIndex=6
02-10 13:52:35.922  2123  2618 D TelephonyIcons: getSignalStrengthIcon: slot=1, inetCondition=1, level=3, roaming=false, signalstrength=SignalStrength:{mCdma=CellSignalStrengthCdma: cdmaDbm=2147483647 cdmaEcio=2147483647 evdoDbm=2147483647 evdoEcio=2147483647 evdoSnr=2147483647 miuiLevel=0 level=0,mGsm=CellSignalStrengthGsm: rssi=2147483647 ber=2147483647 mTa=2147483647 miuiLevel=0 mLevel=0,mWcdma=CellSignalStrengthWcdma: ss=2147483647 ber=2147483647 rscp=2147483647 ecno=2147483647 miuiLevel=0 level=0,mTdscdma=CellSignalStrengthTdscdma: rssi=2147483647 ber=2147483647 rscp=2147483647 miuiLevel=0 level=0,mLte=CellSignalStrengthLte: rssi=-81 rsrp=-110 rsrq=-10 rssnr=140 cqi=2147483647 ta=2147483647 miuiLevel=3 level=2,mNr=CellSignalStrengthNr:{ csiRsrp = 2147483647 csiRsrq = 2147483647 csiSinr = 2147483647 ssRsrp = 2147483647 ssRsrq = 2147483647 ssSinr = 2147483647 miuiLevel = 0 level = 0 },primary=CellSignalStrengthLte}
02-10 13:52:35.922  2123  2618 D TelephonyIcons: null signal icon name: drawable/stat_sys_signal_null
02-10 13:52:35.923  2123  2618 D TelephonyIcons: getDataTypeIcon sub=1
02-10 13:52:35.924  2123  2123 D SignalClusterView: updateMobileTypeImage  0
02-10 13:52:35.924  2123  2123 I chatty  : uid=1000(system) com.android.systemui identical 1 line
02-10 13:52:35.925  2123  2123 D SignalClusterView: updateMobileTypeImage  0
02-10 13:52:35.967 17530 17552 I AudioManager: In isBluetoothScoOn(), calling application: com.huaqin.sarcontroller
02-10 13:52:35.967  1621  4869 I AS.AudioDeviceBroker: In isBluetoothScoOnForApp(), mForcedUseForCommExt: 0
02-10 13:52:35.968 17530 17552 I AudioManager: In isSpeakerphoneOn(), calling application: com.huaqin.sarcontroller
02-10 13:52:35.970  1621  4869 I AS.AudioDeviceBroker: In isSpeakerphoneOn(), mForcedUseForCommExt: 0
02-10 13:52:35.989   757 16399 D         : 2.[lyd_hbm]updataHBMLightValue: dataLux = 2
02-10 13:52:36.046   875   942 W HWComposer: Ignoring duplicate VSYNC event from HWC for display 19260297137784961 (t=58646559141000)
02-10 13:52:36.063   875   942 W HWComposer: Ignoring duplicate VSYNC event from HWC for display 19260297137784961 (t=58646575717000)
02-10 13:52:36.079   875   942 W HWComposer: Ignoring duplicate VSYNC event from HWC for display 19260297137784961 (t=58646592340000)
02-10 13:52:36.084 18016 18195 D SoLoader: About to load: libjscexecutor_abi44_0_0.so
02-10 13:52:36.084 18016 18195 D SoLoader: libjscexecutor_abi44_0_0.so not found on /data/data/host.exp.exponent/lib-main
02-10 13:52:36.084 18016 18195 D SoLoader: libjscexecutor_abi44_0_0.so found on /data/data/host.exp.exponent/lib-0
02-10 13:52:36.085 18016 18195 D SoLoader: Loading lib dependencies: [libfb_abi44_0_0.so, libfbjni.so, libreactnativejni_abi44_0_0.so, libjsc.so, libjsinspector_abi44_0_0.so, libfolly_json_abi44_0_0.so, libglog_abi44_0_0.so, libc++_shared.so, liblog.so, libc.so, libm.so, libdl.so]
02-10 13:52:36.069 18016 18016 W create_react_co: type=1400 audit(0.0:16642): avc: granted { execute } for path="/data/data/host.exp.exponent/lib-0/libjscexecutor_abi44_0_0.so" dev="sda11" ino=28770 scontext=u:r:untrusted_app:s0:c243,c256,c512,c768 tcontext=u:object_r:app_data_file:s0:c243,c256,c512,c768 tclass=file
02-10 13:52:36.087 18016 18195 D SoLoader: Loaded: libjscexecutor_abi44_0_0.so
02-10 13:52:36.093  1621  4869 I SensorService: check list, getPackageName  abi44_0_0.com.facebook.react.common.ShakeDetector
02-10 13:52:36.094   786   786 I sensors-hal: flush:260, android.sensor.accelerometer/11
02-10 13:52:36.094   786   786 I sensors-hal: flush:268, android.sensor.accelerometer/11 completed
02-10 13:52:36.096   875   942 W HWComposer: Ignoring duplicate VSYNC event from HWC for display 19260297137784961 (t=58646608907000)
02-10 13:52:36.096   757 16399 D         : 2.[lyd_hbm]updataHBMLightValue: dataLux = 2
02-10 13:52:36.113   875   942 W HWComposer: Ignoring duplicate VSYNC event from HWC for display 19260297137784961 (t=58646625735000)
02-10 13:52:36.129   875   942 W HWComposer: Ignoring duplicate VSYNC event from HWC for display 19260297137784961 (t=58646642384000)
02-10 13:52:36.174 18016 18195 W unknown:ViewManagerPropertyUpdater: Could not find generated setter for class abi44_0_0.com.facebook.react.views.picker.ReactDialogPickerManager
02-10 13:52:36.176 18016 18195 W unknown:ViewManagerPropertyUpdater: Could not find generated setter for class abi44_0_0.com.facebook.react.uimanager.LayoutShadowNode
02-10 13:52:36.179 18016 18195 W unknown:ViewManagerPropertyUpdater: Could not find generated setter for class abi44_0_0.com.facebook.react.views.drawer.ReactDrawerLayoutManager
02-10 13:52:36.180 18016 18195 W unknown:ViewManagerPropertyUpdater: Could not find generated setter for class abi44_0_0.com.facebook.react.views.picker.ReactDropdownPickerManager
02-10 13:52:36.181 18016 18195 W unknown:ViewManagerPropertyUpdater: Could not find generated setter for class abi44_0_0.com.facebook.react.views.scroll.ReactHorizontalScrollViewManager
02-10 13:52:36.185 18016 18195 W unknown:ViewManagerPropertyUpdater: Could not find generated setter for class abi44_0_0.com.facebook.react.views.scroll.ReactHorizontalScrollContainerViewManager
02-10 13:52:36.188 18016 18195 W unknown:ViewManagerPropertyUpdater: Could not find generated setter for class abi44_0_0.com.facebook.react.views.progressbar.ReactProgressBarViewManager
02-10 13:52:36.189 18016 18195 W unknown:ViewManagerPropertyUpdater: Could not find generated setter for class abi44_0_0.com.facebook.react.views.progressbar.ProgressBarShadowNode
02-10 13:52:36.190 18016 18195 W unknown:ViewManagerPropertyUpdater: Could not find generated setter for class abi44_0_0.com.facebook.react.views.scroll.ReactScrollViewManager
02-10 13:52:36.192 18016 18195 W unknown:ViewManagerPropertyUpdater: Could not find generated setter for class abi44_0_0.com.facebook.react.views.slider.ReactSliderManager
02-10 13:52:36.193 18016 18195 W unknown:ViewManagerPropertyUpdater: Could not find generated setter for class abi44_0_0.com.facebook.react.views.slider.ReactSliderManager$ReactSliderShadowNode
02-10 13:52:36.194 18016 18195 W unknown:ViewManagerPropertyUpdater: Could not find generated setter for class abi44_0_0.com.facebook.react.views.switchview.ReactSwitchManager
02-10 13:52:36.195 18016 18195 W unknown:ViewManagerPropertyUpdater: Could not find generated setter for class abi44_0_0.com.facebook.react.views.switchview.ReactSwitchManager$ReactSwitchShadowNode
02-10 13:52:36.196 18016 18195 W unknown:ViewManagerPropertyUpdater: Could not find generated setter for class abi44_0_0.com.facebook.react.views.swiperefresh.SwipeRefreshLayoutManager
02-10 13:52:36.197 18016 18195 W unknown:ViewManagerPropertyUpdater: Could not find generated setter for class abi44_0_0.com.facebook.react.views.text.frescosupport.FrescoBasedReactTextInlineImageViewManager
02-10 13:52:36.197 18016 18195 W unknown:ViewManagerPropertyUpdater: Could not find generated setter for class abi44_0_0.com.facebook.react.views.text.frescosupport.FrescoBasedReactTextInlineImageShadowNode
02-10 13:52:36.198 18016 18195 W unknown:ViewManagerPropertyUpdater: Could not find generated setter for class abi44_0_0.com.facebook.react.views.image.ReactImageManager
02-10 13:52:36.200 18016 18195 W unknown:ViewManagerPropertyUpdater: Could not find generated setter for class abi44_0_0.com.facebook.react.views.modal.ReactModalHostManager
02-10 13:52:36.201 18016 18195 W unknown:ViewManagerPropertyUpdater: Could not find generated setter for class abi44_0_0.com.facebook.react.views.modal.ModalHostShadowNode
02-10 13:52:36.205 18016 18195 W unknown:ViewManagerPropertyUpdater: Could not find generated setter for class abi44_0_0.com.facebook.react.views.text.ReactRawTextManager
02-10 13:52:36.205 18016 18195 W unknown:ViewManagerPropertyUpdater: Could not find generated setter for class abi44_0_0.com.facebook.react.views.text.ReactRawTextShadowNode
02-10 13:52:36.206 18016 18195 W unknown:ViewManagerPropertyUpdater: Could not find generated setter for class abi44_0_0.com.facebook.react.views.textinput.ReactTextInputManager
02-10 13:52:36.209 18016 18195 W unknown:ViewManagerPropertyUpdater: Could not find generated setter for class abi44_0_0.com.facebook.react.views.textinput.ReactTextInputShadowNode
02-10 13:52:36.209   757 16399 D         : 2.[lyd_hbm]updataHBMLightValue: dataLux = 6
02-10 13:52:36.210 18016 18195 W unknown:ViewManagerPropertyUpdater: Could not find generated setter for class abi44_0_0.com.facebook.react.views.text.ReactTextViewManager
02-10 13:52:36.211 18016 18195 W unknown:ViewManagerPropertyUpdater: Could not find generated setter for class abi44_0_0.com.facebook.react.views.text.ReactTextShadowNode
02-10 13:52:36.212 18016 18195 W unknown:ViewManagerPropertyUpdater: Could not find generated setter for class abi44_0_0.com.facebook.react.views.view.ReactViewManager
02-10 13:52:36.213 18016 18195 W unknown:ViewManagerPropertyUpdater: Could not find generated setter for class abi44_0_0.com.facebook.react.views.text.ReactVirtualTextViewManager
02-10 13:52:36.213 18016 18195 W unknown:ViewManagerPropertyUpdater: Could not find generated setter for class abi44_0_0.com.facebook.react.views.text.ReactVirtualTextShadowNode
02-10 13:52:36.214 18016 18195 W unknown:ViewManagerPropertyUpdater: Could not find generated setter for class abi44_0_0.com.facebook.react.views.unimplementedview.ReactUnimplementedViewManager
02-10 13:52:36.215 18016 18195 W unknown:ViewManagerPropertyUpdater: Could not find generated setter for class abi44_0_0.host.exp.exponent.modules.api.components.svg.RenderableViewManager$GroupViewManager
02-10 13:52:36.219 18016 18195 W unknown:ViewManagerPropertyUpdater: Could not find generated setter for class abi44_0_0.host.exp.exponent.modules.api.components.svg.RenderableViewManager$RenderableShadowNode
02-10 13:52:36.220 18016 18195 W unknown:ViewManagerPropertyUpdater: Could not find generated setter for class abi44_0_0.host.exp.exponent.modules.api.components.svg.RenderableViewManager$PathViewManager
02-10 13:52:36.221 18016 18195 W unknown:ViewManagerPropertyUpdater: Could not find generated setter for class abi44_0_0.host.exp.exponent.modules.api.components.svg.RenderableViewManager$CircleViewManager
02-10 13:52:36.222 18016 18195 W unknown:ViewManagerPropertyUpdater: Could not find generated setter for class abi44_0_0.host.exp.exponent.modules.api.components.svg.RenderableViewManager$EllipseViewManager
02-10 13:52:36.224 18016 18195 W unknown:ViewManagerPropertyUpdater: Could not find generated setter for class abi44_0_0.host.exp.exponent.modules.api.components.svg.RenderableViewManager$LineViewManager
02-10 13:52:36.225 18016 18195 W unknown:ViewManagerPropertyUpdater: Could not find generated setter for class abi44_0_0.host.exp.exponent.modules.api.components.svg.RenderableViewManager$RectViewManager
02-10 13:52:36.226 18016 18195 W unknown:ViewManagerPropertyUpdater: Could not find generated setter for class abi44_0_0.host.exp.exponent.modules.api.components.svg.RenderableViewManager$TextViewManager
02-10 13:52:36.227 18016 18195 W unknown:ViewManagerPropertyUpdater: Could not find generated setter for class abi44_0_0.host.exp.exponent.modules.api.components.svg.RenderableViewManager$TSpanViewManager
02-10 13:52:36.228 18016 18195 W unknown:ViewManagerPropertyUpdater: Could not find generated setter for class abi44_0_0.host.exp.exponent.modules.api.components.svg.RenderableViewManager$TextPathViewManager
02-10 13:52:36.230 18016 18195 W unknown:ViewManagerPropertyUpdater: Could not find generated setter for class abi44_0_0.host.exp.exponent.modules.api.components.svg.RenderableViewManager$ImageViewManager
02-10 13:52:36.231 18016 18195 W unknown:ViewManagerPropertyUpdater: Could not find generated setter for class abi44_0_0.host.exp.exponent.modules.api.components.svg.RenderableViewManager$ClipPathViewManager
02-10 13:52:36.231 18016 18195 W unknown:ViewManagerPropertyUpdater: Could not find generated setter for class abi44_0_0.host.exp.exponent.modules.api.components.svg.RenderableViewManager$DefsViewManager
02-10 13:52:36.232 18016 18195 W unknown:ViewManagerPropertyUpdater: Could not find generated setter for class abi44_0_0.host.exp.exponent.modules.api.components.svg.RenderableViewManager$UseViewManager
02-10 13:52:36.233 18016 18195 W unknown:ViewManagerPropertyUpdater: Could not find generated setter for class abi44_0_0.host.exp.exponent.modules.api.components.svg.RenderableViewManager$SymbolManager
02-10 13:52:36.237 18016 18195 W unknown:ViewManagerPropertyUpdater: Could not find generated setter for class abi44_0_0.host.exp.exponent.modules.api.components.svg.RenderableViewManager$LinearGradientManager
02-10 13:52:36.239 18016 18195 W unknown:ViewManagerPropertyUpdater: Could not find generated setter for class abi44_0_0.host.exp.exponent.modules.api.components.svg.RenderableViewManager$RadialGradientManager
02-10 13:52:36.242 18016 18195 W unknown:ViewManagerPropertyUpdater: Could not find generated setter for class abi44_0_0.host.exp.exponent.modules.api.components.svg.RenderableViewManager$PatternManager
02-10 13:52:36.243 18016 18195 W unknown:ViewManagerPropertyUpdater: Could not find generated setter for class abi44_0_0.host.exp.exponent.modules.api.components.svg.RenderableViewManager$MaskManager
02-10 13:52:36.243 18016 18028 I st.exp.exponen: Background concurrent copying GC freed 279990(23MB) AllocSpace objects, 23(720KB) LOS objects, 49% free, 9845KB/19MB, paused 169us total 110.721ms
02-10 13:52:36.244 18016 18195 W unknown:ViewManagerPropertyUpdater: Could not find generated setter for class abi44_0_0.host.exp.exponent.modules.api.components.svg.RenderableViewManager$ForeignObjectManager
02-10 13:52:36.245 18016 18195 W unknown:ViewManagerPropertyUpdater: Could not find generated setter for class abi44_0_0.host.exp.exponent.modules.api.components.svg.RenderableViewManager$MarkerManager
02-10 13:52:36.247 18016 18195 W unknown:ViewManagerPropertyUpdater: Could not find generated setter for class abi44_0_0.host.exp.exponent.modules.api.components.svg.SvgViewManager
