02-10 13:52:11.811 18016 18016 E unknown:NativeViewHierarchyManager: 	at android.os.Handler.handleCallback(Handler.java:883)
02-10 13:52:11.811 18016 18016 E unknown:NativeViewHierarchyManager: 	at android.os.Handler.dispatchMessage(Handler.java:100)
02-10 13:52:11.811 18016 18016 E unknown:NativeViewHierarchyManager: 	at android.os.Looper.loop(Looper.java:226)
02-10 13:52:11.811 18016 18016 E unknown:NativeViewHierarchyManager: 	at android.app.ActivityThread.main(ActivityThread.java:7592)
02-10 13:52:11.811 18016 18016 E unknown:NativeViewHierarchyManager: 	at java.lang.reflect.Method.invoke(Native Method)
02-10 13:52:11.811 18016 18016 E unknown:NativeViewHierarchyManager: 	at com.android.internal.os.RuntimeInit$MethodAndArgsCaller.run(RuntimeInit.java:539)
02-10 13:52:11.811 18016 18016 E unknown:NativeViewHierarchyManager: 	at com.android.internal.os.ZygoteInit.main(ZygoteInit.java:950)
02-10 13:52:11.811 18016 18016 E unknown:NativeViewHierarchyManager: Unable to update properties for view tag 347
02-10 13:52:11.811 18016 18016 E unknown:NativeViewHierarchyManager: com.facebook.react.uimanager.IllegalViewOperationException: ViewManager for tag 347 could not be found.
02-10 13:52:11.811 18016 18016 E unknown:NativeViewHierarchyManager: 
02-10 13:52:11.811 18016 18016 E unknown:NativeViewHierarchyManager: 	at com.facebook.react.uimanager.NativeViewHierarchyManager.resolveViewManager(NativeViewHierarchyManager.java:3)
02-10 13:52:11.811 18016 18016 E unknown:NativeViewHierarchyManager: 	at com.facebook.react.uimanager.NativeViewHierarchyManager.updateProperties(NativeViewHierarchyManager.java:2)
02-10 13:52:11.811 18016 18016 E unknown:NativeViewHierarchyManager: 	at com.facebook.react.uimanager.UIImplementation.synchronouslyUpdateViewOnUIThread(UIImplementation.java:2)
02-10 13:52:11.811 18016 18016 E unknown:NativeViewHierarchyManager: 	at com.facebook.react.uimanager.UIManagerModule.synchronouslyUpdateViewOnUIThread(UIManagerModule.java:4)
02-10 13:52:11.811 18016 18016 E unknown:NativeViewHierarchyManager: 	at com.facebook.react.animated.PropsAnimatedNode.updateView(PropsAnimatedNode.java:14)
02-10 13:52:11.811 18016 18016 E unknown:NativeViewHierarchyManager: 	at com.facebook.react.animated.NativeAnimatedNodesManager.updateNodes(NativeAnimatedNodesManager.java:27)
02-10 13:52:11.811 18016 18016 E unknown:NativeViewHierarchyManager: 	at com.facebook.react.animated.NativeAnimatedNodesManager.runUpdates(NativeAnimatedNodesManager.java:12)
02-10 13:52:11.811 18016 18016 E unknown:NativeViewHierarchyManager: 	at com.facebook.react.animated.NativeAnimatedModule$1.doFrameGuarded(NativeAnimatedModule.java:3)
02-10 13:52:11.811 18016 18016 E unknown:NativeViewHierarchyManager: 	at com.facebook.react.uimanager.GuardedFrameCallback.doFrame(GuardedFrameCallback.java:1)
02-10 13:52:11.811 18016 18016 E unknown:NativeViewHierarchyManager: 	at com.facebook.react.modules.core.ReactChoreographer$ReactChoreographerDispatcher.doFrame(ReactChoreographer.java:7)
02-10 13:52:11.811 18016 18016 E unknown:NativeViewHierarchyManager: 	at com.facebook.react.modules.core.ChoreographerCompat$FrameCallback$1.doFrame(ChoreographerCompat.java:1)
02-10 13:52:11.811 18016 18016 E unknown:NativeViewHierarchyManager: 	at android.view.Choreographer$CallbackRecord.run(Choreographer.java:1060)
02-10 13:52:11.811 18016 18016 E unknown:NativeViewHierarchyManager: 	at android.view.Choreographer.doCallbacks(Choreographer.java:884)
02-10 13:52:11.811 18016 18016 E unknown:NativeViewHierarchyManager: 	at android.view.Choreographer.doFrame(Choreographer.java:810)
02-10 13:52:11.811 18016 18016 E unknown:NativeViewHierarchyManager: 	at android.view.Choreographer$FrameDisplayEventReceiver.run(Choreographer.java:1047)
02-10 13:52:11.811 18016 18016 E unknown:NativeViewHierarchyManager: 	at android.os.Handler.handleCallback(Handler.java:883)
02-10 13:52:11.811 18016 18016 E unknown:NativeViewHierarchyManager: 	at android.os.Handler.dispatchMessage(Handler.java:100)
02-10 13:52:11.811 18016 18016 E unknown:NativeViewHierarchyManager: 	at android.os.Looper.loop(Looper.java:226)
02-10 13:52:11.811 18016 18016 E unknown:NativeViewHierarchyManager: 	at android.app.ActivityThread.main(ActivityThread.java:7592)
02-10 13:52:11.811 18016 18016 E unknown:NativeViewHierarchyManager: 	at java.lang.reflect.Method.invoke(Native Method)
02-10 13:52:11.811 18016 18016 E unknown:NativeViewHierarchyManager: 	at com.android.internal.os.RuntimeInit$MethodAndArgsCaller.run(RuntimeInit.java:539)
02-10 13:52:11.811 18016 18016 E unknown:NativeViewHierarchyManager: 	at com.android.internal.os.ZygoteInit.main(ZygoteInit.java:950)
02-10 13:52:11.826 18016 18016 E unknown:NativeViewHierarchyManager: Unable to update properties for view tag 305
02-10 13:52:11.826 18016 18016 E unknown:NativeViewHierarchyManager: com.facebook.react.uimanager.IllegalViewOperationException: ViewManager for tag 305 could not be found.
02-10 13:52:11.826 18016 18016 E unknown:NativeViewHierarchyManager: 
02-10 13:52:11.826 18016 18016 E unknown:NativeViewHierarchyManager: 	at com.facebook.react.uimanager.NativeViewHierarchyManager.resolveViewManager(NativeViewHierarchyManager.java:3)
02-10 13:52:11.826 18016 18016 E unknown:NativeViewHierarchyManager: 	at com.facebook.react.uimanager.NativeViewHierarchyManager.updateProperties(NativeViewHierarchyManager.java:2)
02-10 13:52:11.826 18016 18016 E unknown:NativeViewHierarchyManager: 	at com.facebook.react.uimanager.UIImplementation.synchronouslyUpdateViewOnUIThread(UIImplementation.java:2)
02-10 13:52:11.826 18016 18016 E unknown:NativeViewHierarchyManager: 	at com.facebook.react.uimanager.UIManagerModule.synchronouslyUpdateViewOnUIThread(UIManagerModule.java:4)
02-10 13:52:11.826 18016 18016 E unknown:NativeViewHierarchyManager: 	at com.facebook.react.animated.PropsAnimatedNode.updateView(PropsAnimatedNode.java:14)
02-10 13:52:11.826 18016 18016 E unknown:NativeViewHierarchyManager: 	at com.facebook.react.animated.NativeAnimatedNodesManager.updateNodes(NativeAnimatedNodesManager.java:27)
02-10 13:52:11.826 18016 18016 E unknown:NativeViewHierarchyManager: 	at com.facebook.react.animated.NativeAnimatedNodesManager.runUpdates(NativeAnimatedNodesManager.java:12)
02-10 13:52:11.826 18016 18016 E unknown:NativeViewHierarchyManager: 	at com.facebook.react.animated.NativeAnimatedModule$1.doFrameGuarded(NativeAnimatedModule.java:3)
02-10 13:52:11.826 18016 18016 E unknown:NativeViewHierarchyManager: 	at com.facebook.react.uimanager.GuardedFrameCallback.doFrame(GuardedFrameCallback.java:1)
02-10 13:52:11.826 18016 18016 E unknown:NativeViewHierarchyManager: 	at com.facebook.react.modules.core.ReactChoreographer$ReactChoreographerDispatcher.doFrame(ReactChoreographer.java:7)
02-10 13:52:11.826 18016 18016 E unknown:NativeViewHierarchyManager: 	at com.facebook.react.modules.core.ChoreographerCompat$FrameCallback$1.doFrame(ChoreographerCompat.java:1)
02-10 13:52:11.826 18016 18016 E unknown:NativeViewHierarchyManager: 	at android.view.Choreographer$CallbackRecord.run(Choreographer.java:1060)
02-10 13:52:11.826 18016 18016 E unknown:NativeViewHierarchyManager: 	at android.view.Choreographer.doCallbacks(Choreographer.java:884)
02-10 13:52:11.826 18016 18016 E unknown:NativeViewHierarchyManager: 	at android.view.Choreographer.doFrame(Choreographer.java:810)
02-10 13:52:11.826 18016 18016 E unknown:NativeViewHierarchyManager: 	at android.view.Choreographer$FrameDisplayEventReceiver.run(Choreographer.java:1047)
02-10 13:52:11.826 18016 18016 E unknown:NativeViewHierarchyManager: 	at android.os.Handler.handleCallback(Handler.java:883)
02-10 13:52:11.826 18016 18016 E unknown:NativeViewHierarchyManager: 	at android.os.Handler.dispatchMessage(Handler.java:100)
02-10 13:52:11.826 18016 18016 E unknown:NativeViewHierarchyManager: 	at android.os.Looper.loop(Looper.java:226)
02-10 13:52:11.826 18016 18016 E unknown:NativeViewHierarchyManager: 	at android.app.ActivityThread.main(ActivityThread.java:7592)
02-10 13:52:11.826 18016 18016 E unknown:NativeViewHierarchyManager: 	at java.lang.reflect.Method.invoke(Native Method)
02-10 13:52:11.826 18016 18016 E unknown:NativeViewHierarchyManager: 	at com.android.internal.os.RuntimeInit$MethodAndArgsCaller.run(RuntimeInit.java:539)
02-10 13:52:11.826 18016 18016 E unknown:NativeViewHierarchyManager: 	at com.android.internal.os.ZygoteInit.main(ZygoteInit.java:950)
02-10 13:52:11.826 18016 18016 E unknown:NativeViewHierarchyManager: Unable to update properties for view tag 325
02-10 13:52:11.826 18016 18016 E unknown:NativeViewHierarchyManager: com.facebook.react.uimanager.IllegalViewOperationException: ViewManager for tag 325 could not be found.
02-10 13:52:11.826 18016 18016 E unknown:NativeViewHierarchyManager: 
02-10 13:52:11.826 18016 18016 E unknown:NativeViewHierarchyManager: 	at com.facebook.react.uimanager.NativeViewHierarchyManager.resolveViewManager(NativeViewHierarchyManager.java:3)
02-10 13:52:11.826 18016 18016 E unknown:NativeViewHierarchyManager: 	at com.facebook.react.uimanager.NativeViewHierarchyManager.updateProperties(NativeViewHierarchyManager.java:2)
02-10 13:52:11.826 18016 18016 E unknown:NativeViewHierarchyManager: 	at com.facebook.react.uimanager.UIImplementation.synchronouslyUpdateViewOnUIThread(UIImplementation.java:2)
02-10 13:52:11.826 18016 18016 E unknown:NativeViewHierarchyManager: 	at com.facebook.react.uimanager.UIManagerModule.synchronouslyUpdateViewOnUIThread(UIManagerModule.java:4)
02-10 13:52:11.826 18016 18016 E unknown:NativeViewHierarchyManager: 	at com.facebook.react.animated.PropsAnimatedNode.updateView(PropsAnimatedNode.java:14)
02-10 13:52:11.826 18016 18016 E unknown:NativeViewHierarchyManager: 	at com.facebook.react.animated.NativeAnimatedNodesManager.updateNodes(NativeAnimatedNodesManager.java:27)
02-10 13:52:11.826 18016 18016 E unknown:NativeViewHierarchyManager: 	at com.facebook.react.animated.NativeAnimatedNodesManager.runUpdates(NativeAnimatedNodesManager.java:12)
02-10 13:52:11.826 18016 18016 E unknown:NativeViewHierarchyManager: 	at com.facebook.react.animated.NativeAnimatedModule$1.doFrameGuarded(NativeAnimatedModule.java:3)
02-10 13:52:11.826 18016 18016 E unknown:NativeViewHierarchyManager: 	at com.facebook.react.uimanager.GuardedFrameCallback.doFrame(GuardedFrameCallback.java:1)
02-10 13:52:11.826 18016 18016 E unknown:NativeViewHierarchyManager: 	at com.facebook.react.modules.core.ReactChoreographer$ReactChoreographerDispatcher.doFrame(ReactChoreographer.java:7)
02-10 13:52:11.826 18016 18016 E unknown:NativeViewHierarchyManager: 	at com.facebook.react.modules.core.ChoreographerCompat$FrameCallback$1.doFrame(ChoreographerCompat.java:1)
02-10 13:52:11.826 18016 18016 E unknown:NativeViewHierarchyManager: 	at android.view.Choreographer$CallbackRecord.run(Choreographer.java:1060)
02-10 13:52:11.826 18016 18016 E unknown:NativeViewHierarchyManager: 	at android.view.Choreographer.doCallbacks(Choreographer.java:884)
02-10 13:52:11.826 18016 18016 E unknown:NativeViewHierarchyManager: 	at android.view.Choreographer.doFrame(Choreographer.java:810)
02-10 13:52:11.826 18016 18016 E unknown:NativeViewHierarchyManager: 	at android.view.Choreographer$FrameDisplayEventReceiver.run(Choreographer.java:1047)
02-10 13:52:11.826 18016 18016 E unknown:NativeViewHierarchyManager: 	at android.os.Handler.handleCallback(Handler.java:883)
02-10 13:52:11.826 18016 18016 E unknown:NativeViewHierarchyManager: 	at android.os.Handler.dispatchMessage(Handler.java:100)
02-10 13:52:11.826 18016 18016 E unknown:NativeViewHierarchyManager: 	at android.os.Looper.loop(Looper.java:226)
02-10 13:52:11.826 18016 18016 E unknown:NativeViewHierarchyManager: 	at android.app.ActivityThread.main(ActivityThread.java:7592)
02-10 13:52:11.826 18016 18016 E unknown:NativeViewHierarchyManager: 	at java.lang.reflect.Method.invoke(Native Method)
02-10 13:52:11.826 18016 18016 E unknown:NativeViewHierarchyManager: 	at com.android.internal.os.RuntimeInit$MethodAndArgsCaller.run(RuntimeInit.java:539)
02-10 13:52:11.826 18016 18016 E unknown:NativeViewHierarchyManager: 	at com.android.internal.os.ZygoteInit.main(ZygoteInit.java:950)
02-10 13:52:11.827 18016 18016 E unknown:NativeViewHierarchyManager: Unable to update properties for view tag 347
02-10 13:52:11.827 18016 18016 E unknown:NativeViewHierarchyManager: com.facebook.react.uimanager.IllegalViewOperationException: ViewManager for tag 347 could not be found.
02-10 13:52:11.827 18016 18016 E unknown:NativeViewHierarchyManager: 
02-10 13:52:11.827 18016 18016 E unknown:NativeViewHierarchyManager: 	at com.facebook.react.uimanager.NativeViewHierarchyManager.resolveViewManager(NativeViewHierarchyManager.java:3)
02-10 13:52:11.827 18016 18016 E unknown:NativeViewHierarchyManager: 	at com.facebook.react.uimanager.NativeViewHierarchyManager.updateProperties(NativeViewHierarchyManager.java:2)
02-10 13:52:11.827 18016 18016 E unknown:NativeViewHierarchyManager: 	at com.facebook.react.uimanager.UIImplementation.synchronouslyUpdateViewOnUIThread(UIImplementation.java:2)
02-10 13:52:11.827 18016 18016 E unknown:NativeViewHierarchyManager: 	at com.facebook.react.uimanager.UIManagerModule.synchronouslyUpdateViewOnUIThread(UIManagerModule.java:4)
02-10 13:52:11.827 18016 18016 E unknown:NativeViewHierarchyManager: 	at com.facebook.react.animated.PropsAnimatedNode.updateView(PropsAnimatedNode.java:14)
02-10 13:52:11.827 18016 18016 E unknown:NativeViewHierarchyManager: 	at com.facebook.react.animated.NativeAnimatedNodesManager.updateNodes(NativeAnimatedNodesManager.java:27)
02-10 13:52:11.827 18016 18016 E unknown:NativeViewHierarchyManager: 	at com.facebook.react.animated.NativeAnimatedNodesManager.runUpdates(NativeAnimatedNodesManager.java:12)
02-10 13:52:11.827 18016 18016 E unknown:NativeViewHierarchyManager: 	at com.facebook.react.animated.NativeAnimatedModule$1.doFrameGuarded(NativeAnimatedModule.java:3)
02-10 13:52:11.827 18016 18016 E unknown:NativeViewHierarchyManager: 	at com.facebook.react.uimanager.GuardedFrameCallback.doFrame(GuardedFrameCallback.java:1)
02-10 13:52:11.827 18016 18016 E unknown:NativeViewHierarchyManager: 	at com.facebook.react.modules.core.ReactChoreographer$ReactChoreographerDispatcher.doFrame(ReactChoreographer.java:7)
02-10 13:52:11.827 18016 18016 E unknown:NativeViewHierarchyManager: 	at com.facebook.react.modules.core.ChoreographerCompat$FrameCallback$1.doFrame(ChoreographerCompat.java:1)
02-10 13:52:11.827 18016 18016 E unknown:NativeViewHierarchyManager: 	at android.view.Choreographer$CallbackRecord.run(Choreographer.java:1060)
02-10 13:52:11.827 18016 18016 E unknown:NativeViewHierarchyManager: 	at android.view.Choreographer.doCallbacks(Choreographer.java:884)
02-10 13:52:11.827 18016 18016 E unknown:NativeViewHierarchyManager: 	at android.view.Choreographer.doFrame(Choreographer.java:810)
02-10 13:52:11.827 18016 18016 E unknown:NativeViewHierarchyManager: 	at android.view.Choreographer$FrameDisplayEventReceiver.run(Choreographer.java:1047)
02-10 13:52:11.827 18016 18016 E unknown:NativeViewHierarchyManager: 	at android.os.Handler.handleCallback(Handler.java:883)
02-10 13:52:11.827 18016 18016 E unknown:NativeViewHierarchyManager: 	at android.os.Handler.dispatchMessage(Handler.java:100)
02-10 13:52:11.827 18016 18016 E unknown:NativeViewHierarchyManager: 	at android.os.Looper.loop(Looper.java:226)
02-10 13:52:11.827 18016 18016 E unknown:NativeViewHierarchyManager: 	at android.app.ActivityThread.main(ActivityThread.java:7592)
02-10 13:52:11.827 18016 18016 E unknown:NativeViewHierarchyManager: 	at java.lang.reflect.Method.invoke(Native Method)
02-10 13:52:11.827 18016 18016 E unknown:NativeViewHierarchyManager: 	at com.android.internal.os.RuntimeInit$MethodAndArgsCaller.run(RuntimeInit.java:539)
02-10 13:52:11.827 18016 18016 E unknown:NativeViewHierarchyManager: 	at com.android.internal.os.ZygoteInit.main(ZygoteInit.java:950)
02-10 13:52:11.879   757 16399 D         : 2.[lyd_hbm]updataHBMLightValue: dataLux = 2
02-10 13:52:11.990   757 16399 D         : 2.[lyd_hbm]updataHBMLightValue: dataLux = 2
02-10 13:52:12.092 17530 17552 I AudioManager: In isBluetoothScoOn(), calling application: com.huaqin.sarcontroller
02-10 13:52:12.093  1621  3838 I AS.AudioDeviceBroker: In isBluetoothScoOnForApp(), mForcedUseForCommExt: 0
02-10 13:52:12.093 17530 17552 I AudioManager: In isSpeakerphoneOn(), calling application: com.huaqin.sarcontroller
02-10 13:52:12.094  1621  3838 I AS.AudioDeviceBroker: In isSpeakerphoneOn(), mForcedUseForCommExt: 0
02-10 13:52:12.100   757 16399 D         : 2.[lyd_hbm]updataHBMLightValue: dataLux = 2
02-10 13:52:12.210   757 16399 D         : 2.[lyd_hbm]updataHBMLightValue: dataLux = 2
02-10 13:52:12.290   757  2090 D         : readbrightness,out:4095.
02-10 13:52:12.319   757 16399 D         : 2.[lyd_hbm]updataHBMLightValue: dataLux = 2
02-10 13:52:12.769   757 16399 I chatty  : uid=0(root) /system/bin/displayfeature identical 4 lines
02-10 13:52:12.880   757 16399 D         : 2.[lyd_hbm]updataHBMLightValue: dataLux = 2
02-10 13:52:12.990   757 16399 D         : 2.[lyd_hbm]updataHBMLightValue: dataLux = 1
02-10 13:52:13.097   757 16399 D         : 2.[lyd_hbm]updataHBMLightValue: dataLux = 1
02-10 13:52:13.136 17530 17552 I AudioManager: In isBluetoothScoOn(), calling application: com.huaqin.sarcontroller
02-10 13:52:13.137  1621  3838 I AS.AudioDeviceBroker: In isBluetoothScoOnForApp(), mForcedUseForCommExt: 0
02-10 13:52:13.137 17530 17552 I AudioManager: In isSpeakerphoneOn(), calling application: com.huaqin.sarcontroller
02-10 13:52:13.138  1621  3838 I AS.AudioDeviceBroker: In isSpeakerphoneOn(), mForcedUseForCommExt: 0
02-10 13:52:13.210   757 16399 D         : 2.[lyd_hbm]updataHBMLightValue: dataLux = 1
02-10 13:52:13.291   757  2090 D         : readbrightness,out:4095.
02-10 13:52:13.319   757 16399 D         : 2.[lyd_hbm]updataHBMLightValue: dataLux = 1
02-10 13:52:13.430   757 16399 D         : 2.[lyd_hbm]updataHBMLightValue: dataLux = 1
02-10 13:52:13.449   801   857 W ANDR-PERF-LM: FeatureState: readState() 149: warning: appName is NULL, returning default State
02-10 13:52:13.450   801   857 W ANDR-PERF-LM: FeatureState: readState() 149: warning: appName is NULL, returning default State
02-10 13:52:13.512 18016 18016 D SoLoader: init exiting
02-10 13:52:13.514 18016 18016 I Timeline: Timeline: Activity_launch_request time:58624027
02-10 13:52:13.515  1621  3838 I ActivityTaskManager: START u0 {flg=0xc080000 cmp=host.exp.exponent/.experience.ExperienceActivity (has extras)} from uid 10243
02-10 13:52:13.515  1621  3838 D MiuiMultiWindowAdapter: MiuiMultiWindowAdapter::getFreeformBlackList::sSmallWindowBlackList = [com.miui.securitycenter, com.miui.weather2, com.miui.miservice, com.android.calendar, com.xiaomi.calendar, com.android.contacts, com.miui.mishare.connectivity, com.android.settings, com.android.printspooler, com.miui.backup, com.miui.huanji, com.miui.calculator, com.android.deskclock, com.android.thememanager, com.mfashiongallery.emag, com.miui.virtualsim, com.miui.smarttravel, com.mi.health, com.android.camera, com.lbe.security.miui, com.miui.cleanmaster, com.miui.newhome, com.miui.voiceassist, com.android.phone, com.miui.yellowpage, com.android.updater, com.miui.tsmclient, com.miui.securitycore, com.xiaomi.account, com.xiaomi.shop, com.mipay.wallet, com.xiaomi.youpin, com.xiaomi.hm.health, com.miui.bugreport, com.xiaomi.mibrain.speech, com.xiaomi.mimoji, com.xiaomi.scanner, com.duokan.phone.remotecontroller, com.miui.hybrid, com.android.incallui, com.miui.video, com.miui.videoplayer, com.miui.player, com.miui.fm, com.miui.packageinstaller, com.mi.android.globallauncher, com.google.android.dialer, com.google.android.apps.magazines, com.miui.compass, com.miui.greenguard, com.kiteguard, com.google.android.apps.prodcasts, com.google.ar.lens, com.xiangkan.android, com.android.bankabc, com.sohu.inputmethod.sogou, com.tencent.mtt, com.shyz.toutiao, com.netease.mc.mi, com.outfit7.talkingtomgoldrun.mi, com.doudz.mi, com.wepie.snake.new.mi, cn.jj, com.standddz002.mi, com.miHoYo.bh3.mi, com.qqgame.hlddz, com.happyelements.AndroidAnimal, com.minitech.miniworld.TMobile.mi, com.mfp.jelly.xiaomi, com.lilithgames.afk.mi, com.tencent.peng, com.teenpatti.hd.gold, blockpuzzle.jewelgames.jewelslegend, com.playgendary.tanks, com.chillingo.robberybobfree.android.row, com.episodeinteractive.android.catalog, com.playrix.township, com.ansangha.drdriving, com.google.android.youtube, com.gbits.atm.mi]
02-10 13:52:13.525  1621  3838 D CompatibilityInfo: mCompatibilityFlags - 0
02-10 13:52:13.525  1621  3838 D CompatibilityInfo: applicationDensity - 440
02-10 13:52:13.525  1621  3838 D CompatibilityInfo: applicationScale - 1.0
02-10 13:52:13.526  1621  3838 D WindowManager: Change theme from 2131886622 to 2131886621 for splash screen.
02-10 13:52:13.526  1621  3838 D ActivityTrigger: ActivityTrigger activityPauseTrigger 
02-10 13:52:13.549   757 16399 D         : 2.[lyd_hbm]updataHBMLightValue: dataLux = 1
02-10 13:52:13.555  1621  5834 I ActivityTaskManager: The Process host.exp.exponent Already Exists in BG. So sending its PID: 18016
02-10 13:52:13.558  1621  5834 D CompatibilityInfo: mCompatibilityFlags - 0
02-10 13:52:13.558  1621  5834 D CompatibilityInfo: applicationDensity - 440
02-10 13:52:13.558  1621  5834 D CompatibilityInfo: applicationScale - 1.0
02-10 13:52:13.562  1621  5834 I Timeline: Timeline: App_transition_ready time:58624075
02-10 13:52:13.563 18016 18016 W ActivityThread: handleWindowVisibility: no activity for token android.os.BinderProxy@fbfff38
02-10 13:52:13.585  1621  1792 I Timeline: Timeline: App_transition_ready time:58624098
02-10 13:52:13.593  2123  2123 D EventBus: [2123, u0] send(TaskSnapshotChangedEvent)
02-10 13:52:13.600   642 18159 E ResolverController: No valid NAT64 prefix (112, <unspecified>/0)
02-10 13:52:13.606 18016 18016 W a       : Could not find listener for key: experienceActivityKernelDidLoad
02-10 13:52:13.607 18016 18016 W a       : Could not find listener for key: openOptimisticExperienceActivity
02-10 13:52:13.607 18016 18016 W a       : Could not find listener for key: openExperienceActivity
02-10 13:52:13.612  1621  5834 E WindowManager: App trying to use insecure INPUT_FEATURE_NO_INPUT_CHANNEL flag. Ignoring
02-10 13:52:13.634  5965  6012 E PowerKeeper.Event: oops, parse AM_RESTART_ACTIVITY_AI parameter error
02-10 13:52:13.638  1621  1805 I ActivityTaskManager: Displayed host.exp.exponent/.experience.ExperienceActivity: +120ms
02-10 13:52:13.638  3640  3640 I GoogleInputMethodService: GoogleInputMethodService.onFinishInput():3316 
02-10 13:52:13.639  3640  3640 I GoogleInputMethodService: GoogleInputMethodService.updateDeviceLockedStatus():2181 checkRepeatedly = false, unlocked = true
02-10 13:52:13.639  3640  3640 I GoogleInputMethodService: GoogleInputMethodService.onStartInput():1989 
02-10 13:52:13.640  3640  3640 I GoogleInputMethodService: GoogleInputMethodService.updateDeviceLockedStatus():2181 checkRepeatedly = true, unlocked = true
02-10 13:52:13.643   805 30607 I /vendor/bin/hw/vendor.qti.hardware.servicetracker@1.1-service: getClientConnections called for client: host.exp.exponent
02-10 13:52:13.655   757 16399 D         : 2.[lyd_hbm]updataHBMLightValue: dataLux = 1
02-10 13:52:13.683   805 30607 I /vendor/bin/hw/vendor.qti.hardware.servicetracker@1.1-service: bindService is called for service : com.google.android.gms/.chimera.PersistentApiService and for client com.google.android.googlequicksearchbox:search
02-10 13:52:13.683   805 30607 I /vendor/bin/hw/vendor.qti.hardware.servicetracker@1.1-service: total connections for service : com.google.android.gms/.chimera.PersistentApiServiceare :12
02-10 13:52:13.683   805 30607 I /vendor/bin/hw/vendor.qti.hardware.servicetracker@1.1-service: total connections for client : com.google.android.googlequicksearchbox:searchare :2
02-10 13:52:13.770   757 16399 D         : 2.[lyd_hbm]updataHBMLightValue: dataLux = 2
02-10 13:52:13.877  2123  2123 D SignalClusterView: updateMobileTypeImage  0
02-10 13:52:13.880   757 16399 D         : 2.[lyd_hbm]updataHBMLightValue: dataLux = 2
02-10 13:52:13.893  2123  2123 D SignalClusterView: updateMobileTypeImage  0
02-10 13:52:13.910  2123  2123 I chatty  : uid=1000(system) com.android.systemui identical 1 line
02-10 13:52:13.926  2123  2123 D SignalClusterView: updateMobileTypeImage  0
02-10 13:52:13.934  2402  3430 D QCNEJ/WlanStaInfoRelay: Received action: android.net.wifi.RSSI_CHANGED
02-10 13:52:13.937 29333 29499 I CarrierServices: [6451] bwc.c: Connected state: [1], networkType: [WIFI]
02-10 13:52:13.938  2123  2123 D SignalClusterView: updateMobileTypeImage  0
02-10 13:52:13.941  1621  2032 D LocationPolicy: checkUidLocationOp [uid = 1000, op = 1
02-10 13:52:13.946  2123  2123 I chatty  : uid=1000(system) com.android.systemui identical 5 lines
02-10 13:52:13.947  2123  2123 D SignalClusterView: updateMobileTypeImage  0
02-10 13:52:13.956 29333 29496 I CarrierServices: [6450] cln.v: Rcs is enabled from user settings: true
02-10 13:52:13.960  2123  2123 D SignalClusterView: updateMobileTypeImage  0
02-10 13:52:13.976  2123  2123 D SignalClusterView: updateMobileTypeImage  0
02-10 13:52:13.989   757 16399 D         : 2.[lyd_hbm]updataHBMLightValue: dataLux = 2
02-10 13:52:13.992  2123  2123 D SignalClusterView: updateMobileTypeImage  0
02-10 13:52:14.099   757 16399 D         : 2.[lyd_hbm]updataHBMLightValue: dataLux = 2
02-10 13:52:14.181 17530 17552 I AudioManager: In isBluetoothScoOn(), calling application: com.huaqin.sarcontroller
02-10 13:52:14.181  1621  3749 I AS.AudioDeviceBroker: In isBluetoothScoOnForApp(), mForcedUseForCommExt: 0
02-10 13:52:14.182 17530 17552 I AudioManager: In isSpeakerphoneOn(), calling application: com.huaqin.sarcontroller
02-10 13:52:14.182  1621  3749 I AS.AudioDeviceBroker: In isSpeakerphoneOn(), mForcedUseForCommExt: 0
02-10 13:52:14.209   757 16399 D         : 2.[lyd_hbm]updataHBMLightValue: dataLux = 8
02-10 13:52:14.228  2123  2123 D EventBus: [2123, u0] send(AppTransitionFinishedEvent)
02-10 13:52:14.228  2123  2123 D EventBus: [2123, u0]  -> ForcedResizableInfoActivityController [0xbfabdb8, P1] onBusEvent(AppTransitionFinishedEvent)
02-10 13:52:14.228  2123  2123 D EventBus: [2123, u0] onBusEvent(AppTransitionFinishedEvent) duration: 21 microseconds, avg: 419
02-10 13:52:14.230  1621  1791 D ActivityTrigger: ActivityTrigger activityStopTrigger 
02-10 13:52:14.233  1621  2030 I MiuiNetworkPolicy: updateUidState uid = 10210, uidState = 6
02-10 13:52:14.292   757  2090 D         : readbrightness,out:4095.
02-10 13:52:14.320   757 16399 D         : 2.[lyd_hbm]updataHBMLightValue: dataLux = 10
02-10 13:52:14.350  2485  2485 D QtiCarrierConfigHelper: WARNING, no carrier configs on phone Id: 0
02-10 13:52:14.350  4323  4323 I BatteryInfoReceiver: ACTION_BATTERY_CHANGED
02-10 13:52:14.351  5965  6025 D PowerCheckerService: onBatteryChanged, mBatteryLevel = 100, status = 2, level = 100, plug = 2, scale = 100
02-10 13:52:14.351  2123  2123 D KeyguardUpdateMonitor: received broadcast android.intent.action.BATTERY_CHANGED
02-10 13:52:14.378  1621  1792 I Timeline: Timeline: Activity_windows_visible id: ActivityRecord{c8dd91 u0 host.exp.exponent/.experience.ExperienceActivity t396} time:58624891
02-10 13:52:14.378  2123  2123 D EventBus: [2123, u0] send(AppTransitionFinishedEvent)
02-10 13:52:14.378  2123  2123 D EventBus: [2123, u0]  -> ForcedResizableInfoActivityController [0xbfabdb8, P1] onBusEvent(AppTransitionFinishedEvent)
02-10 13:52:14.379  2123  2123 D EventBus: [2123, u0] onBusEvent(AppTransitionFinishedEvent) duration: 22 microseconds, avg: 419
02-10 13:52:14.379  1621  1792 I Timeline: Timeline: App_transition_stopped time:58624892
02-10 13:52:14.430   757 16399 D         : 2.[lyd_hbm]updataHBMLightValue: dataLux = 10
02-10 13:52:14.541   757 16399 D         : 2.[lyd_hbm]updataHBMLightValue: dataLux = 9
02-10 13:52:14.660   757 16399 D         : 2.[lyd_hbm]updataHBMLightValue: dataLux = 9
02-10 13:52:14.770   757 16399 D         : 2.[lyd_hbm]updataHBMLightValue: dataLux = 2
02-10 13:52:14.880   757 16399 D         : 2.[lyd_hbm]updataHBMLightValue: dataLux = 2
02-10 13:52:14.961  1621  2030 I MiuiNetworkPolicy: updateUidState uid = 10210, uidState = 16
02-10 13:52:14.992   757 16399 D         : 2.[lyd_hbm]updataHBMLightValue: dataLux = 6
02-10 13:52:15.101   757 16399 D         : 2.[lyd_hbm]updataHBMLightValue: dataLux = 6
02-10 13:52:15.196 17530 17552 I AudioManager: In isBluetoothScoOn(), calling application: com.huaqin.sarcontroller
02-10 13:52:15.197  1621  2480 I AS.AudioDeviceBroker: In isBluetoothScoOnForApp(), mForcedUseForCommExt: 0
02-10 13:52:15.198 17530 17552 I AudioManager: In isSpeakerphoneOn(), calling application: com.huaqin.sarcontroller
02-10 13:52:15.198  1621  2480 I AS.AudioDeviceBroker: In isSpeakerphoneOn(), mForcedUseForCommExt: 0
02-10 13:52:15.210   757 16399 D         : 2.[lyd_hbm]updataHBMLightValue: dataLux = 2
02-10 13:52:15.293   757  2090 D         : readbrightness,out:4095.
02-10 13:52:15.314   805 30607 I /vendor/bin/hw/vendor.qti.hardware.servicetracker@1.1-service: bindService is called for service : com.xiaomi.xmsf/.push.service.HttpService and for client com.android.settings:remote
02-10 13:52:15.314   805 30607 I /vendor/bin/hw/vendor.qti.hardware.servicetracker@1.1-service: total connections for service : com.xiaomi.xmsf/.push.service.HttpServiceare :1
02-10 13:52:15.314   805 30607 I /vendor/bin/hw/vendor.qti.hardware.servicetracker@1.1-service: total connections for client : com.android.settings:remoteare :1
02-10 13:52:15.315  1621  2480 D CompatibilityInfo: mCompatibilityFlags - 0
02-10 13:52:15.315  1621  2480 D CompatibilityInfo: applicationDensity - 440
02-10 13:52:15.315  1621  2480 D CompatibilityInfo: applicationScale - 1.0
02-10 13:52:15.316   805 30607 I /vendor/bin/hw/vendor.qti.hardware.servicetracker@1.1-service: startService() is called for servicecom.xiaomi.xmsf/.push.service.HttpService
02-10 13:52:15.319   757 16399 D         : 2.[lyd_hbm]updataHBMLightValue: dataLux = 2
02-10 13:52:15.323   805 30607 I /vendor/bin/hw/vendor.qti.hardware.servicetracker@1.1-service: unbindService is called for service : com.xiaomi.xmsf/.push.service.HttpService and for client com.android.settings:remote
02-10 13:52:15.324   805 30607 I /vendor/bin/hw/vendor.qti.hardware.servicetracker@1.1-service: size of service connections for service: com.xiaomi.xmsf/.push.service.HttpServiceafter removal is 0
02-10 13:52:15.324   805 30607 I /vendor/bin/hw/vendor.qti.hardware.servicetracker@1.1-service: size of client connections for client: com.android.settings:remoteafter removal is 0
02-10 13:52:15.324   805 30607 I /vendor/bin/hw/vendor.qti.hardware.servicetracker@1.1-service: destroyService is called for service : com.xiaomi.xmsf/.push.service.HttpService
02-10 13:52:15.430   757 16399 D         : 2.[lyd_hbm]updataHBMLightValue: dataLux = 6
02-10 13:52:15.445  2123  2618 D MobileSignalController: onSignalStrengthsChanged: SignalStrength:{mCdma=CellSignalStrengthCdma: cdmaDbm=2147483647 cdmaEcio=2147483647 evdoDbm=2147483647 evdoEcio=2147483647 evdoSnr=2147483647 miuiLevel=0 level=0,mGsm=CellSignalStrengthGsm: rssi=2147483647 ber=2147483647 mTa=2147483647 miuiLevel=0 mLevel=0,mWcdma=CellSignalStrengthWcdma: ss=2147483647 ber=2147483647 rscp=2147483647 ecno=2147483647 miuiLevel=0 level=0,mTdscdma=CellSignalStrengthTdscdma: rssi=2147483647 ber=2147483647 rscp=2147483647 miuiLevel=0 level=0,mLte=CellSignalStrengthLte: rssi=-77 rsrp=-109 rsrq=-12 rssnr=96 cqi=2147483647 ta=2147483647 miuiLevel=3 level=2,mNr=CellSignalStrengthNr:{ csiRsrp = 2147483647 csiRsrq = 2147483647 csiSinr = 2147483647 ssRsrp = 2147483647 ssRsrq = 2147483647 ssSinr = 2147483647 miuiLevel = 0 level = 0 },primary=CellSignalStrengthLte}
02-10 13:52:15.445  2123  2618 D NetworkController.MobileSignalController(1): 4G level = 3
02-10 13:52:15.463 18016 18016 W Settings: Setting airplane_mode_on has moved from android.provider.Settings.System to android.provider.Settings.Global, returning read-only value.
02-10 13:52:15.487  1621  3838 E WindowManager: App trying to use insecure INPUT_FEATURE_NO_INPUT_CHANNEL flag. Ignoring
02-10 13:52:15.490 18016 18016 D SoLoader: init exiting
02-10 13:52:15.503 18016 18016 W a       : Could not find listener for key: loadBundleForExperienceActivity
02-10 13:52:15.504 18016 18016 E k       : java.lang.NoSuchFieldException: No field numActivities in class Landroid/app/ActivityManager$RecentTaskInfo; (declaration of 'android.app.ActivityManager$RecentTaskInfo' appears in /system/framework/framework.jar)
02-10 13:52:15.504 18016 18016 E c       : java.lang.RuntimeException: A TaskDescription's primary color should be opaque
02-10 13:52:15.505 18016 18016 W unknown:ReactRootView: Unable to update root layout specs for uninitialized ReactInstanceManager
02-10 13:52:15.506  4323  4323 V onNotificationPostedCallBack: flags=2
02-10 13:52:15.507  2123  2123 D StatusBar: onNotificationPosted key=0|host.exp.exponent|10101|null|10243 isUpdate=false
02-10 13:52:15.507  4323  4323 V h       : ret=0
02-10 13:52:15.508 18016 18118 D k       : Successfully called ExponentKernel.addHistoryItem in kernel JS.
02-10 13:52:15.519  2123  2123 D StatusBar: No peeking: unimportant notification: 0|host.exp.exponent|10101|null|10243
02-10 13:52:15.522  2123  2123 D SignalClusterView: updateMobileTypeImage  0
02-10 13:52:15.536 18016 18016 D SoLoader: init exiting
02-10 13:52:15.537  2123  2123 D SignalClusterView: updateMobileTypeImage  0
02-10 13:52:15.540  1621  3749 I SensorService: check list, getPackageName  abi44_0_0.com.facebook.react.common.ShakeDetector
02-10 13:52:15.540   786   786 I sensors-hal: flush:260, android.sensor.accelerometer/11
02-10 13:52:15.540   786   786 I sensors-hal: flush:268, android.sensor.accelerometer/11 completed
02-10 13:52:15.541   757 16399 D         : 2.[lyd_hbm]updataHBMLightValue: dataLux = 2
02-10 13:52:15.544  2123  2123 D SignalClusterView: updateMobileTypeImage  0
02-10 13:52:15.546 18016 18016 W unknown:ReactNative: Packager connection already open, nooping.
02-10 13:52:15.572  2123  2123 D StatusBar: No peeking: unimportant notification: 0|host.exp.exponent|10101|null|10243
02-10 13:52:15.576  2123  2123 D SignalClusterView: updateMobileTypeImage  0
02-10 13:52:15.628  2123  2123 I chatty  : uid=1000(system) com.android.systemui identical 3 lines
02-10 13:52:15.645  2123  2123 D SignalClusterView: updateMobileTypeImage  0
02-10 13:52:15.660   757 16399 D         : 2.[lyd_hbm]updataHBMLightValue: dataLux = 2
02-10 13:52:15.661  2123  2123 D SignalClusterView: updateMobileTypeImage  0
02-10 13:52:15.745  2123  2123 I chatty  : uid=1000(system) com.android.systemui identical 5 lines
02-10 13:52:15.762  2123  2123 D SignalClusterView: updateMobileTypeImage  0
02-10 13:52:15.769   757 16399 D         : 2.[lyd_hbm]updataHBMLightValue: dataLux = 6
02-10 13:52:15.779  2123  2123 D SignalClusterView: updateMobileTypeImage  0
02-10 13:52:15.861  2123  2123 I chatty  : uid=1000(system) com.android.systemui identical 5 lines
02-10 13:52:15.877  2123  2123 D SignalClusterView: updateMobileTypeImage  0
02-10 13:52:15.879   757 16399 D         : 2.[lyd_hbm]updataHBMLightValue: dataLux = 6
02-10 13:52:15.894  2123  2123 D SignalClusterView: updateMobileTypeImage  0
02-10 13:52:15.961  2123  2123 I chatty  : uid=1000(system) com.android.systemui identical 4 lines
02-10 13:52:15.979  2123  2123 D SignalClusterView: updateMobileTypeImage  0
02-10 13:52:15.990   757 16399 D         : 2.[lyd_hbm]updataHBMLightValue: dataLux = 6
02-10 13:52:15.996  2123  2123 D SignalClusterView: updateMobileTypeImage  0
02-10 13:52:16.100   757 16399 D         : 2.[lyd_hbm]updataHBMLightValue: dataLux = 2
02-10 13:52:16.207 17530 17552 I AudioManager: In isBluetoothScoOn(), calling application: com.huaqin.sarcontroller
02-10 13:52:16.208  1621  3749 I AS.AudioDeviceBroker: In isBluetoothScoOnForApp(), mForcedUseForCommExt: 0
02-10 13:52:16.208 17530 17552 I AudioManager: In isSpeakerphoneOn(), calling application: com.huaqin.sarcontroller
02-10 13:52:16.209  1621  3749 I AS.AudioDeviceBroker: In isSpeakerphoneOn(), mForcedUseForCommExt: 0
02-10 13:52:16.210   757 16399 D         : 2.[lyd_hbm]updataHBMLightValue: dataLux = 6
02-10 13:52:16.294   757  2090 D         : readbrightness,out:4095.
02-10 13:52:16.320   757 16399 D         : 2.[lyd_hbm]updataHBMLightValue: dataLux = 2
02-10 13:52:16.433   757 16399 D         : 2.[lyd_hbm]updataHBMLightValue: dataLux = 6
02-10 13:52:16.492  1621  2027 D NtpTrustedTime: currentTimeMillis() cache hit
02-10 13:52:16.493   642 15097 I netd    : trafficSwapActiveStatsMap() <0.37ms>
02-10 13:52:16.496   642 15097 I netd    : tetherGetStats() <1.07ms>
02-10 13:52:16.514  1621  2027 D NtpTrustedTime: currentTimeMillis() cache hit
02-10 13:52:16.515  4323  5325 I TrafficManageService: mina mTrafficStatsReceiver onReceive
02-10 13:52:16.515   642 15097 I netd    : bandwidthSetGlobalAlert(131072) <0.20ms>
02-10 13:52:16.516  4323  5325 I TrafficManageService: mina checkNormalTrafficStatus 
02-10 13:52:16.541   757 16399 D         : 2.[lyd_hbm]updataHBMLightValue: dataLux = 2
02-10 13:52:16.625 18016 18185 D SoLoader: About to load: libreactnativejni_abi44_0_0.so
02-10 13:52:16.625 18016 18185 D SoLoader: libreactnativejni_abi44_0_0.so not found on /data/data/host.exp.exponent/lib-main
02-10 13:52:16.626 18016 18185 D SoLoader: libreactnativejni_abi44_0_0.so found on /data/data/host.exp.exponent/lib-0
02-10 13:52:16.627 18016 18185 D SoLoader: Loading lib dependencies: [libreactnativeutilsjni_abi44_0_0.so, libglog_init_abi44_0_0.so, libyoga_abi44_0_0.so, libjsinspector_abi44_0_0.so, libreactperfloggerjni_abi44_0_0.so, libfb_abi44_0_0.so, libfbjni.so, libfolly_json_abi44_0_0.so, libglog_abi44_0_0.so, libc++_shared.so, libandroid.so, liblog.so, libc.so, libm.so, libdl.so]
02-10 13:52:16.627 18016 18185 D SoLoader: About to load: libreactnativeutilsjni_abi44_0_0.so
02-10 13:52:16.628 18016 18185 D SoLoader: libreactnativeutilsjni_abi44_0_0.so not found on /data/data/host.exp.exponent/lib-main
02-10 13:52:16.628 18016 18185 D SoLoader: libreactnativeutilsjni_abi44_0_0.so found on /data/data/host.exp.exponent/lib-0
02-10 13:52:16.629 18016 18185 D SoLoader: Loading lib dependencies: [libglog_init_abi44_0_0.so, libyoga_abi44_0_0.so, libjsinspector_abi44_0_0.so, libreactperfloggerjni_abi44_0_0.so, libfb_abi44_0_0.so, libfbjni.so, libfolly_json_abi44_0_0.so, libglog_abi44_0_0.so, libc++_shared.so, libandroid.so, liblog.so, libc.so, libm.so, libdl.so]
02-10 13:52:16.629 18016 18185 D SoLoader: About to load: libglog_init_abi44_0_0.so
02-10 13:52:16.629 18016 18185 D SoLoader: libglog_init_abi44_0_0.so not found on /data/data/host.exp.exponent/lib-main
02-10 13:52:16.629 18016 18185 D SoLoader: libglog_init_abi44_0_0.so found on /data/data/host.exp.exponent/lib-0
02-10 13:52:16.630 18016 18185 D SoLoader: Loading lib dependencies: [libglog_abi44_0_0.so, libc++_shared.so, liblog.so, libc.so, libm.so, libdl.so]
02-10 13:52:16.630 18016 18185 D SoLoader: About to load: libglog_abi44_0_0.so
02-10 13:52:16.630 18016 18185 D SoLoader: libglog_abi44_0_0.so not found on /data/data/host.exp.exponent/lib-main
02-10 13:52:16.630 18016 18185 D SoLoader: libglog_abi44_0_0.so found on /data/data/host.exp.exponent/lib-0
02-10 13:52:16.630 18016 18185 D SoLoader: Loading lib dependencies: [libc++_shared.so, libc.so, libm.so, libdl.so]
02-10 13:52:16.619 18016 18016 W 0.103:19000/...: type=1400 audit(0.0:16633): avc: granted { execute } for path="/data/data/host.exp.exponent/lib-0/libglog_abi44_0_0.so" dev="sda11" ino=36858 scontext=u:r:untrusted_app:s0:c243,c256,c512,c768 tcontext=u:object_r:app_data_file:s0:c243,c256,c512,c768 tclass=file
02-10 13:52:16.632 18016 18185 D SoLoader: Loaded: libglog_abi44_0_0.so
02-10 13:52:16.633 18016 18185 D SoLoader: Loaded: libglog_init_abi44_0_0.so
02-10 13:52:16.633 18016 18185 D SoLoader: About to load: libyoga_abi44_0_0.so
02-10 13:52:16.633 18016 18185 D SoLoader: libyoga_abi44_0_0.so not found on /data/data/host.exp.exponent/lib-main
02-10 13:52:16.633 18016 18185 D SoLoader: libyoga_abi44_0_0.so found on /data/data/host.exp.exponent/lib-0
02-10 13:52:16.619 18016 18016 W 0.103:19000/...: type=1400 audit(0.0:16634): avc: granted { execute } for path="/data/data/host.exp.exponent/lib-0/libglog_init_abi44_0_0.so" dev="sda11" ino=27975 scontext=u:r:untrusted_app:s0:c243,c256,c512,c768 tcontext=u:object_r:app_data_file:s0:c243,c256,c512,c768 tclass=file
02-10 13:52:16.634 18016 18185 D SoLoader: Loading lib dependencies: [libfb_abi44_0_0.so, libfbjni.so, libc++_shared.so, libandroid.so, liblog.so, libc.so, libm.so, libdl.so]
02-10 13:52:16.634 18016 18185 D SoLoader: About to load: libfb_abi44_0_0.so
02-10 13:52:16.634 18016 18185 D SoLoader: libfb_abi44_0_0.so not found on /data/data/host.exp.exponent/lib-main
02-10 13:52:16.634 18016 18185 D SoLoader: libfb_abi44_0_0.so found on /data/data/host.exp.exponent/lib-0
02-10 13:52:16.635 18016 18185 D SoLoader: Loading lib dependencies: [libc++_shared.so, liblog.so, libdl.so, libandroid.so, libc.so, libm.so]
02-10 13:52:16.619 18016 18016 W 0.103:19000/...: type=1400 audit(0.0:16635): avc: granted { execute } for path="/data/data/host.exp.exponent/lib-0/libfb_abi44_0_0.so" dev="sda11" ino=18908 scontext=u:r:untrusted_app:s0:c243,c256,c512,c768 tcontext=u:object_r:app_data_file:s0:c243,c256,c512,c768 tclass=file
02-10 13:52:16.636 18016 18185 D SoLoader: Loaded: libfb_abi44_0_0.so
02-10 13:52:16.629 18016 18016 W 0.103:19000/...: type=1400 audit(0.0:16636): avc: granted { execute } for path="/data/data/host.exp.exponent/lib-0/libyoga_abi44_0_0.so" dev="sda11" ino=57440 scontext=u:r:untrusted_app:s0:c243,c256,c512,c768 tcontext=u:object_r:app_data_file:s0:c243,c256,c512,c768 tclass=file
02-10 13:52:16.638 18016 18185 D SoLoader: Loaded: libyoga_abi44_0_0.so
02-10 13:52:16.638 18016 18185 D SoLoader: About to load: libjsinspector_abi44_0_0.so
02-10 13:52:16.638 18016 18185 D SoLoader: libjsinspector_abi44_0_0.so not found on /data/data/host.exp.exponent/lib-main
02-10 13:52:16.638 18016 18185 D SoLoader: libjsinspector_abi44_0_0.so found on /data/data/host.exp.exponent/lib-0
02-10 13:52:16.639 18016 18185 D SoLoader: Loading lib dependencies: [libc++_shared.so, libc.so, libm.so, libdl.so]
02-10 13:52:16.629 18016 18016 W 0.103:19000/...: type=1400 audit(0.0:16637): avc: granted { execute } for path="/data/data/host.exp.exponent/lib-0/libjsinspector_abi44_0_0.so" dev="sda11" ino=28761 scontext=u:r:untrusted_app:s0:c243,c256,c512,c768 tcontext=u:object_r:app_data_file:s0:c243,c256,c512,c768 tclass=file
02-10 13:52:16.639 18016 18185 D SoLoader: Loaded: libjsinspector_abi44_0_0.so
02-10 13:52:16.639 18016 18185 D SoLoader: About to load: libreactperfloggerjni_abi44_0_0.so
02-10 13:52:16.639 18016 18185 D SoLoader: libreactperfloggerjni_abi44_0_0.so not found on /data/data/host.exp.exponent/lib-main
02-10 13:52:16.640 18016 18185 D SoLoader: libreactperfloggerjni_abi44_0_0.so found on /data/data/host.exp.exponent/lib-0
02-10 13:52:16.640 18016 18185 D SoLoader: Loading lib dependencies: [libfb_abi44_0_0.so, libfbjni.so, libc++_shared.so, libandroid.so, liblog.so, libc.so, libm.so, libdl.so]
02-10 13:52:16.629 18016 18016 W 0.103:19000/...: type=1400 audit(0.0:16638): avc: granted { execute } for path="/data/data/host.exp.exponent/lib-0/libreactperfloggerjni_abi44_0_0.so" dev="sda11" ino=28899 scontext=u:r:untrusted_app:s0:c243,c256,c512,c768 tcontext=u:object_r:app_data_file:s0:c243,c256,c512,c768 tclass=file
02-10 13:52:16.641 18016 18185 D SoLoader: Loaded: libreactperfloggerjni_abi44_0_0.so
02-10 13:52:16.641 18016 18185 D SoLoader: About to load: libfolly_json_abi44_0_0.so
02-10 13:52:16.641 18016 18185 D SoLoader: libfolly_json_abi44_0_0.so not found on /data/data/host.exp.exponent/lib-main
02-10 13:52:16.641 18016 18185 D SoLoader: libfolly_json_abi44_0_0.so found on /data/data/host.exp.exponent/lib-0
02-10 13:52:16.642 18016 18185 D SoLoader: Loading lib dependencies: [libglog_abi44_0_0.so, libc++_shared.so, libc.so, libm.so, libdl.so]
02-10 13:52:16.643 18016 18185 D SoLoader: Loaded: libfolly_json_abi44_0_0.so
02-10 13:52:16.646 18016 18185 D SoLoader: Loaded: libreactnativeutilsjni_abi44_0_0.so
02-10 13:52:16.651 18016 18185 D SoLoader: Loaded: libreactnativejni_abi44_0_0.so
02-10 13:52:16.660   757 16399 D         : 2.[lyd_hbm]updataHBMLightValue: dataLux = 6
02-10 13:52:16.771   757 16399 D         : 2.[lyd_hbm]updataHBMLightValue: dataLux = 2
02-10 13:52:16.880   757 16399 D         : 2.[lyd_hbm]updataHBMLightValue: dataLux = 2
02-10 13:52:16.902  1621  2030 D MiuiNetworkPolicy: updateLimit mLimitEnabled=true,enabled=false,mNetworkPriorityMode=255
02-10 13:52:16.903   642 15097 D OemNetd : setLimit: disable, rate=0
02-10 13:52:16.968  2123  2123 D SignalClusterView: updateMobileTypeImage  0
02-10 13:52:16.968  2123  2123 I chatty  : uid=1000(system) com.android.systemui identical 1 line
02-10 13:52:16.969  2123  2123 D SignalClusterView: updateMobileTypeImage  0
02-10 13:52:16.969 29333 29499 I CarrierServices: [6451] bwc.c: Connected state: [1], networkType: [WIFI]
02-10 13:52:16.970  2402  3430 D QCNEJ/WlanStaInfoRelay: Received action: android.net.wifi.RSSI_CHANGED
02-10 13:52:16.977  1621  2032 D LocationPolicy: checkUidLocationOp [uid = 1000, op = 1
02-10 13:52:16.981  2123  2123 D SignalClusterView: updateMobileTypeImage  0
02-10 13:52:16.982  2123  2123 I chatty  : uid=1000(system) com.android.systemui identical 1 line
02-10 13:52:16.984  2123  2123 D SignalClusterView: updateMobileTypeImage  0
02-10 13:52:16.989   757 16399 D         : 2.[lyd_hbm]updataHBMLightValue: dataLux = 2
02-10 13:52:16.995 29333 29496 I CarrierServices: [6450] cln.v: Rcs is enabled from user settings: true
02-10 13:52:17.098   757 16399 D         : 2.[lyd_hbm]updataHBMLightValue: dataLux = 2
02-10 13:52:17.211   757 16399 D         : 2.[lyd_hbm]updataHBMLightValue: dataLux = 2
02-10 13:52:17.228 17530 17552 I AudioManager: In isBluetoothScoOn(), calling application: com.huaqin.sarcontroller
02-10 13:52:17.229  1621  3764 I AS.AudioDeviceBroker: In isBluetoothScoOnForApp(), mForcedUseForCommExt: 0
02-10 13:52:17.230 17530 17552 I AudioManager: In isSpeakerphoneOn(), calling application: com.huaqin.sarcontroller
02-10 13:52:17.231  1621  3764 I AS.AudioDeviceBroker: In isSpeakerphoneOn(), mForcedUseForCommExt: 0
02-10 13:52:17.295   757  2090 D         : readbrightness,out:4095.
02-10 13:52:17.321   757 16399 D         : 2.[lyd_hbm]updataHBMLightValue: dataLux = 2
02-10 13:52:17.433   757 16399 D         : 2.[lyd_hbm]updataHBMLightValue: dataLux = 6
02-10 13:52:17.543   757 16399 D         : 2.[lyd_hbm]updataHBMLightValue: dataLux = 2
02-10 13:52:17.657   757 16399 D         : 2.[lyd_hbm]updataHBMLightValue: dataLux = 6
02-10 13:52:17.771   757 16399 D         : 2.[lyd_hbm]updataHBMLightValue: dataLux = 2
02-10 13:52:17.880   757 16399 D         : 2.[lyd_hbm]updataHBMLightValue: dataLux = 2
02-10 13:52:17.991   757 16399 D         : 2.[lyd_hbm]updataHBMLightValue: dataLux = 6
02-10 13:52:18.100   757 16399 I chatty  : uid=0(root) /system/bin/displayfeature identical 1 line
02-10 13:52:18.213   757 16399 D         : 2.[lyd_hbm]updataHBMLightValue: dataLux = 6
02-10 13:52:18.274 17530 17552 I AudioManager: In isBluetoothScoOn(), calling application: com.huaqin.sarcontroller
02-10 13:52:18.275  1621  3764 I AS.AudioDeviceBroker: In isBluetoothScoOnForApp(), mForcedUseForCommExt: 0
02-10 13:52:18.276 17530 17552 I AudioManager: In isSpeakerphoneOn(), calling application: com.huaqin.sarcontroller
02-10 13:52:18.278  1621  3764 I AS.AudioDeviceBroker: In isSpeakerphoneOn(), mForcedUseForCommExt: 0
02-10 13:52:18.297   757  2090 D         : readbrightness,out:4095.
02-10 13:52:18.323   757 16399 D         : 2.[lyd_hbm]updataHBMLightValue: dataLux = 6
02-10 13:52:18.542   757 16399 I chatty  : uid=0(root) /system/bin/displayfeature identical 2 lines
02-10 13:52:18.654   757 16399 D         : 2.[lyd_hbm]updataHBMLightValue: dataLux = 6
02-10 13:52:18.677  9116  9297 I WorkerManager: dispose()
02-10 13:52:18.678  9116  9297 W A       : Queue length for executor EventBus is now 11. Perhaps some tasks are too long, or the pool is too small.
02-10 13:52:18.770   757 16399 D         : 2.[lyd_hbm]updataHBMLightValue: dataLux = 2
02-10 13:52:18.991   757 16399 I chatty  : uid=0(root) /system/bin/displayfeature identical 2 lines
02-10 13:52:19.103   757 16399 D         : 2.[lyd_hbm]updataHBMLightValue: dataLux = 2
02-10 13:52:19.210   757 16399 D         : 2.[lyd_hbm]updataHBMLightValue: dataLux = 6
02-10 13:52:19.298   757  2090 D         : readbrightness,out:4095.
02-10 13:52:19.316 17530 17552 I AudioManager: In isBluetoothScoOn(), calling application: com.huaqin.sarcontroller
02-10 13:52:19.317  1621  3764 I AS.AudioDeviceBroker: In isBluetoothScoOnForApp(), mForcedUseForCommExt: 0
02-10 13:52:19.319 17530 17552 I AudioManager: In isSpeakerphoneOn(), calling application: com.huaqin.sarcontroller
02-10 13:52:19.320  1621  3764 I AS.AudioDeviceBroker: In isSpeakerphoneOn(), mForcedUseForCommExt: 0
02-10 13:52:19.321   757 16399 D         : 2.[lyd_hbm]updataHBMLightValue: dataLux = 6
02-10 13:52:19.773   757 16399 I chatty  : uid=0(root) /system/bin/displayfeature identical 4 lines
02-10 13:52:19.880   757 16399 D         : 2.[lyd_hbm]updataHBMLightValue: dataLux = 6
