02-10 13:52:55.454  1621  1831 D AutomaticBrightnessControllerInjector: updateSlideAnimationDuration: reason: manual, new duration: 850
02-10 13:52:55.541   757 16399 D         : 2.[lyd_hbm]updataHBMLightValue: dataLux = 2
02-10 13:52:55.567   875   942 W HWComposer: Ignoring duplicate VSYNC event from HWC for display 19260297137784961 (t=58666080199000)
02-10 13:52:55.585   875   942 W HWComposer: Ignoring duplicate VSYNC event from HWC for display 19260297137784961 (t=58666096851000)
02-10 13:52:55.600   875   942 W HWComposer: Ignoring duplicate VSYNC event from HWC for display 19260297137784961 (t=58666113047000)
02-10 13:52:55.618   875   942 W HWComposer: Ignoring duplicate VSYNC event from HWC for display 19260297137784961 (t=58666130205000)
02-10 13:52:55.634   875   942 W HWComposer: Ignoring duplicate VSYNC event from HWC for display 19260297137784961 (t=58666146857000)
02-10 13:52:55.651   875   942 W HWComposer: Ignoring duplicate VSYNC event from HWC for display 19260297137784961 (t=58666163416000)
02-10 13:52:55.661   757 16399 D         : 2.[lyd_hbm]updataHBMLightValue: dataLux = 2
02-10 13:52:55.667   875   942 W HWComposer: Ignoring duplicate VSYNC event from HWC for display 19260297137784961 (t=58666180241000)
02-10 13:52:55.668   875   942 W HWComposer: Ignoring duplicate VSYNC event from HWC for display 19260297137784961 (t=58666180241000)
02-10 13:52:55.684   875   942 W HWComposer: Ignoring duplicate VSYNC event from HWC for display 19260297137784961 (t=58666196883000)
02-10 13:52:55.701   875   942 W HWComposer: Ignoring duplicate VSYNC event from HWC for display 19260297137784961 (t=58666213191000)
02-10 13:52:55.718   875   942 W HWComposer: Ignoring duplicate VSYNC event from HWC for display 19260297137784961 (t=58666230234000)
02-10 13:52:55.727 17530 17552 I AudioManager: In isBluetoothScoOn(), calling application: com.huaqin.sarcontroller
02-10 13:52:55.728  1621  3749 I AS.AudioDeviceBroker: In isBluetoothScoOnForApp(), mForcedUseForCommExt: 0
02-10 13:52:55.728 17530 17552 I AudioManager: In isSpeakerphoneOn(), calling application: com.huaqin.sarcontroller
02-10 13:52:55.729  1621  3749 I AS.AudioDeviceBroker: In isSpeakerphoneOn(), mForcedUseForCommExt: 0
02-10 13:52:55.734   875   942 W HWComposer: Ignoring duplicate VSYNC event from HWC for display 19260297137784961 (t=58666246835000)
02-10 13:52:55.751   875   942 W HWComposer: Ignoring duplicate VSYNC event from HWC for display 19260297137784961 (t=58666263271000)
02-10 13:52:55.768   875   942 W HWComposer: Ignoring duplicate VSYNC event from HWC for display 19260297137784961 (t=58666280279000)
02-10 13:52:55.768   875   942 W HWComposer: Ignoring duplicate VSYNC event from HWC for display 19260297137784961 (t=58666280279000)
02-10 13:52:55.770   757 16399 D         : 2.[lyd_hbm]updataHBMLightValue: dataLux = 2
02-10 13:52:55.784   875   942 W HWComposer: Ignoring duplicate VSYNC event from HWC for display 19260297137784961 (t=58666296893000)
02-10 13:52:55.801   875   942 W HWComposer: Ignoring duplicate VSYNC event from HWC for display 19260297137784961 (t=58666313199000)
02-10 13:52:55.818   875   942 W HWComposer: Ignoring duplicate VSYNC event from HWC for display 19260297137784961 (t=58666330251000)
02-10 13:52:55.834   875   942 W HWComposer: Ignoring duplicate VSYNC event from HWC for display 19260297137784961 (t=58666346919000)
02-10 13:52:55.851   875   942 W HWComposer: Ignoring duplicate VSYNC event from HWC for display 19260297137784961 (t=58666363653000)
02-10 13:52:55.867   875   942 W HWComposer: Ignoring duplicate VSYNC event from HWC for display 19260297137784961 (t=58666380268000)
02-10 13:52:55.868   875   942 W HWComposer: Ignoring duplicate VSYNC event from HWC for display 19260297137784961 (t=58666380268000)
02-10 13:52:55.881   757 16399 D         : 2.[lyd_hbm]updataHBMLightValue: dataLux = 2
02-10 13:52:55.884   875   942 W HWComposer: Ignoring duplicate VSYNC event from HWC for display 19260297137784961 (t=58666396916000)
02-10 13:52:55.900   875   942 W HWComposer: Ignoring duplicate VSYNC event from HWC for display 19260297137784961 (t=58666413269000)
02-10 13:52:55.918   875   942 W HWComposer: Ignoring duplicate VSYNC event from HWC for display 19260297137784961 (t=58666430307000)
02-10 13:52:55.934   875   942 W HWComposer: Ignoring duplicate VSYNC event from HWC for display 19260297137784961 (t=58666446926000)
02-10 13:52:55.951   875   942 W HWComposer: Ignoring duplicate VSYNC event from HWC for display 19260297137784961 (t=58666463185000)
02-10 13:52:55.968   875   942 W HWComposer: Ignoring duplicate VSYNC event from HWC for display 19260297137784961 (t=58666480291000)
02-10 13:52:55.968   875   942 W HWComposer: Ignoring duplicate VSYNC event from HWC for display 19260297137784961 (t=58666480291000)
02-10 13:52:55.984   875   942 W HWComposer: Ignoring duplicate VSYNC event from HWC for display 19260297137784961 (t=58666496898000)
02-10 13:52:55.991   757 16399 D         : 2.[lyd_hbm]updataHBMLightValue: dataLux = 2
02-10 13:52:56.001   875   942 W HWComposer: Ignoring duplicate VSYNC event from HWC for display 19260297137784961 (t=58666513337000)
02-10 13:52:56.018   875   942 W HWComposer: Ignoring duplicate VSYNC event from HWC for display 19260297137784961 (t=58666530316000)
02-10 13:52:56.035   875   942 W HWComposer: Ignoring duplicate VSYNC event from HWC for display 19260297137784961 (t=58666546963000)
02-10 13:52:56.051   875   942 W HWComposer: Ignoring duplicate VSYNC event from HWC for display 19260297137784961 (t=58666563299000)
02-10 13:52:56.101   757 16399 D         : 2.[lyd_hbm]updataHBMLightValue: dataLux = 2
02-10 13:52:56.286  1621  1831 D DisplayPowerController: reset default autobrightness!
02-10 13:52:56.211   757 16399 I chatty  : uid=0(root) /system/bin/displayfeature identical 1 line
02-10 13:52:56.320   757 16399 D         : 2.[lyd_hbm]updataHBMLightValue: dataLux = 2
02-10 13:52:56.328   757  2090 D         : readbrightness,out:16.
02-10 13:52:56.328   757  2090 D         : doThreadWorkforBl,isLightMaxforHBM=false, 16 
02-10 13:52:56.328   757  2090 I         : doThreadWork working
02-10 13:52:56.354  1621  2032 D LocationPolicy: checkUidLocationOp [uid = 1000, op = 1
02-10 13:52:56.545  2123  2123 D KeyguardUpdateMonitor: received broadcast android.intent.action.BATTERY_CHANGED
02-10 13:52:56.546  2485  2485 D QtiCarrierConfigHelper: WARNING, no carrier configs on phone Id: 0
02-10 13:52:56.546  4323  4323 I BatteryInfoReceiver: ACTION_BATTERY_CHANGED
02-10 13:52:56.547  5965  6025 D PowerCheckerService: onBatteryChanged, mBatteryLevel = 100, status = 2, level = 100, plug = 2, scale = 100
02-10 13:52:56.767 17530 17552 I AudioManager: In isBluetoothScoOn(), calling application: com.huaqin.sarcontroller
02-10 13:52:56.768  1621  3749 I AS.AudioDeviceBroker: In isBluetoothScoOnForApp(), mForcedUseForCommExt: 0
02-10 13:52:56.769 17530 17552 I AudioManager: In isSpeakerphoneOn(), calling application: com.huaqin.sarcontroller
02-10 13:52:56.770  1621  3749 I AS.AudioDeviceBroker: In isSpeakerphoneOn(), mForcedUseForCommExt: 0
02-10 13:52:57.328   757  2090 D         : readbrightness,out:16.
02-10 13:52:57.808 17530 17552 I AudioManager: In isBluetoothScoOn(), calling application: com.huaqin.sarcontroller
02-10 13:52:57.809  1621  3749 I AS.AudioDeviceBroker: In isBluetoothScoOnForApp(), mForcedUseForCommExt: 0
02-10 13:52:57.810 17530 17552 I AudioManager: In isSpeakerphoneOn(), calling application: com.huaqin.sarcontroller
02-10 13:52:57.810  1621  3749 I AS.AudioDeviceBroker: In isSpeakerphoneOn(), mForcedUseForCommExt: 0
02-10 13:52:58.044  2123  2618 D MobileSignalController: onSignalStrengthsChanged: SignalStrength:{mCdma=CellSignalStrengthCdma: cdmaDbm=2147483647 cdmaEcio=2147483647 evdoDbm=2147483647 evdoEcio=2147483647 evdoSnr=2147483647 miuiLevel=0 level=0,mGsm=CellSignalStrengthGsm: rssi=2147483647 ber=2147483647 mTa=2147483647 miuiLevel=0 mLevel=0,mWcdma=CellSignalStrengthWcdma: ss=2147483647 ber=2147483647 rscp=2147483647 ecno=2147483647 miuiLevel=0 level=0,mTdscdma=CellSignalStrengthTdscdma: rssi=2147483647 ber=2147483647 rscp=2147483647 miuiLevel=0 level=0,mLte=CellSignalStrengthLte: rssi=-77 rsrp=-112 rsrq=-16 rssnr=100 cqi=2147483647 ta=2147483647 miuiLevel=2 level=2,mNr=CellSignalStrengthNr:{ csiRsrp = 2147483647 csiRsrq = 2147483647 csiSinr = 2147483647 ssRsrp = 2147483647 ssRsrq = 2147483647 ssSinr = 2147483647 miuiLevel = 0 level = 0 },primary=CellSignalStrengthLte}
02-10 13:52:58.044  2123  2618 D NetworkController.MobileSignalController(1): 4G level = 2
02-10 13:52:58.329   757  2090 D         : readbrightness,out:16.
02-10 13:52:58.847 17530 17552 I AudioManager: In isBluetoothScoOn(), calling application: com.huaqin.sarcontroller
02-10 13:52:58.848  1621  3749 I AS.AudioDeviceBroker: In isBluetoothScoOnForApp(), mForcedUseForCommExt: 0
02-10 13:52:58.849 17530 17552 I AudioManager: In isSpeakerphoneOn(), calling application: com.huaqin.sarcontroller
02-10 13:52:58.849  1621  3749 I AS.AudioDeviceBroker: In isSpeakerphoneOn(), mForcedUseForCommExt: 0
02-10 13:52:59.330   757  2090 D         : readbrightness,out:16.
02-10 13:52:59.388  2123  2123 D SignalClusterView: updateMobileTypeImage  0
02-10 13:52:59.406  2123  2123 I chatty  : uid=1000(system) com.android.systemui identical 4 lines
02-10 13:52:59.407  2123  2123 D SignalClusterView: updateMobileTypeImage  0
02-10 13:52:59.892 17530 17552 I AudioManager: In isBluetoothScoOn(), calling application: com.huaqin.sarcontroller
02-10 13:52:59.894  1621  4869 I AS.AudioDeviceBroker: In isBluetoothScoOnForApp(), mForcedUseForCommExt: 0
02-10 13:52:59.895 17530 17552 I AudioManager: In isSpeakerphoneOn(), calling application: com.huaqin.sarcontroller
02-10 13:52:59.895  1621  4869 I AS.AudioDeviceBroker: In isSpeakerphoneOn(), mForcedUseForCommExt: 0
02-10 13:53:00.003  2123  2123 D KeyguardUpdateMonitor: handleTimeUpdate
02-10 13:53:00.331   757  2090 D         : readbrightness,out:16.
02-10 13:53:00.927 17530 17552 I AudioManager: In isBluetoothScoOn(), calling application: com.huaqin.sarcontroller
02-10 13:53:00.929  1621  4869 I AS.AudioDeviceBroker: In isBluetoothScoOnForApp(), mForcedUseForCommExt: 0
02-10 13:53:00.929 17530 17552 I AudioManager: In isSpeakerphoneOn(), calling application: com.huaqin.sarcontroller
02-10 13:53:00.930  1621  4869 I AS.AudioDeviceBroker: In isSpeakerphoneOn(), mForcedUseForCommExt: 0
02-10 13:53:01.331   757  2090 D         : readbrightness,out:16.
02-10 13:53:01.967 17530 17552 I AudioManager: In isBluetoothScoOn(), calling application: com.huaqin.sarcontroller
02-10 13:53:01.968  1621  4869 I AS.AudioDeviceBroker: In isBluetoothScoOnForApp(), mForcedUseForCommExt: 0
02-10 13:53:01.970 17530 17552 I AudioManager: In isSpeakerphoneOn(), calling application: com.huaqin.sarcontroller
02-10 13:53:01.971  1621  4869 I AS.AudioDeviceBroker: In isSpeakerphoneOn(), mForcedUseForCommExt: 0
02-10 13:53:02.332   757  2090 D         : readbrightness,out:16.
02-10 13:53:03.012 17530 17552 I AudioManager: In isBluetoothScoOn(), calling application: com.huaqin.sarcontroller
02-10 13:53:03.013  1621  4869 I AS.AudioDeviceBroker: In isBluetoothScoOnForApp(), mForcedUseForCommExt: 0
02-10 13:53:03.013 17530 17552 I AudioManager: In isSpeakerphoneOn(), calling application: com.huaqin.sarcontroller
02-10 13:53:03.014  1621  4869 I AS.AudioDeviceBroker: In isSpeakerphoneOn(), mForcedUseForCommExt: 0
02-10 13:53:03.333   757  2090 D         : readbrightness,out:16.
02-10 13:53:04.047 17530 17552 I AudioManager: In isBluetoothScoOn(), calling application: com.huaqin.sarcontroller
02-10 13:53:04.048  1621  4869 I AS.AudioDeviceBroker: In isBluetoothScoOnForApp(), mForcedUseForCommExt: 0
02-10 13:53:04.050 17530 17552 I AudioManager: In isSpeakerphoneOn(), calling application: com.huaqin.sarcontroller
02-10 13:53:04.051  1621  4869 I AS.AudioDeviceBroker: In isSpeakerphoneOn(), mForcedUseForCommExt: 0
02-10 13:53:04.334   757  2090 D         : readbrightness,out:16.
02-10 13:53:05.087 17530 17552 I AudioManager: In isBluetoothScoOn(), calling application: com.huaqin.sarcontroller
02-10 13:53:05.088  1621  4869 I AS.AudioDeviceBroker: In isBluetoothScoOnForApp(), mForcedUseForCommExt: 0
02-10 13:53:05.089 17530 17552 I AudioManager: In isSpeakerphoneOn(), calling application: com.huaqin.sarcontroller
02-10 13:53:05.090  1621  4869 I AS.AudioDeviceBroker: In isSpeakerphoneOn(), mForcedUseForCommExt: 0
02-10 13:53:05.214  2123  2618 D MobileSignalController: onSignalStrengthsChanged: SignalStrength:{mCdma=CellSignalStrengthCdma: cdmaDbm=2147483647 cdmaEcio=2147483647 evdoDbm=2147483647 evdoEcio=2147483647 evdoSnr=2147483647 miuiLevel=0 level=0,mGsm=CellSignalStrengthGsm: rssi=2147483647 ber=2147483647 mTa=2147483647 miuiLevel=0 mLevel=0,mWcdma=CellSignalStrengthWcdma: ss=2147483647 ber=2147483647 rscp=2147483647 ecno=2147483647 miuiLevel=0 level=0,mTdscdma=CellSignalStrengthTdscdma: rssi=2147483647 ber=2147483647 rscp=2147483647 miuiLevel=0 level=0,mLte=CellSignalStrengthLte: rssi=-81 rsrp=-110 rsrq=-10 rssnr=114 cqi=2147483647 ta=2147483647 miuiLevel=3 level=2,mNr=CellSignalStrengthNr:{ csiRsrp = 2147483647 csiRsrq = 2147483647 csiSinr = 2147483647 ssRsrp = 2147483647 ssRsrq = 2147483647 ssSinr = 2147483647 miuiLevel = 0 level = 0 },primary=CellSignalStrengthLte}
02-10 13:53:05.214  2123  2618 D NetworkController.MobileSignalController(1): 4G level = 3
02-10 13:53:05.224  2123  2618 D MobileSignalController: updateDataType mSelectedDataTypeIcon[1]=2131232926, mSelectedDataActivityIndex=6
02-10 13:53:05.224  2123  2618 D TelephonyIcons: getSignalStrengthIcon: slot=1, inetCondition=1, level=3, roaming=false, signalstrength=SignalStrength:{mCdma=CellSignalStrengthCdma: cdmaDbm=2147483647 cdmaEcio=2147483647 evdoDbm=2147483647 evdoEcio=2147483647 evdoSnr=2147483647 miuiLevel=0 level=0,mGsm=CellSignalStrengthGsm: rssi=2147483647 ber=2147483647 mTa=2147483647 miuiLevel=0 mLevel=0,mWcdma=CellSignalStrengthWcdma: ss=2147483647 ber=2147483647 rscp=2147483647 ecno=2147483647 miuiLevel=0 level=0,mTdscdma=CellSignalStrengthTdscdma: rssi=2147483647 ber=2147483647 rscp=2147483647 miuiLevel=0 level=0,mLte=CellSignalStrengthLte: rssi=-81 rsrp=-110 rsrq=-10 rssnr=114 cqi=2147483647 ta=2147483647 miuiLevel=3 level=2,mNr=CellSignalStrengthNr:{ csiRsrp = 2147483647 csiRsrq = 2147483647 csiSinr = 2147483647 ssRsrp = 2147483647 ssRsrq = 2147483647 ssSinr = 2147483647 miuiLevel = 0 level = 0 },primary=CellSignalStrengthLte}
02-10 13:53:05.225  2123  2618 D TelephonyIcons: null signal icon name: drawable/stat_sys_signal_null
02-10 13:53:05.225  2123  2618 D TelephonyIcons: getDataTypeIcon sub=1
02-10 13:53:05.228  2123  2123 D SignalClusterView: updateMobileTypeImage  0
02-10 13:53:05.228  2123  2123 I chatty  : uid=1000(system) com.android.systemui identical 1 line
02-10 13:53:05.229  2123  2123 D SignalClusterView: updateMobileTypeImage  0
02-10 13:53:05.334   757  2090 D         : readbrightness,out:16.
02-10 13:53:06.127 17530 17552 I AudioManager: In isBluetoothScoOn(), calling application: com.huaqin.sarcontroller
02-10 13:53:06.128  1621  4869 I AS.AudioDeviceBroker: In isBluetoothScoOnForApp(), mForcedUseForCommExt: 0
02-10 13:53:06.129 17530 17552 I AudioManager: In isSpeakerphoneOn(), calling application: com.huaqin.sarcontroller
02-10 13:53:06.130  1621  4869 I AS.AudioDeviceBroker: In isSpeakerphoneOn(), mForcedUseForCommExt: 0
02-10 13:53:06.336   757  2090 D         : readbrightness,out:16.
02-10 13:53:07.167 17530 17552 I AudioManager: In isBluetoothScoOn(), calling application: com.huaqin.sarcontroller
02-10 13:53:07.168  1621  4869 I AS.AudioDeviceBroker: In isBluetoothScoOnForApp(), mForcedUseForCommExt: 0
02-10 13:53:07.169 17530 17552 I AudioManager: In isSpeakerphoneOn(), calling application: com.huaqin.sarcontroller
02-10 13:53:07.170  1621  4869 I AS.AudioDeviceBroker: In isSpeakerphoneOn(), mForcedUseForCommExt: 0
02-10 13:53:07.336   757  2090 D         : readbrightness,out:16.
02-10 13:53:08.207 17530 17552 I AudioManager: In isBluetoothScoOn(), calling application: com.huaqin.sarcontroller
02-10 13:53:08.208  1621  4869 I AS.AudioDeviceBroker: In isBluetoothScoOnForApp(), mForcedUseForCommExt: 0
02-10 13:53:08.210 17530 17552 I AudioManager: In isSpeakerphoneOn(), calling application: com.huaqin.sarcontroller
02-10 13:53:08.211  1621  4869 I AS.AudioDeviceBroker: In isSpeakerphoneOn(), mForcedUseForCommExt: 0
02-10 13:53:08.337   757  2090 D         : readbrightness,out:16.
02-10 13:53:08.493  2123  2123 D SignalClusterView: updateMobileTypeImage  0
02-10 13:53:08.507  2123  2123 I chatty  : uid=1000(system) com.android.systemui identical 4 lines
02-10 13:53:08.508  2123  2123 D SignalClusterView: updateMobileTypeImage  0
02-10 13:53:09.211  4485  4440 I FusedLocationProvider: onSetRequest
02-10 13:53:09.212  4485  4870 I AbsoluteLocationDispatcher: request type:0
02-10 13:53:09.247 17530 17552 I AudioManager: In isBluetoothScoOn(), calling application: com.huaqin.sarcontroller
02-10 13:53:09.248  1621  3769 I AS.AudioDeviceBroker: In isBluetoothScoOnForApp(), mForcedUseForCommExt: 0
02-10 13:53:09.249 17530 17552 I AudioManager: In isSpeakerphoneOn(), calling application: com.huaqin.sarcontroller
02-10 13:53:09.250  1621  3769 I AS.AudioDeviceBroker: In isSpeakerphoneOn(), mForcedUseForCommExt: 0
02-10 13:53:09.338   757  2090 D         : readbrightness,out:16.
02-10 13:53:10.233  2123  2618 D MobileSignalController: onSignalStrengthsChanged: SignalStrength:{mCdma=CellSignalStrengthCdma: cdmaDbm=2147483647 cdmaEcio=2147483647 evdoDbm=2147483647 evdoEcio=2147483647 evdoSnr=2147483647 miuiLevel=0 level=0,mGsm=CellSignalStrengthGsm: rssi=2147483647 ber=2147483647 mTa=2147483647 miuiLevel=0 mLevel=0,mWcdma=CellSignalStrengthWcdma: ss=2147483647 ber=2147483647 rscp=2147483647 ecno=2147483647 miuiLevel=0 level=0,mTdscdma=CellSignalStrengthTdscdma: rssi=2147483647 ber=2147483647 rscp=2147483647 miuiLevel=0 level=0,mLte=CellSignalStrengthLte: rssi=-75 rsrp=-112 rsrq=-18 rssnr=90 cqi=2147483647 ta=2147483647 miuiLevel=2 level=2,mNr=CellSignalStrengthNr:{ csiRsrp = 2147483647 csiRsrq = 2147483647 csiSinr = 2147483647 ssRsrp = 2147483647 ssRsrq = 2147483647 ssSinr = 2147483647 miuiLevel = 0 level = 0 },primary=CellSignalStrengthLte}
02-10 13:53:10.233  2123  2618 D NetworkController.MobileSignalController(1): 4G level = 2
02-10 13:53:10.243  2123  2618 D MobileSignalController: updateDataType mSelectedDataTypeIcon[1]=2131232926, mSelectedDataActivityIndex=6
02-10 13:53:10.243  2123  2618 D TelephonyIcons: getSignalStrengthIcon: slot=1, inetCondition=1, level=2, roaming=false, signalstrength=SignalStrength:{mCdma=CellSignalStrengthCdma: cdmaDbm=2147483647 cdmaEcio=2147483647 evdoDbm=2147483647 evdoEcio=2147483647 evdoSnr=2147483647 miuiLevel=0 level=0,mGsm=CellSignalStrengthGsm: rssi=2147483647 ber=2147483647 mTa=2147483647 miuiLevel=0 mLevel=0,mWcdma=CellSignalStrengthWcdma: ss=2147483647 ber=2147483647 rscp=2147483647 ecno=2147483647 miuiLevel=0 level=0,mTdscdma=CellSignalStrengthTdscdma: rssi=2147483647 ber=2147483647 rscp=2147483647 miuiLevel=0 level=0,mLte=CellSignalStrengthLte: rssi=-75 rsrp=-112 rsrq=-18 rssnr=90 cqi=2147483647 ta=2147483647 miuiLevel=2 level=2,mNr=CellSignalStrengthNr:{ csiRsrp = 2147483647 csiRsrq = 2147483647 csiSinr = 2147483647 ssRsrp = 2147483647 ssRsrq = 2147483647 ssSinr = 2147483647 miuiLevel = 0 level = 0 },primary=CellSignalStrengthLte}
02-10 13:53:10.244  2123  2618 D TelephonyIcons: null signal icon name: drawable/stat_sys_signal_null
02-10 13:53:10.244  2123  2618 D TelephonyIcons: getDataTypeIcon sub=1
02-10 13:53:10.245  2123  2123 D SignalClusterView: updateMobileTypeImage  0
02-10 13:53:10.246  2123  2123 I chatty  : uid=1000(system) com.android.systemui identical 1 line
02-10 13:53:10.246  2123  2123 D SignalClusterView: updateMobileTypeImage  0
02-10 13:53:10.287 17530 17552 I AudioManager: In isBluetoothScoOn(), calling application: com.huaqin.sarcontroller
02-10 13:53:10.288  1621  3769 I AS.AudioDeviceBroker: In isBluetoothScoOnForApp(), mForcedUseForCommExt: 0
02-10 13:53:10.288 17530 17552 I AudioManager: In isSpeakerphoneOn(), calling application: com.huaqin.sarcontroller
02-10 13:53:10.289  1621  3769 I AS.AudioDeviceBroker: In isSpeakerphoneOn(), mForcedUseForCommExt: 0
02-10 13:53:10.339   757  2090 D         : readbrightness,out:16.
02-10 13:53:11.327 17530 17552 I AudioManager: In isBluetoothScoOn(), calling application: com.huaqin.sarcontroller
02-10 13:53:11.328  1621  3769 I AS.AudioDeviceBroker: In isBluetoothScoOnForApp(), mForcedUseForCommExt: 0
02-10 13:53:11.330 17530 17552 I AudioManager: In isSpeakerphoneOn(), calling application: com.huaqin.sarcontroller
02-10 13:53:11.331  1621  3769 I AS.AudioDeviceBroker: In isSpeakerphoneOn(), mForcedUseForCommExt: 0
02-10 13:53:11.340   757  2090 D         : readbrightness,out:16.
02-10 13:53:11.524  2123  2123 D SignalClusterView: updateMobileTypeImage  0
02-10 13:53:11.537  2123  2123 I chatty  : uid=1000(system) com.android.systemui identical 4 lines
02-10 13:53:11.539  2123  2123 D SignalClusterView: updateMobileTypeImage  0
02-10 13:53:12.341   757  2090 D         : readbrightness,out:16.
02-10 13:53:12.367 17530 17552 I AudioManager: In isBluetoothScoOn(), calling application: com.huaqin.sarcontroller
02-10 13:53:12.368  1621  3769 I AS.AudioDeviceBroker: In isBluetoothScoOnForApp(), mForcedUseForCommExt: 0
02-10 13:53:12.369 17530 17552 I AudioManager: In isSpeakerphoneOn(), calling application: com.huaqin.sarcontroller
02-10 13:53:12.370  1621  3769 I AS.AudioDeviceBroker: In isSpeakerphoneOn(), mForcedUseForCommExt: 0
02-10 13:53:13.019  2123  2618 D MobileSignalController: onSignalStrengthsChanged: SignalStrength:{mCdma=CellSignalStrengthCdma: cdmaDbm=2147483647 cdmaEcio=2147483647 evdoDbm=2147483647 evdoEcio=2147483647 evdoSnr=2147483647 miuiLevel=0 level=0,mGsm=CellSignalStrengthGsm: rssi=2147483647 ber=2147483647 mTa=2147483647 miuiLevel=0 mLevel=0,mWcdma=CellSignalStrengthWcdma: ss=2147483647 ber=2147483647 rscp=2147483647 ecno=2147483647 miuiLevel=0 level=0,mTdscdma=CellSignalStrengthTdscdma: rssi=2147483647 ber=2147483647 rscp=2147483647 miuiLevel=0 level=0,mLte=CellSignalStrengthLte: rssi=-83 rsrp=-111 rsrq=-10 rssnr=116 cqi=2147483647 ta=2147483647 miuiLevel=2 level=2,mNr=CellSignalStrengthNr:{ csiRsrp = 2147483647 csiRsrq = 2147483647 csiSinr = 2147483647 ssRsrp = 2147483647 ssRsrq = 2147483647 ssSinr = 2147483647 miuiLevel = 0 level = 0 },primary=CellSignalStrengthLte}
02-10 13:53:13.019  2123  2618 D NetworkController.MobileSignalController(1): 4G level = 2
02-10 13:53:13.342   757  2090 D         : readbrightness,out:16.
02-10 13:53:13.407 17530 17552 I AudioManager: In isBluetoothScoOn(), calling application: com.huaqin.sarcontroller
02-10 13:53:13.408  1621  3769 I AS.AudioDeviceBroker: In isBluetoothScoOnForApp(), mForcedUseForCommExt: 0
02-10 13:53:13.410 17530 17552 I AudioManager: In isSpeakerphoneOn(), calling application: com.huaqin.sarcontroller
02-10 13:53:13.411  1621  3769 I AS.AudioDeviceBroker: In isSpeakerphoneOn(), mForcedUseForCommExt: 0
02-10 13:53:14.342   757  2090 D         : readbrightness,out:16.
02-10 13:53:14.448 17530 17552 I AudioManager: In isBluetoothScoOn(), calling application: com.huaqin.sarcontroller
02-10 13:53:14.449  1621  3769 I AS.AudioDeviceBroker: In isBluetoothScoOnForApp(), mForcedUseForCommExt: 0
02-10 13:53:14.450 17530 17552 I AudioManager: In isSpeakerphoneOn(), calling application: com.huaqin.sarcontroller
02-10 13:53:14.450  1621  3769 I AS.AudioDeviceBroker: In isSpeakerphoneOn(), mForcedUseForCommExt: 0
02-10 13:53:14.557  2123  2123 D SignalClusterView: updateMobileTypeImage  0
02-10 13:53:14.576  2123  2123 I chatty  : uid=1000(system) com.android.systemui identical 4 lines
02-10 13:53:14.577  2123  2123 D SignalClusterView: updateMobileTypeImage  0
02-10 13:53:14.967  1621  2030 I MiuiNetworkPolicy: updateUidState uid = 10210, uidState = 16
02-10 13:53:15.343   757  2090 D         : readbrightness,out:16.
02-10 13:53:15.487 17530 17552 I AudioManager: In isBluetoothScoOn(), calling application: com.huaqin.sarcontroller
02-10 13:53:15.488  1621  3769 I AS.AudioDeviceBroker: In isBluetoothScoOnForApp(), mForcedUseForCommExt: 0
02-10 13:53:15.490 17530 17552 I AudioManager: In isSpeakerphoneOn(), calling application: com.huaqin.sarcontroller
02-10 13:53:15.491  1621  3769 I AS.AudioDeviceBroker: In isSpeakerphoneOn(), mForcedUseForCommExt: 0
02-10 13:53:15.979  2123  2618 D MobileSignalController: onSignalStrengthsChanged: SignalStrength:{mCdma=CellSignalStrengthCdma: cdmaDbm=2147483647 cdmaEcio=2147483647 evdoDbm=2147483647 evdoEcio=2147483647 evdoSnr=2147483647 miuiLevel=0 level=0,mGsm=CellSignalStrengthGsm: rssi=2147483647 ber=2147483647 mTa=2147483647 miuiLevel=0 mLevel=0,mWcdma=CellSignalStrengthWcdma: ss=2147483647 ber=2147483647 rscp=2147483647 ecno=2147483647 miuiLevel=0 level=0,mTdscdma=CellSignalStrengthTdscdma: rssi=2147483647 ber=2147483647 rscp=2147483647 miuiLevel=0 level=0,mLte=CellSignalStrengthLte: rssi=-79 rsrp=-111 rsrq=-14 rssnr=106 cqi=2147483647 ta=2147483647 miuiLevel=2 level=2,mNr=CellSignalStrengthNr:{ csiRsrp = 2147483647 csiRsrq = 2147483647 csiSinr = 2147483647 ssRsrp = 2147483647 ssRsrq = 2147483647 ssSinr = 2147483647 miuiLevel = 0 level = 0 },primary=CellSignalStrengthLte}
02-10 13:53:15.979  2123  2618 D NetworkController.MobileSignalController(1): 4G level = 2
02-10 13:53:16.344   757  2090 D         : readbrightness,out:16.
02-10 13:53:16.527 17530 17552 I AudioManager: In isBluetoothScoOn(), calling application: com.huaqin.sarcontroller
02-10 13:53:16.528  1621  3769 I AS.AudioDeviceBroker: In isBluetoothScoOnForApp(), mForcedUseForCommExt: 0
02-10 13:53:16.530 17530 17552 I AudioManager: In isSpeakerphoneOn(), calling application: com.huaqin.sarcontroller
02-10 13:53:16.531  1621  3769 I AS.AudioDeviceBroker: In isSpeakerphoneOn(), mForcedUseForCommExt: 0
02-10 13:53:16.927  1621  2030 D MiuiNetworkPolicy: updateLimit mLimitEnabled=true,enabled=false,mNetworkPriorityMode=255
02-10 13:53:16.927   642 15097 D OemNetd : setLimit: disable, rate=0
02-10 13:53:17.344   757  2090 D         : readbrightness,out:16.
02-10 13:53:17.567 17530 17552 I AudioManager: In isBluetoothScoOn(), calling application: com.huaqin.sarcontroller
02-10 13:53:17.569  1621  3769 I AS.AudioDeviceBroker: In isBluetoothScoOnForApp(), mForcedUseForCommExt: 0
02-10 13:53:17.570 17530 17552 I AudioManager: In isSpeakerphoneOn(), calling application: com.huaqin.sarcontroller
02-10 13:53:17.570  1621  3769 I AS.AudioDeviceBroker: In isSpeakerphoneOn(), mForcedUseForCommExt: 0
02-10 13:53:17.591  2123  2123 D SignalClusterView: updateMobileTypeImage  0
02-10 13:53:17.611  2123  2123 I chatty  : uid=1000(system) com.android.systemui identical 4 lines
02-10 13:53:17.612  2123  2123 D SignalClusterView: updateMobileTypeImage  0
02-10 13:53:18.218  2123  2618 D MobileSignalController: onSignalStrengthsChanged: SignalStrength:{mCdma=CellSignalStrengthCdma: cdmaDbm=2147483647 cdmaEcio=2147483647 evdoDbm=2147483647 evdoEcio=2147483647 evdoSnr=2147483647 miuiLevel=0 level=0,mGsm=CellSignalStrengthGsm: rssi=2147483647 ber=2147483647 mTa=2147483647 miuiLevel=0 mLevel=0,mWcdma=CellSignalStrengthWcdma: ss=2147483647 ber=2147483647 rscp=2147483647 ecno=2147483647 miuiLevel=0 level=0,mTdscdma=CellSignalStrengthTdscdma: rssi=2147483647 ber=2147483647 rscp=2147483647 miuiLevel=0 level=0,mLte=CellSignalStrengthLte: rssi=-77 rsrp=-111 rsrq=-16 rssnr=112 cqi=2147483647 ta=2147483647 miuiLevel=2 level=2,mNr=CellSignalStrengthNr:{ csiRsrp = 2147483647 csiRsrq = 2147483647 csiSinr = 2147483647 ssRsrp = 2147483647 ssRsrq = 2147483647 ssSinr = 2147483647 miuiLevel = 0 level = 0 },primary=CellSignalStrengthLte}
02-10 13:53:18.218  2123  2618 D NetworkController.MobileSignalController(1): 4G level = 2
02-10 13:53:18.346   757  2090 D         : readbrightness,out:16.
02-10 13:53:18.607 17530 17552 I AudioManager: In isBluetoothScoOn(), calling application: com.huaqin.sarcontroller
02-10 13:53:18.608  1621  3769 I AS.AudioDeviceBroker: In isBluetoothScoOnForApp(), mForcedUseForCommExt: 0
02-10 13:53:18.610 17530 17552 I AudioManager: In isSpeakerphoneOn(), calling application: com.huaqin.sarcontroller
02-10 13:53:18.611  1621  3769 I AS.AudioDeviceBroker: In isSpeakerphoneOn(), mForcedUseForCommExt: 0
02-10 13:53:19.347   757  2090 D         : readbrightness,out:16.
02-10 13:53:19.382   805  2143 I /vendor/bin/hw/vendor.qti.hardware.servicetracker@1.1-service: unbindService is called for service : com.google.android.gms/.chimera.PersistentApiService and for client com.google.android.googlequicksearchbox:search
02-10 13:53:19.382   805  2143 I /vendor/bin/hw/vendor.qti.hardware.servicetracker@1.1-service: size of service connections for service: com.google.android.gms/.chimera.PersistentApiServiceafter removal is 11
02-10 13:53:19.382   805  2143 I /vendor/bin/hw/vendor.qti.hardware.servicetracker@1.1-service: size of client connections for client: com.google.android.googlequicksearchbox:searchafter removal is 2
02-10 13:53:19.384  1621  2030 I MiuiNetworkPolicy: updateUidState uid = 10210, uidState = 20
02-10 13:53:19.384  1621  2030 I MiuiNetworkPolicy: updateUidState uid = 10191, uidState = 6
02-10 13:53:19.633  2123  2123 D KeyguardUpdateMonitor: received broadcast android.intent.action.BATTERY_CHANGED
02-10 13:53:19.634  4323  4323 I BatteryInfoReceiver: ACTION_BATTERY_CHANGED
02-10 13:53:19.634  5965  6025 D PowerCheckerService: onBatteryChanged, mBatteryLevel = 100, status = 2, level = 100, plug = 2, scale = 100
02-10 13:53:19.635  2485  2485 D QtiCarrierConfigHelper: WARNING, no carrier configs on phone Id: 0
02-10 13:53:19.647 17530 17552 I AudioManager: In isBluetoothScoOn(), calling application: com.huaqin.sarcontroller
02-10 13:53:19.648  1621  4869 I AS.AudioDeviceBroker: In isBluetoothScoOnForApp(), mForcedUseForCommExt: 0
02-10 13:53:19.648 17530 17552 I AudioManager: In isSpeakerphoneOn(), calling application: com.huaqin.sarcontroller
02-10 13:53:19.649  1621  4869 I AS.AudioDeviceBroker: In isSpeakerphoneOn(), mForcedUseForCommExt: 0
02-10 13:53:20.348   757  2090 D         : readbrightness,out:16.
02-10 13:53:20.661 29647  8032 E memtrack: Couldn't load memtrack module
02-10 13:53:20.661 29647  8032 W android.os.Debug: failed to get memory consumption info: -1
02-10 13:53:20.687 17530 17552 I AudioManager: In isBluetoothScoOn(), calling application: com.huaqin.sarcontroller
02-10 13:53:20.688  1621  4869 I AS.AudioDeviceBroker: In isBluetoothScoOnForApp(), mForcedUseForCommExt: 0
02-10 13:53:20.689 17530 17552 I AudioManager: In isSpeakerphoneOn(), calling application: com.huaqin.sarcontroller
02-10 13:53:20.690  1621  4869 I AS.AudioDeviceBroker: In isSpeakerphoneOn(), mForcedUseForCommExt: 0
02-10 13:53:21.348   757  2090 D         : readbrightness,out:16.
02-10 13:53:21.727 17530 17552 I AudioManager: In isBluetoothScoOn(), calling application: com.huaqin.sarcontroller
02-10 13:53:21.728  1621  4869 I AS.AudioDeviceBroker: In isBluetoothScoOnForApp(), mForcedUseForCommExt: 0
02-10 13:53:21.729 17530 17552 I AudioManager: In isSpeakerphoneOn(), calling application: com.huaqin.sarcontroller
02-10 13:53:21.729  1621  4869 I AS.AudioDeviceBroker: In isSpeakerphoneOn(), mForcedUseForCommExt: 0
02-10 13:53:21.930  1621  2030 D MiuiNetworkPolicy: updateLimit mLimitEnabled=false,enabled=true,mNetworkPriorityMode=255
02-10 13:53:21.931   642 15097 D OemNetd : setLimit: enable, rate=0
02-10 13:53:22.349   757  2090 D         : readbrightness,out:16.
02-10 13:53:22.767 17530 17552 I AudioManager: In isBluetoothScoOn(), calling application: com.huaqin.sarcontroller
02-10 13:53:22.768  1621  4869 I AS.AudioDeviceBroker: In isBluetoothScoOnForApp(), mForcedUseForCommExt: 0
02-10 13:53:22.770 17530 17552 I AudioManager: In isSpeakerphoneOn(), calling application: com.huaqin.sarcontroller
02-10 13:53:22.771  1621  4869 I AS.AudioDeviceBroker: In isSpeakerphoneOn(), mForcedUseForCommExt: 0
02-10 13:53:23.036  2123  2618 D MobileSignalController: onSignalStrengthsChanged: SignalStrength:{mCdma=CellSignalStrengthCdma: cdmaDbm=2147483647 cdmaEcio=2147483647 evdoDbm=2147483647 evdoEcio=2147483647 evdoSnr=2147483647 miuiLevel=0 level=0,mGsm=CellSignalStrengthGsm: rssi=2147483647 ber=2147483647 mTa=2147483647 miuiLevel=0 mLevel=0,mWcdma=CellSignalStrengthWcdma: ss=2147483647 ber=2147483647 rscp=2147483647 ecno=2147483647 miuiLevel=0 level=0,mTdscdma=CellSignalStrengthTdscdma: rssi=2147483647 ber=2147483647 rscp=2147483647 miuiLevel=0 level=0,mLte=CellSignalStrengthLte: rssi=-83 rsrp=-111 rsrq=-9 rssnr=124 cqi=2147483647 ta=2147483647 miuiLevel=2 level=2,mNr=CellSignalStrengthNr:{ csiRsrp = 2147483647 csiRsrq = 2147483647 csiSinr = 2147483647 ssRsrp = 2147483647 ssRsrq = 2147483647 ssSinr = 2147483647 miuiLevel = 0 level = 0 },primary=CellSignalStrengthLte}
02-10 13:53:23.036  2123  2618 D NetworkController.MobileSignalController(1): 4G level = 2
02-10 13:53:23.350   757  2090 D         : readbrightness,out:16.
02-10 13:53:23.650  2123  2123 D SignalClusterView: updateMobileTypeImage  0
02-10 13:53:23.661  2123  2123 I chatty  : uid=1000(system) com.android.systemui identical 4 lines
02-10 13:53:23.662  2123  2123 D SignalClusterView: updateMobileTypeImage  0
02-10 13:53:23.807 17530 17552 I AudioManager: In isBluetoothScoOn(), calling application: com.huaqin.sarcontroller
02-10 13:53:23.808  1621  4869 I AS.AudioDeviceBroker: In isBluetoothScoOnForApp(), mForcedUseForCommExt: 0
02-10 13:53:23.808 17530 17552 I AudioManager: In isSpeakerphoneOn(), calling application: com.huaqin.sarcontroller
02-10 13:53:23.809  1621  4869 I AS.AudioDeviceBroker: In isSpeakerphoneOn(), mForcedUseForCommExt: 0
02-10 13:53:24.350   757  2090 D         : readbrightness,out:16.
02-10 13:53:24.817 17530 17552 I AudioManager: In isBluetoothScoOn(), calling application: com.huaqin.sarcontroller
02-10 13:53:24.818  1621  4869 I AS.AudioDeviceBroker: In isBluetoothScoOnForApp(), mForcedUseForCommExt: 0
02-10 13:53:24.819 17530 17552 I AudioManager: In isSpeakerphoneOn(), calling application: com.huaqin.sarcontroller
02-10 13:53:24.820  1621  4869 I AS.AudioDeviceBroker: In isSpeakerphoneOn(), mForcedUseForCommExt: 0
02-10 13:53:25.351   757  2090 D         : readbrightness,out:16.
02-10 13:53:25.865 17530 17552 I AudioManager: In isBluetoothScoOn(), calling application: com.huaqin.sarcontroller
02-10 13:53:25.866  1621  4869 I AS.AudioDeviceBroker: In isBluetoothScoOnForApp(), mForcedUseForCommExt: 0
02-10 13:53:25.868 17530 17552 I AudioManager: In isSpeakerphoneOn(), calling application: com.huaqin.sarcontroller
02-10 13:53:25.869  1621  4869 I AS.AudioDeviceBroker: In isSpeakerphoneOn(), mForcedUseForCommExt: 0
02-10 13:53:26.210  2123  2618 D MobileSignalController: onSignalStrengthsChanged: SignalStrength:{mCdma=CellSignalStrengthCdma: cdmaDbm=2147483647 cdmaEcio=2147483647 evdoDbm=2147483647 evdoEcio=2147483647 evdoSnr=2147483647 miuiLevel=0 level=0,mGsm=CellSignalStrengthGsm: rssi=2147483647 ber=2147483647 mTa=2147483647 miuiLevel=0 mLevel=0,mWcdma=CellSignalStrengthWcdma: ss=2147483647 ber=2147483647 rscp=2147483647 ecno=2147483647 miuiLevel=0 level=0,mTdscdma=CellSignalStrengthTdscdma: rssi=2147483647 ber=2147483647 rscp=2147483647 miuiLevel=0 level=0,mLte=CellSignalStrengthLte: rssi=-73 rsrp=-109 rsrq=-17 rssnr=148 cqi=2147483647 ta=2147483647 miuiLevel=3 level=2,mNr=CellSignalStrengthNr:{ csiRsrp = 2147483647 csiRsrq = 2147483647 csiSinr = 2147483647 ssRsrp = 2147483647 ssRsrq = 2147483647 ssSinr = 2147483647 miuiLevel = 0 level = 0 },primary=CellSignalStrengthLte}
02-10 13:53:26.211  2123  2618 D NetworkController.MobileSignalController(1): 4G level = 3
02-10 13:53:26.219  2123  2618 D MobileSignalController: updateDataType mSelectedDataTypeIcon[1]=2131232926, mSelectedDataActivityIndex=6
02-10 13:53:26.219  2123  2618 D TelephonyIcons: getSignalStrengthIcon: slot=1, inetCondition=1, level=3, roaming=false, signalstrength=SignalStrength:{mCdma=CellSignalStrengthCdma: cdmaDbm=2147483647 cdmaEcio=2147483647 evdoDbm=2147483647 evdoEcio=2147483647 evdoSnr=2147483647 miuiLevel=0 level=0,mGsm=CellSignalStrengthGsm: rssi=2147483647 ber=2147483647 mTa=2147483647 miuiLevel=0 mLevel=0,mWcdma=CellSignalStrengthWcdma: ss=2147483647 ber=2147483647 rscp=2147483647 ecno=2147483647 miuiLevel=0 level=0,mTdscdma=CellSignalStrengthTdscdma: rssi=2147483647 ber=2147483647 rscp=2147483647 miuiLevel=0 level=0,mLte=CellSignalStrengthLte: rssi=-73 rsrp=-109 rsrq=-17 rssnr=148 cqi=2147483647 ta=2147483647 miuiLevel=3 level=2,mNr=CellSignalStrengthNr:{ csiRsrp = 2147483647 csiRsrq = 2147483647 csiSinr = 2147483647 ssRsrp = 2147483647 ssRsrq = 2147483647 ssSinr = 2147483647 miuiLevel = 0 level = 0 },primary=CellSignalStrengthLte}
02-10 13:53:26.220  2123  2618 D TelephonyIcons: null signal icon name: drawable/stat_sys_signal_null
02-10 13:53:26.220  2123  2618 D TelephonyIcons: getDataTypeIcon sub=1
02-10 13:53:26.221  2123  2123 D SignalClusterView: updateMobileTypeImage  0
02-10 13:53:26.222  2123  2123 I chatty  : uid=1000(system) com.android.systemui identical 1 line
02-10 13:53:26.222  2123  2123 D SignalClusterView: updateMobileTypeImage  0
02-10 13:53:26.352   757  2090 D         : readbrightness,out:16.
02-10 13:53:26.683  2123  2123 D SignalClusterView: updateMobileTypeImage  0
02-10 13:53:26.695  2123  2123 I chatty  : uid=1000(system) com.android.systemui identical 4 lines
02-10 13:53:26.696  2123  2123 D SignalClusterView: updateMobileTypeImage  0
02-10 13:53:26.883 17530 17552 I AudioManager: In isBluetoothScoOn(), calling application: com.huaqin.sarcontroller
02-10 13:53:26.884  1621  4869 I AS.AudioDeviceBroker: In isBluetoothScoOnForApp(), mForcedUseForCommExt: 0
02-10 13:53:26.885 17530 17552 I AudioManager: In isSpeakerphoneOn(), calling application: com.huaqin.sarcontroller
02-10 13:53:26.886  1621  4869 I AS.AudioDeviceBroker: In isSpeakerphoneOn(), mForcedUseForCommExt: 0
